2026-07-10 01:07:07,547 - ExecutionerSection - INFO - Launching Executioner on http://0.0.0.0:8081
2026-07-10 01:07:09,933 - auth - WARNING - Using default 'dev_key' for API authentication. Set FOREXAI_API_KEY in .env for production.
2026-07-10 01:07:25,972 - API - INFO - >>> CORE: AI Cluster Initializing...
2026-07-10 01:07:26,356 - LiveEngine - INFO - >>> EXECUTIONER: Launching 10-Pair AI Portfolio tracks...
2026-07-10 01:07:26,397 - DecisionEngine - INFO - Loaded Regime Classifier version v1.0.20260706_022141
2026-07-10 01:07:26,401 - DecisionEngine - INFO - Loaded Strategy Selector version v1.0.20260706_022155
2026-07-10 01:07:26,403 - API - INFO - >>> ENGINE: Intelligence Decision Grid ONLINE.
2026-07-10 01:07:26,406 - SentimentAggregator - INFO - Sentiment Aggregator operational. Loop interval: 600s
2026-07-10 01:07:26,535 - LiveEngine - INFO - --- Starting Multi-Timeframe AI Cycle (10-Pair Parallel) ---
2026-07-10 01:07:27,982 - SentimentAggregator - INFO - Sentiment aggregation matrix updated.
2026-07-10 01:08:28,125 - PriceDownloader - INFO - Resampling XAUUSD from 2026-06-19 02:08:28 (Window: 500h)...
2026-07-10 01:08:28,224 - PriceDownloader - INFO -       [DONE] XAUUSD institutional resample finished.
2026-07-10 01:08:28,224 - PriceDownloader - INFO - Resampling USDCHF from 2026-06-19 02:08:28 (Window: 500h)...
2026-07-10 01:08:28,235 - PriceDownloader - INFO -       [DONE] USDCHF institutional resample finished.
2026-07-10 01:08:28,238 - PriceDownloader - INFO - Resampling EURUSD from 2026-06-19 02:08:28 (Window: 500h)...
2026-07-10 01:08:28,248 - PriceDownloader - INFO -       [DONE] EURUSD institutional resample finished.
2026-07-10 01:08:28,248 - PriceDownloader - INFO - Resampling BTCUSD from 2026-06-19 02:08:28 (Window: 500h)...
2026-07-10 01:08:28,257 - PriceDownloader - INFO -       [DONE] BTCUSD institutional resample finished.
2026-07-10 01:08:28,260 - PriceDownloader - INFO - Resampling USDJPY from 2026-06-19 02:08:28 (Window: 500h)...
2026-07-10 01:08:28,270 - PriceDownloader - INFO -       [DONE] USDJPY institutional resample finished.
2026-07-10 01:08:28,874 - PriceDownloader - INFO - Resampling NZDUSD from 2026-06-19 02:08:28 (Window: 500h)...
2026-07-10 01:08:28,883 - PriceDownloader - INFO -       [DONE] NZDUSD institutional resample finished.
2026-07-10 01:08:28,883 - PriceDownloader - INFO - Resampling BTCEUR from 2026-06-19 02:08:28 (Window: 500h)...
2026-07-10 01:08:28,892 - PriceDownloader - INFO -       [DONE] BTCEUR institutional resample finished.
2026-07-10 01:08:28,893 - PriceDownloader - INFO - Resampling GBPUSD from 2026-06-19 02:08:28 (Window: 500h)...
2026-07-10 01:08:28,902 - PriceDownloader - INFO -       [DONE] GBPUSD institutional resample finished.
2026-07-10 01:08:28,902 - PriceDownloader - INFO - Resampling AUDUSD from 2026-06-19 02:08:28 (Window: 500h)...
2026-07-10 01:08:28,911 - PriceDownloader - INFO -       [DONE] AUDUSD institutional resample finished.
2026-07-10 01:08:28,913 - PriceDownloader - INFO - Resampling USDCAD from 2026-06-19 02:08:28 (Window: 500h)...
2026-07-10 01:08:28,922 - PriceDownloader - INFO -       [DONE] USDCAD institutional resample finished.
2026-07-10 01:08:29,278 - AnomalyDetector - INFO - Building anomaly profile for BTCUSD...
2026-07-10 01:08:29,430 - DecisionEngine - INFO - HOLD_DECISION | pair=BTCUSD | raw_action=HOLD | final_conf=0.1501 | min_conf=0.70 | validation_passed=False | failed_checks=['Signal action is HOLD.'] | raw_reason=No clear high-probability setup identified. | lot_size=0.0 | atr=0.000000 | spread_pips=0.0000 | rr=0.0000
2026-07-10 01:08:29,758 - AnomalyDetector - INFO - Building anomaly profile for BTCEUR...
2026-07-10 01:08:29,852 - DecisionEngine - INFO - HOLD_DECISION | pair=BTCEUR | raw_action=HOLD | final_conf=0.1477 | min_conf=0.70 | validation_passed=False | failed_checks=['Signal action is HOLD.'] | raw_reason=No clear high-probability setup identified. | lot_size=0.0 | atr=0.000000 | spread_pips=0.0000 | rr=0.0000
2026-07-10 01:08:30,033 - AnomalyDetector - INFO - Building anomaly profile for XAUUSD...
2026-07-10 01:08:30,131 - DecisionEngine - INFO - HOLD_DECISION | pair=XAUUSD | raw_action=HOLD | final_conf=0.1576 | min_conf=0.70 | validation_passed=False | failed_checks=['Signal action is HOLD.'] | raw_reason=No clear high-probability setup identified. | lot_size=0.0 | atr=0.000000 | spread_pips=0.0000 | rr=0.0000
2026-07-10 01:08:30,227 - AnomalyDetector - INFO - Building anomaly profile for USDCHF...
2026-07-10 01:08:30,265 - AnomalyDetector - INFO - Building anomaly profile for EURUSD...
2026-07-10 01:08:30,325 - AnomalyDetector - INFO - Building anomaly profile for USDJPY...
2026-07-10 01:08:30,345 - DecisionEngine - INFO - HOLD_DECISION | pair=USDCHF | raw_action=HOLD | final_conf=0.1856 | min_conf=0.70 | validation_passed=False | failed_checks=['Signal action is HOLD.'] | raw_reason=No clear high-probability setup identified. | lot_size=0.0 | atr=0.000000 | spread_pips=0.0000 | rr=0.0000
2026-07-10 01:08:30,436 - DecisionEngine - INFO - HOLD_DECISION | pair=USDJPY | raw_action=HOLD | final_conf=0.2011 | min_conf=0.70 | validation_passed=False | failed_checks=['Signal action is HOLD.'] | raw_reason=No clear high-probability setup identified. | lot_size=0.0 | atr=0.000000 | spread_pips=0.0000 | rr=0.0000
2026-07-10 01:08:30,522 - AnomalyDetector - INFO - Building anomaly profile for USDCAD...
2026-07-10 01:08:30,523 - AnomalyDetector - INFO - Building anomaly profile for NZDUSD...
2026-07-10 01:08:30,540 - AnomalyDetector - INFO - Building anomaly profile for AUDUSD...
2026-07-10 01:08:30,550 - AnomalyDetector - INFO - Building anomaly profile for GBPUSD...
2026-07-10 01:08:30,703 - DecisionEngine - INFO - HOLD_DECISION | pair=NZDUSD | raw_action=HOLD | final_conf=0.1663 | min_conf=0.70 | validation_passed=False | failed_checks=['Signal action is HOLD.'] | raw_reason=No clear high-probability setup identified. | lot_size=0.0 | atr=0.000000 | spread_pips=0.0000 | rr=0.0000
2026-07-10 01:08:30,705 - DecisionEngine - INFO - HOLD_DECISION | pair=USDCAD | raw_action=HOLD | final_conf=0.2014 | min_conf=0.70 | validation_passed=False | failed_checks=['Signal action is HOLD.'] | raw_reason=No clear high-probability setup identified. | lot_size=0.0 | atr=0.000000 | spread_pips=0.0000 | rr=0.0000
2026-07-10 01:08:30,713 - DecisionEngine - INFO - HOLD_DECISION | pair=AUDUSD | raw_action=HOLD | final_conf=0.1578 | min_conf=0.70 | validation_passed=False | failed_checks=['Signal action is HOLD.'] | raw_reason=No clear high-probability setup identified. | lot_size=0.0 | atr=0.000000 | spread_pips=0.0000 | rr=0.0000
2026-07-10 01:08:30,714 - DecisionEngine - INFO - HOLD_DECISION | pair=GBPUSD | raw_action=HOLD | final_conf=0.1562 | min_conf=0.70 | validation_passed=False | failed_checks=['Signal action is HOLD.'] | raw_reason=No clear high-probability setup identified. | lot_size=0.0 | atr=0.000000 | spread_pips=0.0000 | rr=0.0000
2026-07-10 01:08:30,760 - DecisionEngine - INFO - HOLD_DECISION | pair=EURUSD | raw_action=HOLD | final_conf=0.1799 | min_conf=0.70 | validation_passed=False | failed_checks=['Signal action is HOLD.'] | raw_reason=No clear high-probability setup identified. | lot_size=0.0 | atr=0.000000 | spread_pips=0.0000 | rr=0.0000
2026-07-10 01:09:11,809 - PriceDownloader - INFO - Resampling USDCHF from 2026-06-19 02:09:11 (Window: 500h)...
2026-07-10 01:09:11,820 - PriceDownloader - INFO -       [DONE] USDCHF institutional resample finished.
2026-07-10 01:09:12,126 - DecisionEngine - INFO - HOLD_DECISION | pair=USDCHF | raw_action=HOLD | final_conf=0.1856 | min_conf=0.70 | validation_passed=False | failed_checks=['Signal action is HOLD.'] | raw_reason=No clear high-probability setup identified. | lot_size=0.0 | atr=0.000000 | spread_pips=0.0000 | rr=0.0000
2026-07-10 01:09:12,867 - PriceDownloader - INFO - Resampling GBPUSD from 2026-06-19 02:09:12 (Window: 500h)...
2026-07-10 01:09:12,878 - PriceDownloader - INFO -       [DONE] GBPUSD institutional resample finished.
2026-07-10 01:09:13,205 - DecisionEngine - INFO - HOLD_DECISION | pair=GBPUSD | raw_action=HOLD | final_conf=0.1562 | min_conf=0.70 | validation_passed=False | failed_checks=['Signal action is HOLD.'] | raw_reason=No clear high-probability setup identified. | lot_size=0.0 | atr=0.000000 | spread_pips=0.0000 | rr=0.0000
2026-07-10 01:09:13,353 - PriceDownloader - INFO - Resampling USDJPY from 2026-06-19 02:09:13 (Window: 500h)...
2026-07-10 01:09:13,362 - PriceDownloader - INFO -       [DONE] USDJPY institutional resample finished.
2026-07-10 01:09:14,098 - DecisionEngine - INFO - HOLD_DECISION | pair=USDJPY | raw_action=HOLD | final_conf=0.2011 | min_conf=0.70 | validation_passed=False | failed_checks=['Signal action is HOLD.'] | raw_reason=No clear high-probability setup identified. | lot_size=0.0 | atr=0.000000 | spread_pips=0.0000 | rr=0.0000
2026-07-10 01:09:15,066 - PriceDownloader - INFO - Resampling EURUSD from 2026-06-19 02:09:15 (Window: 500h)...
2026-07-10 01:09:15,079 - PriceDownloader - INFO -       [DONE] EURUSD institutional resample finished.
2026-07-10 01:09:15,348 - DecisionEngine - INFO - HOLD_DECISION | pair=EURUSD | raw_action=HOLD | final_conf=0.1799 | min_conf=0.70 | validation_passed=False | failed_checks=['Signal action is HOLD.'] | raw_reason=No clear high-probability setup identified. | lot_size=0.0 | atr=0.000000 | spread_pips=0.0000 | rr=0.0000
2026-07-10 01:09:22,552 - PriceDownloader - INFO - Resampling NZDUSD from 2026-06-19 02:09:22 (Window: 500h)...
2026-07-10 01:09:22,564 - PriceDownloader - INFO -       [DONE] NZDUSD institutional resample finished.
2026-07-10 01:09:22,631 - PriceDownloader - INFO - Resampling BTCEUR from 2026-06-19 02:09:22 (Window: 500h)...
2026-07-10 01:09:22,640 - PriceDownloader - INFO -       [DONE] BTCEUR institutional resample finished.
2026-07-10 01:09:24,108 - PriceDownloader - INFO - Resampling USDCHF from 2026-06-19 02:09:24 (Window: 500h)...
2026-07-10 01:09:24,116 - PriceDownloader - INFO -       [DONE] USDCHF institutional resample finished.
2026-07-10 01:09:24,226 - DecisionEngine - INFO - HOLD_DECISION | pair=NZDUSD | raw_action=HOLD | final_conf=0.1663 | min_conf=0.70 | validation_passed=False | failed_checks=['Signal action is HOLD.'] | raw_reason=No clear high-probability setup identified. | lot_size=0.0 | atr=0.000000 | spread_pips=0.0000 | rr=0.0000
2026-07-10 01:09:24,340 - DecisionEngine - INFO - HOLD_DECISION | pair=BTCEUR | raw_action=HOLD | final_conf=0.1477 | min_conf=0.70 | validation_passed=False | failed_checks=['Signal action is HOLD.'] | raw_reason=No clear high-probability setup identified. | lot_size=0.0 | atr=0.000000 | spread_pips=0.0000 | rr=0.0000
2026-07-10 01:09:24,922 - PriceDownloader - INFO - Resampling BTCUSD from 2026-06-19 02:09:24 (Window: 500h)...
2026-07-10 01:09:24,930 - PriceDownloader - INFO -       [DONE] BTCUSD institutional resample finished.
2026-07-10 01:09:25,351 - PriceDownloader - INFO - Resampling USDJPY from 2026-06-19 02:09:25 (Window: 500h)...
2026-07-10 01:09:25,361 - PriceDownloader - INFO -       [DONE] USDJPY institutional resample finished.
2026-07-10 01:09:26,979 - PriceDownloader - INFO - Resampling EURUSD from 2026-06-19 02:09:26 (Window: 500h)...
2026-07-10 01:09:26,989 - PriceDownloader - INFO -       [DONE] EURUSD institutional resample finished.
2026-07-10 01:09:27,081 - DecisionEngine - INFO - HOLD_DECISION | pair=USDCHF | raw_action=HOLD | final_conf=0.1856 | min_conf=0.70 | validation_passed=False | failed_checks=['Signal action is HOLD.'] | raw_reason=No clear high-probability setup identified. | lot_size=0.0 | atr=0.000000 | spread_pips=0.0000 | rr=0.0000
2026-07-10 01:09:30,525 - DecisionEngine - INFO - HOLD_DECISION | pair=EURUSD | raw_action=HOLD | final_conf=0.1799 | min_conf=0.70 | validation_passed=False | failed_checks=['Signal action is HOLD.'] | raw_reason=No clear high-probability setup identified. | lot_size=0.0 | atr=0.000000 | spread_pips=0.0000 | rr=0.0000
2026-07-10 01:09:30,528 - DecisionEngine - INFO - HOLD_DECISION | pair=BTCUSD | raw_action=HOLD | final_conf=0.1501 | min_conf=0.70 | validation_passed=False | failed_checks=['Signal action is HOLD.'] | raw_reason=No clear high-probability setup identified. | lot_size=0.0 | atr=0.000000 | spread_pips=0.0000 | rr=0.0000
2026-07-10 01:09:30,542 - DecisionEngine - INFO - HOLD_DECISION | pair=USDJPY | raw_action=HOLD | final_conf=0.2011 | min_conf=0.70 | validation_passed=False | failed_checks=['Signal action is HOLD.'] | raw_reason=No clear high-probability setup identified. | lot_size=0.0 | atr=0.000000 | spread_pips=0.0000 | rr=0.0000
2026-07-10 01:09:34,909 - PriceDownloader - INFO - Resampling USDCAD from 2026-06-19 02:09:34 (Window: 500h)...
2026-07-10 01:09:34,922 - PriceDownloader - INFO -       [DONE] USDCAD institutional resample finished.
2026-07-10 01:09:35,411 - DecisionEngine - INFO - HOLD_DECISION | pair=USDCAD | raw_action=HOLD | final_conf=0.2014 | min_conf=0.70 | validation_passed=False | failed_checks=['Signal action is HOLD.'] | raw_reason=No clear high-probability setup identified. | lot_size=0.0 | atr=0.000000 | spread_pips=0.0000 | rr=0.0000
2026-07-10 01:09:35,437 - PriceDownloader - INFO - Resampling NZDUSD from 2026-06-19 02:09:35 (Window: 500h)...
2026-07-10 01:09:35,447 - PriceDownloader - INFO -       [DONE] NZDUSD institutional resample finished.
2026-07-10 01:09:35,571 - PriceDownloader - INFO - Resampling BTCEUR from 2026-06-19 02:09:35 (Window: 500h)...
2026-07-10 01:09:35,580 - PriceDownloader - INFO -       [DONE] BTCEUR institutional resample finished.
2026-07-10 01:09:36,390 - PriceDownloader - INFO - Resampling AUDUSD from 2026-06-19 02:09:36 (Window: 500h)...
2026-07-10 01:09:36,399 - PriceDownloader - INFO -       [DONE] AUDUSD institutional resample finished.
2026-07-10 01:09:38,093 - DecisionEngine - INFO - HOLD_DECISION | pair=BTCEUR | raw_action=HOLD | final_conf=0.1477 | min_conf=0.70 | validation_passed=False | failed_checks=['Signal action is HOLD.'] | raw_reason=No clear high-probability setup identified. | lot_size=0.0 | atr=0.000000 | spread_pips=0.0000 | rr=0.0000
2026-07-10 01:09:38,094 - DecisionEngine - INFO - HOLD_DECISION | pair=NZDUSD | raw_action=HOLD | final_conf=0.1663 | min_conf=0.70 | validation_passed=False | failed_checks=['Signal action is HOLD.'] | raw_reason=No clear high-probability setup identified. | lot_size=0.0 | atr=0.000000 | spread_pips=0.0000 | rr=0.0000
2026-07-10 01:09:38,095 - DecisionEngine - INFO - HOLD_DECISION | pair=AUDUSD | raw_action=HOLD | final_conf=0.1578 | min_conf=0.70 | validation_passed=False | failed_checks=['Signal action is HOLD.'] | raw_reason=No clear high-probability setup identified. | lot_size=0.0 | atr=0.000000 | spread_pips=0.0000 | rr=0.0000
2026-07-10 01:09:38,301 - PriceDownloader - INFO - Resampling GBPUSD from 2026-06-19 02:09:38 (Window: 500h)...
2026-07-10 01:09:38,310 - PriceDownloader - INFO -       [DONE] GBPUSD institutional resample finished.
2026-07-10 01:09:39,631 - PriceDownloader - INFO - Resampling XAUUSD from 2026-06-19 02:09:39 (Window: 500h)...
2026-07-10 01:09:39,640 - PriceDownloader - INFO -       [DONE] XAUUSD institutional resample finished.
2026-07-10 01:09:39,861 - DecisionEngine - INFO - HOLD_DECISION | pair=GBPUSD | raw_action=HOLD | final_conf=0.1562 | min_conf=0.70 | validation_passed=False | failed_checks=['Signal action is HOLD.'] | raw_reason=No clear high-probability setup identified. | lot_size=0.0 | atr=0.000000 | spread_pips=0.0000 | rr=0.0000
2026-07-10 01:09:40,059 - DecisionEngine - INFO - HOLD_DECISION | pair=XAUUSD | raw_action=HOLD | final_conf=0.1576 | min_conf=0.70 | validation_passed=False | failed_checks=['Signal action is HOLD.'] | raw_reason=No clear high-probability setup identified. | lot_size=0.0 | atr=0.000000 | spread_pips=0.0000 | rr=0.0000
2026-07-10 01:09:41,752 - PriceDownloader - INFO - Resampling BTCUSD from 2026-06-19 02:09:41 (Window: 500h)...
2026-07-10 01:09:41,765 - PriceDownloader - INFO -       [DONE] BTCUSD institutional resample finished.
2026-07-10 01:09:43,488 - DecisionEngine - INFO - HOLD_DECISION | pair=BTCUSD | raw_action=HOLD | final_conf=0.1501 | min_conf=0.70 | validation_passed=False | failed_checks=['Signal action is HOLD.'] | raw_reason=No clear high-probability setup identified. | lot_size=0.0 | atr=0.000000 | spread_pips=0.0000 | rr=0.0000
2026-07-10 01:09:46,588 - PriceDownloader - INFO - Resampling USDCAD from 2026-06-19 02:09:46 (Window: 500h)...
2026-07-10 01:09:46,599 - PriceDownloader - INFO -       [DONE] USDCAD institutional resample finished.
2026-07-10 01:09:48,079 - DecisionEngine - INFO - HOLD_DECISION | pair=USDCAD | raw_action=HOLD | final_conf=0.2014 | min_conf=0.70 | validation_passed=False | failed_checks=['Signal action is HOLD.'] | raw_reason=No clear high-probability setup identified. | lot_size=0.0 | atr=0.000000 | spread_pips=0.0000 | rr=0.0000
2026-07-10 01:09:49,253 - PriceDownloader - INFO - Resampling AUDUSD from 2026-06-19 02:09:49 (Window: 500h)...
2026-07-10 01:09:49,265 - PriceDownloader - INFO -       [DONE] AUDUSD institutional resample finished.
2026-07-10 01:09:50,633 - DecisionEngine - INFO - HOLD_DECISION | pair=AUDUSD | raw_action=HOLD | final_conf=0.1578 | min_conf=0.70 | validation_passed=False | failed_checks=['Signal action is HOLD.'] | raw_reason=No clear high-probability setup identified. | lot_size=0.0 | atr=0.000000 | spread_pips=0.0000 | rr=0.0000
2026-07-10 01:09:51,223 - PriceDownloader - INFO - Resampling XAUUSD from 2026-06-19 02:09:51 (Window: 500h)...
2026-07-10 01:09:51,235 - PriceDownloader - INFO -       [DONE] XAUUSD institutional resample finished.
2026-07-10 01:09:53,326 - DecisionEngine - INFO - HOLD_DECISION | pair=XAUUSD | raw_action=HOLD | final_conf=0.1576 | min_conf=0.70 | validation_passed=False | failed_checks=['Signal action is HOLD.'] | raw_reason=No clear high-probability setup identified. | lot_size=0.0 | atr=0.000000 | spread_pips=0.0000 | rr=0.0000
2026-07-10 01:09:53,345 - LiveEngine - INFO - --- Cycle Complete. Waiting 1 minute ---
