2026-07-10 01:06:37,497 | INFO | verification after handler reset
2026-07-10 01:07:26,397 | INFO | Loaded Regime Classifier version v1.0.20260706_022141
2026-07-10 01:07:26,401 | INFO | Loaded Strategy Selector version v1.0.20260706_022155
2026-07-10 01:08:29,430 | INFO | HOLD_DECISION | pair=BTCUSD | raw_action=HOLD | final_conf=0.1501 | min_conf=0.70 | validation_passed=False | failed_checks=['Signal action is HOLD.'] | raw_reason=No clear high-probability setup identified. | lot_size=0.0 | atr=0.000000 | spread_pips=0.0000 | rr=0.0000
2026-07-10 01:08:29,852 | INFO | HOLD_DECISION | pair=BTCEUR | raw_action=HOLD | final_conf=0.1477 | min_conf=0.70 | validation_passed=False | failed_checks=['Signal action is HOLD.'] | raw_reason=No clear high-probability setup identified. | lot_size=0.0 | atr=0.000000 | spread_pips=0.0000 | rr=0.0000
2026-07-10 01:08:30,131 | INFO | HOLD_DECISION | pair=XAUUSD | raw_action=HOLD | final_conf=0.1576 | min_conf=0.70 | validation_passed=False | failed_checks=['Signal action is HOLD.'] | raw_reason=No clear high-probability setup identified. | lot_size=0.0 | atr=0.000000 | spread_pips=0.0000 | rr=0.0000
2026-07-10 01:08:30,345 | INFO | HOLD_DECISION | pair=USDCHF | raw_action=HOLD | final_conf=0.1856 | min_conf=0.70 | validation_passed=False | failed_checks=['Signal action is HOLD.'] | raw_reason=No clear high-probability setup identified. | lot_size=0.0 | atr=0.000000 | spread_pips=0.0000 | rr=0.0000
2026-07-10 01:08:30,436 | INFO | HOLD_DECISION | pair=USDJPY | raw_action=HOLD | final_conf=0.2011 | min_conf=0.70 | validation_passed=False | failed_checks=['Signal action is HOLD.'] | raw_reason=No clear high-probability setup identified. | lot_size=0.0 | atr=0.000000 | spread_pips=0.0000 | rr=0.0000
2026-07-10 01:08:30,703 | INFO | HOLD_DECISION | pair=NZDUSD | raw_action=HOLD | final_conf=0.1663 | min_conf=0.70 | validation_passed=False | failed_checks=['Signal action is HOLD.'] | raw_reason=No clear high-probability setup identified. | lot_size=0.0 | atr=0.000000 | spread_pips=0.0000 | rr=0.0000
2026-07-10 01:08:30,705 | INFO | HOLD_DECISION | pair=USDCAD | raw_action=HOLD | final_conf=0.2014 | min_conf=0.70 | validation_passed=False | failed_checks=['Signal action is HOLD.'] | raw_reason=No clear high-probability setup identified. | lot_size=0.0 | atr=0.000000 | spread_pips=0.0000 | rr=0.0000
2026-07-10 01:08:30,713 | INFO | HOLD_DECISION | pair=AUDUSD | raw_action=HOLD | final_conf=0.1578 | min_conf=0.70 | validation_passed=False | failed_checks=['Signal action is HOLD.'] | raw_reason=No clear high-probability setup identified. | lot_size=0.0 | atr=0.000000 | spread_pips=0.0000 | rr=0.0000
2026-07-10 01:08:30,714 | INFO | HOLD_DECISION | pair=GBPUSD | raw_action=HOLD | final_conf=0.1562 | min_conf=0.70 | validation_passed=False | failed_checks=['Signal action is HOLD.'] | raw_reason=No clear high-probability setup identified. | lot_size=0.0 | atr=0.000000 | spread_pips=0.0000 | rr=0.0000
2026-07-10 01:08:30,760 | INFO | HOLD_DECISION | pair=EURUSD | raw_action=HOLD | final_conf=0.1799 | min_conf=0.70 | validation_passed=False | failed_checks=['Signal action is HOLD.'] | raw_reason=No clear high-probability setup identified. | lot_size=0.0 | atr=0.000000 | spread_pips=0.0000 | rr=0.0000
2026-07-10 01:09:12,126 | INFO | HOLD_DECISION | pair=USDCHF | raw_action=HOLD | final_conf=0.1856 | min_conf=0.70 | validation_passed=False | failed_checks=['Signal action is HOLD.'] | raw_reason=No clear high-probability setup identified. | lot_size=0.0 | atr=0.000000 | spread_pips=0.0000 | rr=0.0000
2026-07-10 01:09:13,205 | INFO | HOLD_DECISION | pair=GBPUSD | raw_action=HOLD | final_conf=0.1562 | min_conf=0.70 | validation_passed=False | failed_checks=['Signal action is HOLD.'] | raw_reason=No clear high-probability setup identified. | lot_size=0.0 | atr=0.000000 | spread_pips=0.0000 | rr=0.0000
2026-07-10 01:09:14,098 | INFO | HOLD_DECISION | pair=USDJPY | raw_action=HOLD | final_conf=0.2011 | min_conf=0.70 | validation_passed=False | failed_checks=['Signal action is HOLD.'] | raw_reason=No clear high-probability setup identified. | lot_size=0.0 | atr=0.000000 | spread_pips=0.0000 | rr=0.0000
2026-07-10 01:09:15,348 | INFO | HOLD_DECISION | pair=EURUSD | raw_action=HOLD | final_conf=0.1799 | min_conf=0.70 | validation_passed=False | failed_checks=['Signal action is HOLD.'] | raw_reason=No clear high-probability setup identified. | lot_size=0.0 | atr=0.000000 | spread_pips=0.0000 | rr=0.0000
2026-07-10 01:09:24,226 | INFO | HOLD_DECISION | pair=NZDUSD | raw_action=HOLD | final_conf=0.1663 | min_conf=0.70 | validation_passed=False | failed_checks=['Signal action is HOLD.'] | raw_reason=No clear high-probability setup identified. | lot_size=0.0 | atr=0.000000 | spread_pips=0.0000 | rr=0.0000
2026-07-10 01:09:24,340 | INFO | HOLD_DECISION | pair=BTCEUR | raw_action=HOLD | final_conf=0.1477 | min_conf=0.70 | validation_passed=False | failed_checks=['Signal action is HOLD.'] | raw_reason=No clear high-probability setup identified. | lot_size=0.0 | atr=0.000000 | spread_pips=0.0000 | rr=0.0000
2026-07-10 01:09:27,081 | INFO | HOLD_DECISION | pair=USDCHF | raw_action=HOLD | final_conf=0.1856 | min_conf=0.70 | validation_passed=False | failed_checks=['Signal action is HOLD.'] | raw_reason=No clear high-probability setup identified. | lot_size=0.0 | atr=0.000000 | spread_pips=0.0000 | rr=0.0000
2026-07-10 01:09:30,525 | INFO | HOLD_DECISION | pair=EURUSD | raw_action=HOLD | final_conf=0.1799 | min_conf=0.70 | validation_passed=False | failed_checks=['Signal action is HOLD.'] | raw_reason=No clear high-probability setup identified. | lot_size=0.0 | atr=0.000000 | spread_pips=0.0000 | rr=0.0000
2026-07-10 01:09:30,528 | INFO | HOLD_DECISION | pair=BTCUSD | raw_action=HOLD | final_conf=0.1501 | min_conf=0.70 | validation_passed=False | failed_checks=['Signal action is HOLD.'] | raw_reason=No clear high-probability setup identified. | lot_size=0.0 | atr=0.000000 | spread_pips=0.0000 | rr=0.0000
2026-07-10 01:09:30,542 | INFO | HOLD_DECISION | pair=USDJPY | raw_action=HOLD | final_conf=0.2011 | min_conf=0.70 | validation_passed=False | failed_checks=['Signal action is HOLD.'] | raw_reason=No clear high-probability setup identified. | lot_size=0.0 | atr=0.000000 | spread_pips=0.0000 | rr=0.0000
2026-07-10 01:09:35,411 | INFO | HOLD_DECISION | pair=USDCAD | raw_action=HOLD | final_conf=0.2014 | min_conf=0.70 | validation_passed=False | failed_checks=['Signal action is HOLD.'] | raw_reason=No clear high-probability setup identified. | lot_size=0.0 | atr=0.000000 | spread_pips=0.0000 | rr=0.0000
2026-07-10 01:09:38,093 | INFO | HOLD_DECISION | pair=BTCEUR | raw_action=HOLD | final_conf=0.1477 | min_conf=0.70 | validation_passed=False | failed_checks=['Signal action is HOLD.'] | raw_reason=No clear high-probability setup identified. | lot_size=0.0 | atr=0.000000 | spread_pips=0.0000 | rr=0.0000
2026-07-10 01:09:38,094 | INFO | HOLD_DECISION | pair=NZDUSD | raw_action=HOLD | final_conf=0.1663 | min_conf=0.70 | validation_passed=False | failed_checks=['Signal action is HOLD.'] | raw_reason=No clear high-probability setup identified. | lot_size=0.0 | atr=0.000000 | spread_pips=0.0000 | rr=0.0000
2026-07-10 01:09:38,095 | INFO | HOLD_DECISION | pair=AUDUSD | raw_action=HOLD | final_conf=0.1578 | min_conf=0.70 | validation_passed=False | failed_checks=['Signal action is HOLD.'] | raw_reason=No clear high-probability setup identified. | lot_size=0.0 | atr=0.000000 | spread_pips=0.0000 | rr=0.0000
2026-07-10 01:09:39,861 | INFO | HOLD_DECISION | pair=GBPUSD | raw_action=HOLD | final_conf=0.1562 | min_conf=0.70 | validation_passed=False | failed_checks=['Signal action is HOLD.'] | raw_reason=No clear high-probability setup identified. | lot_size=0.0 | atr=0.000000 | spread_pips=0.0000 | rr=0.0000
2026-07-10 01:09:40,059 | INFO | HOLD_DECISION | pair=XAUUSD | raw_action=HOLD | final_conf=0.1576 | min_conf=0.70 | validation_passed=False | failed_checks=['Signal action is HOLD.'] | raw_reason=No clear high-probability setup identified. | lot_size=0.0 | atr=0.000000 | spread_pips=0.0000 | rr=0.0000
2026-07-10 01:09:43,488 | INFO | HOLD_DECISION | pair=BTCUSD | raw_action=HOLD | final_conf=0.1501 | min_conf=0.70 | validation_passed=False | failed_checks=['Signal action is HOLD.'] | raw_reason=No clear high-probability setup identified. | lot_size=0.0 | atr=0.000000 | spread_pips=0.0000 | rr=0.0000
2026-07-10 01:09:48,079 | INFO | HOLD_DECISION | pair=USDCAD | raw_action=HOLD | final_conf=0.2014 | min_conf=0.70 | validation_passed=False | failed_checks=['Signal action is HOLD.'] | raw_reason=No clear high-probability setup identified. | lot_size=0.0 | atr=0.000000 | spread_pips=0.0000 | rr=0.0000
2026-07-10 01:09:50,633 | INFO | HOLD_DECISION | pair=AUDUSD | raw_action=HOLD | final_conf=0.1578 | min_conf=0.70 | validation_passed=False | failed_checks=['Signal action is HOLD.'] | raw_reason=No clear high-probability setup identified. | lot_size=0.0 | atr=0.000000 | spread_pips=0.0000 | rr=0.0000
2026-07-10 01:09:53,326 | INFO | HOLD_DECISION | pair=XAUUSD | raw_action=HOLD | final_conf=0.1576 | min_conf=0.70 | validation_passed=False | failed_checks=['Signal action is HOLD.'] | raw_reason=No clear high-probability setup identified. | lot_size=0.0 | atr=0.000000 | spread_pips=0.0000 | rr=0.0000
2026-07-10 01:31:32,963 | INFO | HOLD_DECISION | pair=BTCUSD | raw_action=HOLD | final_conf=0.1501 | min_conf=0.70 | validation_passed=False | failed_checks=['Signal action is HOLD.'] | raw_reason=No clear high-probability setup identified. | lot_size=0.0 | atr=0.000000 | spread_pips=0.0000 | rr=0.0000
2026-07-10 01:31:35,039 | INFO | HOLD_DECISION | pair=BTCEUR | raw_action=HOLD | final_conf=0.1477 | min_conf=0.70 | validation_passed=False | failed_checks=['Signal action is HOLD.'] | raw_reason=No clear high-probability setup identified. | lot_size=0.0 | atr=0.000000 | spread_pips=0.0000 | rr=0.0000
2026-07-10 01:31:35,272 | INFO | HOLD_DECISION | pair=USDCHF | raw_action=HOLD | final_conf=0.1856 | min_conf=0.70 | validation_passed=False | failed_checks=['Signal action is HOLD.'] | raw_reason=No clear high-probability setup identified. | lot_size=0.0 | atr=0.000000 | spread_pips=0.0000 | rr=0.0000
2026-07-10 01:31:35,274 | INFO | HOLD_DECISION | pair=NZDUSD | raw_action=HOLD | final_conf=0.1663 | min_conf=0.70 | validation_passed=False | failed_checks=['Signal action is HOLD.'] | raw_reason=No clear high-probability setup identified. | lot_size=0.0 | atr=0.000000 | spread_pips=0.0000 | rr=0.0000
2026-07-10 01:31:35,275 | INFO | HOLD_DECISION | pair=GBPUSD | raw_action=HOLD | final_conf=0.1562 | min_conf=0.70 | validation_passed=False | failed_checks=['Signal action is HOLD.'] | raw_reason=No clear high-probability setup identified. | lot_size=0.0 | atr=0.000000 | spread_pips=0.0000 | rr=0.0000
2026-07-10 01:31:35,277 | INFO | HOLD_DECISION | pair=BTCUSD | raw_action=HOLD | final_conf=0.1501 | min_conf=0.70 | validation_passed=False | failed_checks=['Signal action is HOLD.'] | raw_reason=No clear high-probability setup identified. | lot_size=0.0 | atr=0.000000 | spread_pips=0.0000 | rr=0.0000
2026-07-10 01:31:35,291 | INFO | HOLD_DECISION | pair=EURUSD | raw_action=HOLD | final_conf=0.1799 | min_conf=0.70 | validation_passed=False | failed_checks=['Signal action is HOLD.'] | raw_reason=No clear high-probability setup identified. | lot_size=0.0 | atr=0.000000 | spread_pips=0.0000 | rr=0.0000
2026-07-10 01:31:35,313 | INFO | HOLD_DECISION | pair=USDJPY | raw_action=HOLD | final_conf=0.2011 | min_conf=0.70 | validation_passed=False | failed_checks=['Signal action is HOLD.'] | raw_reason=No clear high-probability setup identified. | lot_size=0.0 | atr=0.000000 | spread_pips=0.0000 | rr=0.0000
2026-07-10 01:31:35,316 | INFO | HOLD_DECISION | pair=XAUUSD | raw_action=HOLD | final_conf=0.1576 | min_conf=0.70 | validation_passed=False | failed_checks=['Signal action is HOLD.'] | raw_reason=No clear high-probability setup identified. | lot_size=0.0 | atr=0.000000 | spread_pips=0.0000 | rr=0.0000
2026-07-10 01:31:35,444 | INFO | HOLD_DECISION | pair=AUDUSD | raw_action=HOLD | final_conf=0.1578 | min_conf=0.70 | validation_passed=False | failed_checks=['Signal action is HOLD.'] | raw_reason=No clear high-probability setup identified. | lot_size=0.0 | atr=0.000000 | spread_pips=0.0000 | rr=0.0000
2026-07-10 01:31:35,464 | INFO | HOLD_DECISION | pair=USDCAD | raw_action=HOLD | final_conf=0.2014 | min_conf=0.70 | validation_passed=False | failed_checks=['Signal action is HOLD.'] | raw_reason=No clear high-probability setup identified. | lot_size=0.0 | atr=0.000000 | spread_pips=0.0000 | rr=0.0000
2026-07-10 01:31:39,716 | INFO | HOLD_DECISION | pair=XAUUSD | raw_action=HOLD | final_conf=0.1576 | min_conf=0.70 | validation_passed=False | failed_checks=['Signal action is HOLD.'] | raw_reason=No clear high-probability setup identified. | lot_size=0.0 | atr=0.000000 | spread_pips=0.0000 | rr=0.0000
2026-07-10 01:31:39,717 | INFO | HOLD_DECISION | pair=USDCHF | raw_action=HOLD | final_conf=0.1856 | min_conf=0.70 | validation_passed=False | failed_checks=['Signal action is HOLD.'] | raw_reason=No clear high-probability setup identified. | lot_size=0.0 | atr=0.000000 | spread_pips=0.0000 | rr=0.0000
2026-07-10 01:31:39,717 | INFO | HOLD_DECISION | pair=GBPUSD | raw_action=HOLD | final_conf=0.1562 | min_conf=0.70 | validation_passed=False | failed_checks=['Signal action is HOLD.'] | raw_reason=No clear high-probability setup identified. | lot_size=0.0 | atr=0.000000 | spread_pips=0.0000 | rr=0.0000
2026-07-10 01:31:39,719 | INFO | HOLD_DECISION | pair=EURUSD | raw_action=HOLD | final_conf=0.1799 | min_conf=0.70 | validation_passed=False | failed_checks=['Signal action is HOLD.'] | raw_reason=No clear high-probability setup identified. | lot_size=0.0 | atr=0.000000 | spread_pips=0.0000 | rr=0.0000
2026-07-10 01:31:39,726 | INFO | HOLD_DECISION | pair=USDJPY | raw_action=HOLD | final_conf=0.2011 | min_conf=0.70 | validation_passed=False | failed_checks=['Signal action is HOLD.'] | raw_reason=No clear high-probability setup identified. | lot_size=0.0 | atr=0.000000 | spread_pips=0.0000 | rr=0.0000
2026-07-10 01:31:39,857 | INFO | HOLD_DECISION | pair=AUDUSD | raw_action=HOLD | final_conf=0.1578 | min_conf=0.70 | validation_passed=False | failed_checks=['Signal action is HOLD.'] | raw_reason=No clear high-probability setup identified. | lot_size=0.0 | atr=0.000000 | spread_pips=0.0000 | rr=0.0000
2026-07-10 01:31:39,858 | INFO | HOLD_DECISION | pair=NZDUSD | raw_action=HOLD | final_conf=0.1663 | min_conf=0.70 | validation_passed=False | failed_checks=['Signal action is HOLD.'] | raw_reason=No clear high-probability setup identified. | lot_size=0.0 | atr=0.000000 | spread_pips=0.0000 | rr=0.0000
2026-07-10 01:31:39,860 | INFO | HOLD_DECISION | pair=USDCAD | raw_action=HOLD | final_conf=0.2014 | min_conf=0.70 | validation_passed=False | failed_checks=['Signal action is HOLD.'] | raw_reason=No clear high-probability setup identified. | lot_size=0.0 | atr=0.000000 | spread_pips=0.0000 | rr=0.0000
2026-07-10 01:31:39,862 | INFO | HOLD_DECISION | pair=BTCEUR | raw_action=HOLD | final_conf=0.1477 | min_conf=0.70 | validation_passed=False | failed_checks=['Signal action is HOLD.'] | raw_reason=No clear high-probability setup identified. | lot_size=0.0 | atr=0.000000 | spread_pips=0.0000 | rr=0.0000
2026-07-10 01:31:39,983 | INFO | HOLD_DECISION | pair=BTCUSD | raw_action=HOLD | final_conf=0.1501 | min_conf=0.70 | validation_passed=False | failed_checks=['Signal action is HOLD.'] | raw_reason=No clear high-probability setup identified. | lot_size=0.0 | atr=0.000000 | spread_pips=0.0000 | rr=0.0000
2026-07-10 13:12:19,755 | INFO | Loaded Regime Classifier version v1.0.20260706_022141
2026-07-10 13:12:19,758 | INFO | Loaded Strategy Selector version v1.0.20260706_022155
2026-07-10 13:12:33,846 | INFO | HOLD_DECISION | pair=BTCUSD | raw_action=HOLD | final_conf=0.1744 | min_conf=0.70 | validation_passed=False | failed_checks=['Signal action is HOLD.'] | raw_reason=No clear high-probability setup identified. | lot_size=0.0 | atr=0.000000 | spread_pips=0.0000 | rr=0.0000
2026-07-10 13:12:33,981 | INFO | HOLD_DECISION | pair=BTCEUR | raw_action=HOLD | final_conf=0.1796 | min_conf=0.70 | validation_passed=False | failed_checks=['Signal action is HOLD.'] | raw_reason=No clear high-probability setup identified. | lot_size=0.0 | atr=0.000000 | spread_pips=0.0000 | rr=0.0000
2026-07-10 13:12:34,624 | INFO | HOLD_DECISION | pair=XAUUSD | raw_action=HOLD | final_conf=0.1819 | min_conf=0.70 | validation_passed=False | failed_checks=['Signal action is HOLD.'] | raw_reason=No clear high-probability setup identified. | lot_size=0.0 | atr=0.000000 | spread_pips=0.0000 | rr=0.0000
2026-07-10 13:12:34,732 | INFO | HOLD_DECISION | pair=AUDUSD | raw_action=HOLD | final_conf=0.1821 | min_conf=0.70 | validation_passed=False | failed_checks=['Signal action is HOLD.'] | raw_reason=No clear high-probability setup identified. | lot_size=0.0 | atr=0.000000 | spread_pips=0.0000 | rr=0.0000
2026-07-10 13:12:34,737 | INFO | HOLD_DECISION | pair=USDCAD | raw_action=HOLD | final_conf=0.1770 | min_conf=0.70 | validation_passed=False | failed_checks=['Signal action is HOLD.'] | raw_reason=No clear high-probability setup identified. | lot_size=0.0 | atr=0.000000 | spread_pips=0.0000 | rr=0.0000
2026-07-10 13:12:34,976 | INFO | HOLD_DECISION | pair=NZDUSD | raw_action=HOLD | final_conf=0.1907 | min_conf=0.70 | validation_passed=False | failed_checks=['Signal action is HOLD.'] | raw_reason=No clear high-probability setup identified. | lot_size=0.0 | atr=0.000000 | spread_pips=0.0000 | rr=0.0000
2026-07-10 13:12:35,019 | INFO | HOLD_DECISION | pair=USDCHF | raw_action=HOLD | final_conf=0.1613 | min_conf=0.70 | validation_passed=False | failed_checks=['Signal action is HOLD.'] | raw_reason=No clear high-probability setup identified. | lot_size=0.0 | atr=0.000000 | spread_pips=0.0000 | rr=0.0000
2026-07-10 13:12:35,028 | INFO | HOLD_DECISION | pair=USDJPY | raw_action=HOLD | final_conf=0.1768 | min_conf=0.70 | validation_passed=False | failed_checks=['Signal action is HOLD.'] | raw_reason=No clear high-probability setup identified. | lot_size=0.0 | atr=0.000000 | spread_pips=0.0000 | rr=0.0000
2026-07-10 13:12:35,031 | INFO | HOLD_DECISION | pair=GBPUSD | raw_action=HOLD | final_conf=0.1805 | min_conf=0.70 | validation_passed=False | failed_checks=['Signal action is HOLD.'] | raw_reason=No clear high-probability setup identified. | lot_size=0.0 | atr=0.000000 | spread_pips=0.0000 | rr=0.0000
2026-07-10 13:12:35,237 | INFO | HOLD_DECISION | pair=EURUSD | raw_action=HOLD | final_conf=0.1723 | min_conf=0.70 | validation_passed=False | failed_checks=['Signal action is HOLD.'] | raw_reason=No clear high-probability setup identified. | lot_size=0.0 | atr=0.000000 | spread_pips=0.0000 | rr=0.0000
2026-07-10 13:12:43,771 | INFO | HOLD_DECISION | pair=EURUSD | raw_action=HOLD | final_conf=0.1723 | min_conf=0.70 | validation_passed=False | failed_checks=['Signal action is HOLD.'] | raw_reason=No clear high-probability setup identified. | lot_size=0.0 | atr=0.000000 | spread_pips=0.0000 | rr=0.0000
2026-07-10 13:12:49,038 | INFO | HOLD_DECISION | pair=NZDUSD | raw_action=HOLD | final_conf=0.1907 | min_conf=0.70 | validation_passed=False | failed_checks=['Signal action is HOLD.'] | raw_reason=No clear high-probability setup identified. | lot_size=0.0 | atr=0.000000 | spread_pips=0.0000 | rr=0.0000
2026-07-10 13:12:49,057 | INFO | HOLD_DECISION | pair=USDJPY | raw_action=HOLD | final_conf=0.1768 | min_conf=0.70 | validation_passed=False | failed_checks=['Signal action is HOLD.'] | raw_reason=No clear high-probability setup identified. | lot_size=0.0 | atr=0.000000 | spread_pips=0.0000 | rr=0.0000
2026-07-10 13:12:49,064 | INFO | HOLD_DECISION | pair=AUDUSD | raw_action=HOLD | final_conf=0.1821 | min_conf=0.70 | validation_passed=False | failed_checks=['Signal action is HOLD.'] | raw_reason=No clear high-probability setup identified. | lot_size=0.0 | atr=0.000000 | spread_pips=0.0000 | rr=0.0000
2026-07-10 13:12:49,067 | INFO | HOLD_DECISION | pair=XAUUSD | raw_action=HOLD | final_conf=0.1819 | min_conf=0.70 | validation_passed=False | failed_checks=['Signal action is HOLD.'] | raw_reason=No clear high-probability setup identified. | lot_size=0.0 | atr=0.000000 | spread_pips=0.0000 | rr=0.0000
2026-07-10 13:12:49,069 | INFO | HOLD_DECISION | pair=USDCAD | raw_action=HOLD | final_conf=0.1770 | min_conf=0.70 | validation_passed=False | failed_checks=['Signal action is HOLD.'] | raw_reason=No clear high-probability setup identified. | lot_size=0.0 | atr=0.000000 | spread_pips=0.0000 | rr=0.0000
2026-07-10 13:12:49,103 | INFO | HOLD_DECISION | pair=USDCHF | raw_action=HOLD | final_conf=0.1613 | min_conf=0.70 | validation_passed=False | failed_checks=['Signal action is HOLD.'] | raw_reason=No clear high-probability setup identified. | lot_size=0.0 | atr=0.000000 | spread_pips=0.0000 | rr=0.0000
2026-07-10 13:12:49,111 | INFO | HOLD_DECISION | pair=BTCUSD | raw_action=HOLD | final_conf=0.1744 | min_conf=0.70 | validation_passed=False | failed_checks=['Signal action is HOLD.'] | raw_reason=No clear high-probability setup identified. | lot_size=0.0 | atr=0.000000 | spread_pips=0.0000 | rr=0.0000
2026-07-10 13:12:49,122 | INFO | HOLD_DECISION | pair=BTCEUR | raw_action=HOLD | final_conf=0.1796 | min_conf=0.70 | validation_passed=False | failed_checks=['Signal action is HOLD.'] | raw_reason=No clear high-probability setup identified. | lot_size=0.0 | atr=0.000000 | spread_pips=0.0000 | rr=0.0000
2026-07-10 13:12:49,240 | INFO | HOLD_DECISION | pair=GBPUSD | raw_action=HOLD | final_conf=0.1805 | min_conf=0.70 | validation_passed=False | failed_checks=['Signal action is HOLD.'] | raw_reason=No clear high-probability setup identified. | lot_size=0.0 | atr=0.000000 | spread_pips=0.0000 | rr=0.0000
2026-07-10 13:12:56,979 | INFO | HOLD_DECISION | pair=EURUSD | raw_action=HOLD | final_conf=0.1723 | min_conf=0.70 | validation_passed=False | failed_checks=['Signal action is HOLD.'] | raw_reason=No clear high-probability setup identified. | lot_size=0.0 | atr=0.000000 | spread_pips=0.0000 | rr=0.0000
2026-07-10 13:13:11,399 | INFO | HOLD_DECISION | pair=GBPUSD | raw_action=HOLD | final_conf=0.1805 | min_conf=0.70 | validation_passed=False | failed_checks=['Signal action is HOLD.'] | raw_reason=No clear high-probability setup identified. | lot_size=0.0 | atr=0.000000 | spread_pips=0.0000 | rr=0.0000
2026-07-10 13:13:11,463 | INFO | HOLD_DECISION | pair=BTCEUR | raw_action=HOLD | final_conf=0.1796 | min_conf=0.70 | validation_passed=False | failed_checks=['Signal action is HOLD.'] | raw_reason=No clear high-probability setup identified. | lot_size=0.0 | atr=0.000000 | spread_pips=0.0000 | rr=0.0000
2026-07-10 13:13:11,528 | INFO | HOLD_DECISION | pair=AUDUSD | raw_action=HOLD | final_conf=0.1821 | min_conf=0.70 | validation_passed=False | failed_checks=['Signal action is HOLD.'] | raw_reason=No clear high-probability setup identified. | lot_size=0.0 | atr=0.000000 | spread_pips=0.0000 | rr=0.0000
2026-07-10 13:13:11,569 | INFO | HOLD_DECISION | pair=USDCHF | raw_action=HOLD | final_conf=0.1613 | min_conf=0.70 | validation_passed=False | failed_checks=['Signal action is HOLD.'] | raw_reason=No clear high-probability setup identified. | lot_size=0.0 | atr=0.000000 | spread_pips=0.0000 | rr=0.0000
2026-07-10 13:13:11,571 | INFO | HOLD_DECISION | pair=USDCAD | raw_action=HOLD | final_conf=0.1770 | min_conf=0.70 | validation_passed=False | failed_checks=['Signal action is HOLD.'] | raw_reason=No clear high-probability setup identified. | lot_size=0.0 | atr=0.000000 | spread_pips=0.0000 | rr=0.0000
2026-07-10 13:13:11,607 | INFO | HOLD_DECISION | pair=NZDUSD | raw_action=HOLD | final_conf=0.1907 | min_conf=0.70 | validation_passed=False | failed_checks=['Signal action is HOLD.'] | raw_reason=No clear high-probability setup identified. | lot_size=0.0 | atr=0.000000 | spread_pips=0.0000 | rr=0.0000
2026-07-10 13:13:11,627 | INFO | HOLD_DECISION | pair=BTCUSD | raw_action=HOLD | final_conf=0.1744 | min_conf=0.70 | validation_passed=False | failed_checks=['Signal action is HOLD.'] | raw_reason=No clear high-probability setup identified. | lot_size=0.0 | atr=0.000000 | spread_pips=0.0000 | rr=0.0000
2026-07-10 13:13:11,629 | INFO | HOLD_DECISION | pair=USDJPY | raw_action=HOLD | final_conf=0.1768 | min_conf=0.70 | validation_passed=False | failed_checks=['Signal action is HOLD.'] | raw_reason=No clear high-probability setup identified. | lot_size=0.0 | atr=0.000000 | spread_pips=0.0000 | rr=0.0000
2026-07-10 13:13:11,660 | INFO | HOLD_DECISION | pair=XAUUSD | raw_action=HOLD | final_conf=0.1819 | min_conf=0.70 | validation_passed=False | failed_checks=['Signal action is HOLD.'] | raw_reason=No clear high-probability setup identified. | lot_size=0.0 | atr=0.000000 | spread_pips=0.0000 | rr=0.0000
2026-07-10 13:14:24,176 | INFO | HOLD_DECISION | pair=XAUUSD | raw_action=HOLD | final_conf=0.1819 | min_conf=0.70 | validation_passed=False | failed_checks=['Signal action is HOLD.'] | raw_reason=No clear high-probability setup identified. | lot_size=0.0 | atr=0.000000 | spread_pips=0.0000 | rr=0.0000
2026-07-10 13:14:24,178 | INFO | HOLD_DECISION | pair=GBPUSD | raw_action=HOLD | final_conf=0.1805 | min_conf=0.70 | validation_passed=False | failed_checks=['Signal action is HOLD.'] | raw_reason=No clear high-probability setup identified. | lot_size=0.0 | atr=0.000000 | spread_pips=0.0000 | rr=0.0000
2026-07-10 13:14:24,370 | INFO | HOLD_DECISION | pair=EURUSD | raw_action=HOLD | final_conf=0.1723 | min_conf=0.70 | validation_passed=False | failed_checks=['Signal action is HOLD.'] | raw_reason=No clear high-probability setup identified. | lot_size=0.0 | atr=0.000000 | spread_pips=0.0000 | rr=0.0000
2026-07-10 13:14:24,375 | INFO | HOLD_DECISION | pair=BTCUSD | raw_action=HOLD | final_conf=0.1744 | min_conf=0.70 | validation_passed=False | failed_checks=['Signal action is HOLD.'] | raw_reason=No clear high-probability setup identified. | lot_size=0.0 | atr=0.000000 | spread_pips=0.0000 | rr=0.0000
2026-07-10 13:14:24,657 | INFO | HOLD_DECISION | pair=BTCEUR | raw_action=HOLD | final_conf=0.1796 | min_conf=0.70 | validation_passed=False | failed_checks=['Signal action is HOLD.'] | raw_reason=No clear high-probability setup identified. | lot_size=0.0 | atr=0.000000 | spread_pips=0.0000 | rr=0.0000
2026-07-10 13:14:24,961 | INFO | HOLD_DECISION | pair=NZDUSD | raw_action=HOLD | final_conf=0.1907 | min_conf=0.70 | validation_passed=False | failed_checks=['Signal action is HOLD.'] | raw_reason=No clear high-probability setup identified. | lot_size=0.0 | atr=0.000000 | spread_pips=0.0000 | rr=0.0000
2026-07-10 13:14:25,509 | INFO | HOLD_DECISION | pair=USDJPY | raw_action=HOLD | final_conf=0.1768 | min_conf=0.70 | validation_passed=False | failed_checks=['Signal action is HOLD.'] | raw_reason=No clear high-probability setup identified. | lot_size=0.0 | atr=0.000000 | spread_pips=0.0000 | rr=0.0000
2026-07-10 13:14:25,523 | INFO | HOLD_DECISION | pair=AUDUSD | raw_action=HOLD | final_conf=0.1821 | min_conf=0.70 | validation_passed=False | failed_checks=['Signal action is HOLD.'] | raw_reason=No clear high-probability setup identified. | lot_size=0.0 | atr=0.000000 | spread_pips=0.0000 | rr=0.0000
2026-07-10 13:14:25,524 | INFO | HOLD_DECISION | pair=USDCHF | raw_action=HOLD | final_conf=0.1613 | min_conf=0.70 | validation_passed=False | failed_checks=['Signal action is HOLD.'] | raw_reason=No clear high-probability setup identified. | lot_size=0.0 | atr=0.000000 | spread_pips=0.0000 | rr=0.0000
2026-07-10 13:14:25,525 | INFO | HOLD_DECISION | pair=USDCAD | raw_action=HOLD | final_conf=0.1770 | min_conf=0.70 | validation_passed=False | failed_checks=['Signal action is HOLD.'] | raw_reason=No clear high-probability setup identified. | lot_size=0.0 | atr=0.000000 | spread_pips=0.0000 | rr=0.0000
2026-07-10 13:14:39,930 | INFO | HOLD_DECISION | pair=EURUSD | raw_action=HOLD | final_conf=0.1723 | min_conf=0.70 | validation_passed=False | failed_checks=['Signal action is HOLD.'] | raw_reason=No clear high-probability setup identified. | lot_size=0.0 | atr=0.000000 | spread_pips=0.0000 | rr=0.0000
2026-07-10 13:14:39,957 | INFO | HOLD_DECISION | pair=XAUUSD | raw_action=HOLD | final_conf=0.1819 | min_conf=0.70 | validation_passed=False | failed_checks=['Signal action is HOLD.'] | raw_reason=No clear high-probability setup identified. | lot_size=0.0 | atr=0.000000 | spread_pips=0.0000 | rr=0.0000
2026-07-10 13:14:40,002 | INFO | HOLD_DECISION | pair=GBPUSD | raw_action=HOLD | final_conf=0.1805 | min_conf=0.70 | validation_passed=False | failed_checks=['Signal action is HOLD.'] | raw_reason=No clear high-probability setup identified. | lot_size=0.0 | atr=0.000000 | spread_pips=0.0000 | rr=0.0000
2026-07-10 13:14:40,056 | INFO | HOLD_DECISION | pair=USDJPY | raw_action=HOLD | final_conf=0.1768 | min_conf=0.70 | validation_passed=False | failed_checks=['Signal action is HOLD.'] | raw_reason=No clear high-probability setup identified. | lot_size=0.0 | atr=0.000000 | spread_pips=0.0000 | rr=0.0000
2026-07-10 13:14:40,181 | INFO | HOLD_DECISION | pair=USDCHF | raw_action=HOLD | final_conf=0.1613 | min_conf=0.70 | validation_passed=False | failed_checks=['Signal action is HOLD.'] | raw_reason=No clear high-probability setup identified. | lot_size=0.0 | atr=0.000000 | spread_pips=0.0000 | rr=0.0000
2026-07-10 13:14:40,183 | INFO | HOLD_DECISION | pair=AUDUSD | raw_action=HOLD | final_conf=0.1821 | min_conf=0.70 | validation_passed=False | failed_checks=['Signal action is HOLD.'] | raw_reason=No clear high-probability setup identified. | lot_size=0.0 | atr=0.000000 | spread_pips=0.0000 | rr=0.0000
2026-07-10 13:14:40,184 | INFO | HOLD_DECISION | pair=USDCAD | raw_action=HOLD | final_conf=0.1770 | min_conf=0.70 | validation_passed=False | failed_checks=['Signal action is HOLD.'] | raw_reason=No clear high-probability setup identified. | lot_size=0.0 | atr=0.000000 | spread_pips=0.0000 | rr=0.0000
2026-07-10 13:14:40,201 | INFO | HOLD_DECISION | pair=NZDUSD | raw_action=HOLD | final_conf=0.1907 | min_conf=0.70 | validation_passed=False | failed_checks=['Signal action is HOLD.'] | raw_reason=No clear high-probability setup identified. | lot_size=0.0 | atr=0.000000 | spread_pips=0.0000 | rr=0.0000
2026-07-10 13:14:40,209 | INFO | HOLD_DECISION | pair=BTCUSD | raw_action=HOLD | final_conf=0.1744 | min_conf=0.70 | validation_passed=False | failed_checks=['Signal action is HOLD.'] | raw_reason=No clear high-probability setup identified. | lot_size=0.0 | atr=0.000000 | spread_pips=0.0000 | rr=0.0000
2026-07-10 13:14:40,291 | INFO | HOLD_DECISION | pair=BTCEUR | raw_action=HOLD | final_conf=0.1796 | min_conf=0.70 | validation_passed=False | failed_checks=['Signal action is HOLD.'] | raw_reason=No clear high-probability setup identified. | lot_size=0.0 | atr=0.000000 | spread_pips=0.0000 | rr=0.0000
2026-07-10 13:15:04,306 | INFO | HOLD_DECISION | pair=USDCAD | raw_action=HOLD | final_conf=0.1770 | min_conf=0.70 | validation_passed=False | failed_checks=['Signal action is HOLD.'] | raw_reason=No clear high-probability setup identified. | lot_size=0.0 | atr=0.000000 | spread_pips=0.0000 | rr=0.0000
2026-07-10 13:15:04,357 | INFO | HOLD_DECISION | pair=USDJPY | raw_action=HOLD | final_conf=0.1768 | min_conf=0.70 | validation_passed=False | failed_checks=['Signal action is HOLD.'] | raw_reason=No clear high-probability setup identified. | lot_size=0.0 | atr=0.000000 | spread_pips=0.0000 | rr=0.0000
2026-07-10 13:15:04,359 | INFO | HOLD_DECISION | pair=EURUSD | raw_action=HOLD | final_conf=0.1723 | min_conf=0.70 | validation_passed=False | failed_checks=['Signal action is HOLD.'] | raw_reason=No clear high-probability setup identified. | lot_size=0.0 | atr=0.000000 | spread_pips=0.0000 | rr=0.0000
2026-07-10 13:15:04,413 | INFO | HOLD_DECISION | pair=GBPUSD | raw_action=HOLD | final_conf=0.1805 | min_conf=0.70 | validation_passed=False | failed_checks=['Signal action is HOLD.'] | raw_reason=No clear high-probability setup identified. | lot_size=0.0 | atr=0.000000 | spread_pips=0.0000 | rr=0.0000
2026-07-10 13:15:04,417 | INFO | HOLD_DECISION | pair=XAUUSD | raw_action=HOLD | final_conf=0.1819 | min_conf=0.70 | validation_passed=False | failed_checks=['Signal action is HOLD.'] | raw_reason=No clear high-probability setup identified. | lot_size=0.0 | atr=0.000000 | spread_pips=0.0000 | rr=0.0000
2026-07-10 13:15:04,461 | INFO | HOLD_DECISION | pair=BTCEUR | raw_action=HOLD | final_conf=0.1796 | min_conf=0.70 | validation_passed=False | failed_checks=['Signal action is HOLD.'] | raw_reason=No clear high-probability setup identified. | lot_size=0.0 | atr=0.000000 | spread_pips=0.0000 | rr=0.0000
2026-07-10 13:15:04,462 | INFO | HOLD_DECISION | pair=BTCUSD | raw_action=HOLD | final_conf=0.1744 | min_conf=0.70 | validation_passed=False | failed_checks=['Signal action is HOLD.'] | raw_reason=No clear high-probability setup identified. | lot_size=0.0 | atr=0.000000 | spread_pips=0.0000 | rr=0.0000
2026-07-10 13:15:04,465 | INFO | HOLD_DECISION | pair=USDCHF | raw_action=HOLD | final_conf=0.1613 | min_conf=0.70 | validation_passed=False | failed_checks=['Signal action is HOLD.'] | raw_reason=No clear high-probability setup identified. | lot_size=0.0 | atr=0.000000 | spread_pips=0.0000 | rr=0.0000
2026-07-10 13:15:04,466 | INFO | HOLD_DECISION | pair=AUDUSD | raw_action=HOLD | final_conf=0.1821 | min_conf=0.70 | validation_passed=False | failed_checks=['Signal action is HOLD.'] | raw_reason=No clear high-probability setup identified. | lot_size=0.0 | atr=0.000000 | spread_pips=0.0000 | rr=0.0000
2026-07-10 13:15:04,482 | INFO | HOLD_DECISION | pair=NZDUSD | raw_action=HOLD | final_conf=0.1907 | min_conf=0.70 | validation_passed=False | failed_checks=['Signal action is HOLD.'] | raw_reason=No clear high-probability setup identified. | lot_size=0.0 | atr=0.000000 | spread_pips=0.0000 | rr=0.0000
2026-07-10 13:16:17,019 | INFO | HOLD_DECISION | pair=BTCEUR | raw_action=HOLD | final_conf=0.1796 | min_conf=0.70 | validation_passed=False | failed_checks=['Signal action is HOLD.'] | raw_reason=No clear high-probability setup identified. | lot_size=0.0 | atr=0.000000 | spread_pips=0.0000 | rr=0.0000
2026-07-10 13:16:17,504 | INFO | HOLD_DECISION | pair=BTCUSD | raw_action=HOLD | final_conf=0.1744 | min_conf=0.70 | validation_passed=False | failed_checks=['Signal action is HOLD.'] | raw_reason=No clear high-probability setup identified. | lot_size=0.0 | atr=0.000000 | spread_pips=0.0000 | rr=0.0000
2026-07-10 13:16:17,808 | INFO | HOLD_DECISION | pair=XAUUSD | raw_action=HOLD | final_conf=0.1819 | min_conf=0.70 | validation_passed=False | failed_checks=['Signal action is HOLD.'] | raw_reason=No clear high-probability setup identified. | lot_size=0.0 | atr=0.000000 | spread_pips=0.0000 | rr=0.0000
2026-07-10 13:16:18,000 | INFO | HOLD_DECISION | pair=EURUSD | raw_action=HOLD | final_conf=0.1723 | min_conf=0.70 | validation_passed=False | failed_checks=['Signal action is HOLD.'] | raw_reason=No clear high-probability setup identified. | lot_size=0.0 | atr=0.000000 | spread_pips=0.0000 | rr=0.0000
2026-07-10 13:16:18,215 | INFO | HOLD_DECISION | pair=USDCHF | raw_action=HOLD | final_conf=0.1613 | min_conf=0.70 | validation_passed=False | failed_checks=['Signal action is HOLD.'] | raw_reason=No clear high-probability setup identified. | lot_size=0.0 | atr=0.000000 | spread_pips=0.0000 | rr=0.0000
2026-07-10 13:16:18,294 | INFO | HOLD_DECISION | pair=USDJPY | raw_action=HOLD | final_conf=0.1768 | min_conf=0.70 | validation_passed=False | failed_checks=['Signal action is HOLD.'] | raw_reason=No clear high-probability setup identified. | lot_size=0.0 | atr=0.000000 | spread_pips=0.0000 | rr=0.0000
2026-07-10 13:16:18,367 | INFO | HOLD_DECISION | pair=USDCAD | raw_action=HOLD | final_conf=0.1770 | min_conf=0.70 | validation_passed=False | failed_checks=['Signal action is HOLD.'] | raw_reason=No clear high-probability setup identified. | lot_size=0.0 | atr=0.000000 | spread_pips=0.0000 | rr=0.0000
2026-07-10 13:16:18,382 | INFO | HOLD_DECISION | pair=GBPUSD | raw_action=HOLD | final_conf=0.1805 | min_conf=0.70 | validation_passed=False | failed_checks=['Signal action is HOLD.'] | raw_reason=No clear high-probability setup identified. | lot_size=0.0 | atr=0.000000 | spread_pips=0.0000 | rr=0.0000
2026-07-10 13:16:18,415 | INFO | HOLD_DECISION | pair=NZDUSD | raw_action=HOLD | final_conf=0.1907 | min_conf=0.70 | validation_passed=False | failed_checks=['Signal action is HOLD.'] | raw_reason=No clear high-probability setup identified. | lot_size=0.0 | atr=0.000000 | spread_pips=0.0000 | rr=0.0000
2026-07-10 13:16:18,417 | INFO | HOLD_DECISION | pair=AUDUSD | raw_action=HOLD | final_conf=0.1821 | min_conf=0.70 | validation_passed=False | failed_checks=['Signal action is HOLD.'] | raw_reason=No clear high-probability setup identified. | lot_size=0.0 | atr=0.000000 | spread_pips=0.0000 | rr=0.0000
2026-07-10 13:16:41,691 | INFO | HOLD_DECISION | pair=GBPUSD | raw_action=HOLD | final_conf=0.1805 | min_conf=0.70 | validation_passed=False | failed_checks=['Signal action is HOLD.'] | raw_reason=No clear high-probability setup identified. | lot_size=0.0 | atr=0.000000 | spread_pips=0.0000 | rr=0.0000
2026-07-10 13:16:42,130 | INFO | HOLD_DECISION | pair=AUDUSD | raw_action=HOLD | final_conf=0.1821 | min_conf=0.70 | validation_passed=False | failed_checks=['Signal action is HOLD.'] | raw_reason=No clear high-probability setup identified. | lot_size=0.0 | atr=0.000000 | spread_pips=0.0000 | rr=0.0000
2026-07-10 13:18:23,869 | INFO | HOLD_DECISION | pair=USDJPY | raw_action=HOLD | final_conf=0.1768 | min_conf=0.70 | validation_passed=False | failed_checks=['Signal action is HOLD.'] | raw_reason=No clear high-probability setup identified. | lot_size=0.0 | atr=0.000000 | spread_pips=0.0000 | rr=0.0000
2026-07-10 13:18:25,525 | INFO | HOLD_DECISION | pair=USDCAD | raw_action=HOLD | final_conf=0.1770 | min_conf=0.70 | validation_passed=False | failed_checks=['Signal action is HOLD.'] | raw_reason=No clear high-probability setup identified. | lot_size=0.0 | atr=0.000000 | spread_pips=0.0000 | rr=0.0000
2026-07-10 13:18:25,995 | INFO | HOLD_DECISION | pair=NZDUSD | raw_action=HOLD | final_conf=0.1907 | min_conf=0.70 | validation_passed=False | failed_checks=['Signal action is HOLD.'] | raw_reason=No clear high-probability setup identified. | lot_size=0.0 | atr=0.000000 | spread_pips=0.0000 | rr=0.0000
2026-07-10 13:18:26,533 | INFO | HOLD_DECISION | pair=EURUSD | raw_action=HOLD | final_conf=0.1723 | min_conf=0.70 | validation_passed=False | failed_checks=['Signal action is HOLD.'] | raw_reason=No clear high-probability setup identified. | lot_size=0.0 | atr=0.000000 | spread_pips=0.0000 | rr=0.0000
2026-07-10 13:18:29,016 | INFO | HOLD_DECISION | pair=BTCUSD | raw_action=HOLD | final_conf=0.1744 | min_conf=0.70 | validation_passed=False | failed_checks=['Signal action is HOLD.'] | raw_reason=No clear high-probability setup identified. | lot_size=0.0 | atr=0.000000 | spread_pips=0.0000 | rr=0.0000
2026-07-10 13:18:29,500 | INFO | HOLD_DECISION | pair=XAUUSD | raw_action=HOLD | final_conf=0.1819 | min_conf=0.70 | validation_passed=False | failed_checks=['Signal action is HOLD.'] | raw_reason=No clear high-probability setup identified. | lot_size=0.0 | atr=0.000000 | spread_pips=0.0000 | rr=0.0000
2026-07-10 13:18:33,126 | INFO | HOLD_DECISION | pair=BTCEUR | raw_action=HOLD | final_conf=0.1796 | min_conf=0.70 | validation_passed=False | failed_checks=['Signal action is HOLD.'] | raw_reason=No clear high-probability setup identified. | lot_size=0.0 | atr=0.000000 | spread_pips=0.0000 | rr=0.0000
2026-07-10 13:19:29,043 | INFO | HOLD_DECISION | pair=USDJPY | raw_action=HOLD | final_conf=0.1768 | min_conf=0.70 | validation_passed=False | failed_checks=['Signal action is HOLD.'] | raw_reason=No clear high-probability setup identified. | lot_size=0.0 | atr=0.000000 | spread_pips=0.0000 | rr=0.0000
2026-07-10 13:19:30,915 | INFO | HOLD_DECISION | pair=USDCAD | raw_action=HOLD | final_conf=0.1770 | min_conf=0.70 | validation_passed=False | failed_checks=['Signal action is HOLD.'] | raw_reason=No clear high-probability setup identified. | lot_size=0.0 | atr=0.000000 | spread_pips=0.0000 | rr=0.0000
2026-07-10 13:19:31,927 | INFO | HOLD_DECISION | pair=EURUSD | raw_action=HOLD | final_conf=0.1723 | min_conf=0.70 | validation_passed=False | failed_checks=['Signal action is HOLD.'] | raw_reason=No clear high-probability setup identified. | lot_size=0.0 | atr=0.000000 | spread_pips=0.0000 | rr=0.0000
2026-07-10 13:19:31,936 | INFO | HOLD_DECISION | pair=NZDUSD | raw_action=HOLD | final_conf=0.1907 | min_conf=0.70 | validation_passed=False | failed_checks=['Signal action is HOLD.'] | raw_reason=No clear high-probability setup identified. | lot_size=0.0 | atr=0.000000 | spread_pips=0.0000 | rr=0.0000
2026-07-10 13:19:34,783 | INFO | HOLD_DECISION | pair=BTCUSD | raw_action=HOLD | final_conf=0.1744 | min_conf=0.70 | validation_passed=False | failed_checks=['Signal action is HOLD.'] | raw_reason=No clear high-probability setup identified. | lot_size=0.0 | atr=0.000000 | spread_pips=0.0000 | rr=0.0000
2026-07-10 13:19:34,815 | INFO | HOLD_DECISION | pair=XAUUSD | raw_action=HOLD | final_conf=0.1819 | min_conf=0.70 | validation_passed=False | failed_checks=['Signal action is HOLD.'] | raw_reason=No clear high-probability setup identified. | lot_size=0.0 | atr=0.000000 | spread_pips=0.0000 | rr=0.0000
2026-07-10 13:19:36,316 | INFO | HOLD_DECISION | pair=BTCEUR | raw_action=HOLD | final_conf=0.1796 | min_conf=0.70 | validation_passed=False | failed_checks=['Signal action is HOLD.'] | raw_reason=No clear high-probability setup identified. | lot_size=0.0 | atr=0.000000 | spread_pips=0.0000 | rr=0.0000
2026-07-10 13:19:54,066 | INFO | HOLD_DECISION | pair=USDCHF | raw_action=HOLD | final_conf=0.1613 | min_conf=0.70 | validation_passed=False | failed_checks=['Signal action is HOLD.'] | raw_reason=No clear high-probability setup identified. | lot_size=0.0 | atr=0.000000 | spread_pips=0.0000 | rr=0.0000
2026-07-10 13:19:57,585 | INFO | HOLD_DECISION | pair=GBPUSD | raw_action=HOLD | final_conf=0.1805 | min_conf=0.70 | validation_passed=False | failed_checks=['Signal action is HOLD.'] | raw_reason=No clear high-probability setup identified. | lot_size=0.0 | atr=0.000000 | spread_pips=0.0000 | rr=0.0000
2026-07-10 13:20:07,183 | INFO | HOLD_DECISION | pair=USDCHF | raw_action=HOLD | final_conf=0.1613 | min_conf=0.70 | validation_passed=False | failed_checks=['Signal action is HOLD.'] | raw_reason=No clear high-probability setup identified. | lot_size=0.0 | atr=0.000000 | spread_pips=0.0000 | rr=0.0000
2026-07-10 13:20:50,378 | INFO | HOLD_DECISION | pair=AUDUSD | raw_action=HOLD | final_conf=0.1821 | min_conf=0.70 | validation_passed=False | failed_checks=['Signal action is HOLD.'] | raw_reason=No clear high-probability setup identified. | lot_size=0.0 | atr=0.000000 | spread_pips=0.0000 | rr=0.0000
2026-07-10 13:22:02,748 | INFO | HOLD_DECISION | pair=BTCEUR | raw_action=HOLD | final_conf=0.1796 | min_conf=0.70 | validation_passed=False | failed_checks=['Signal action is HOLD.'] | raw_reason=No clear high-probability setup identified. | lot_size=0.0 | atr=0.000000 | spread_pips=0.0000 | rr=0.0000
2026-07-10 13:22:03,229 | INFO | HOLD_DECISION | pair=BTCUSD | raw_action=HOLD | final_conf=0.1744 | min_conf=0.70 | validation_passed=False | failed_checks=['Signal action is HOLD.'] | raw_reason=No clear high-probability setup identified. | lot_size=0.0 | atr=0.000000 | spread_pips=0.0000 | rr=0.0000
2026-07-10 13:22:03,230 | INFO | HOLD_DECISION | pair=GBPUSD | raw_action=HOLD | final_conf=0.1805 | min_conf=0.70 | validation_passed=False | failed_checks=['Signal action is HOLD.'] | raw_reason=No clear high-probability setup identified. | lot_size=0.0 | atr=0.000000 | spread_pips=0.0000 | rr=0.0000
2026-07-10 13:22:04,034 | INFO | HOLD_DECISION | pair=XAUUSD | raw_action=HOLD | final_conf=0.1819 | min_conf=0.70 | validation_passed=False | failed_checks=['Signal action is HOLD.'] | raw_reason=No clear high-probability setup identified. | lot_size=0.0 | atr=0.000000 | spread_pips=0.0000 | rr=0.0000
2026-07-10 13:22:04,275 | INFO | HOLD_DECISION | pair=USDCHF | raw_action=HOLD | final_conf=0.1613 | min_conf=0.70 | validation_passed=False | failed_checks=['Signal action is HOLD.'] | raw_reason=No clear high-probability setup identified. | lot_size=0.0 | atr=0.000000 | spread_pips=0.0000 | rr=0.0000
2026-07-10 13:22:04,348 | INFO | HOLD_DECISION | pair=AUDUSD | raw_action=HOLD | final_conf=0.1821 | min_conf=0.70 | validation_passed=False | failed_checks=['Signal action is HOLD.'] | raw_reason=No clear high-probability setup identified. | lot_size=0.0 | atr=0.000000 | spread_pips=0.0000 | rr=0.0000
2026-07-10 13:22:04,406 | INFO | HOLD_DECISION | pair=EURUSD | raw_action=HOLD | final_conf=0.1723 | min_conf=0.70 | validation_passed=False | failed_checks=['Signal action is HOLD.'] | raw_reason=No clear high-probability setup identified. | lot_size=0.0 | atr=0.000000 | spread_pips=0.0000 | rr=0.0000
2026-07-10 13:22:04,408 | INFO | HOLD_DECISION | pair=USDCAD | raw_action=HOLD | final_conf=0.1770 | min_conf=0.70 | validation_passed=False | failed_checks=['Signal action is HOLD.'] | raw_reason=No clear high-probability setup identified. | lot_size=0.0 | atr=0.000000 | spread_pips=0.0000 | rr=0.0000
2026-07-10 13:22:04,410 | INFO | HOLD_DECISION | pair=NZDUSD | raw_action=HOLD | final_conf=0.1907 | min_conf=0.70 | validation_passed=False | failed_checks=['Signal action is HOLD.'] | raw_reason=No clear high-probability setup identified. | lot_size=0.0 | atr=0.000000 | spread_pips=0.0000 | rr=0.0000
2026-07-10 13:22:04,412 | INFO | HOLD_DECISION | pair=USDJPY | raw_action=HOLD | final_conf=0.1768 | min_conf=0.70 | validation_passed=False | failed_checks=['Signal action is HOLD.'] | raw_reason=No clear high-probability setup identified. | lot_size=0.0 | atr=0.000000 | spread_pips=0.0000 | rr=0.0000
2026-07-10 13:22:17,906 | INFO | HOLD_DECISION | pair=GBPUSD | raw_action=HOLD | final_conf=0.1805 | min_conf=0.70 | validation_passed=False | failed_checks=['Signal action is HOLD.'] | raw_reason=No clear high-probability setup identified. | lot_size=0.0 | atr=0.000000 | spread_pips=0.0000 | rr=0.0000
2026-07-10 13:22:17,924 | INFO | HOLD_DECISION | pair=USDCHF | raw_action=HOLD | final_conf=0.1613 | min_conf=0.70 | validation_passed=False | failed_checks=['Signal action is HOLD.'] | raw_reason=No clear high-probability setup identified. | lot_size=0.0 | atr=0.000000 | spread_pips=0.0000 | rr=0.0000
2026-07-10 13:22:17,954 | INFO | HOLD_DECISION | pair=BTCEUR | raw_action=HOLD | final_conf=0.1796 | min_conf=0.70 | validation_passed=False | failed_checks=['Signal action is HOLD.'] | raw_reason=No clear high-probability setup identified. | lot_size=0.0 | atr=0.000000 | spread_pips=0.0000 | rr=0.0000
2026-07-10 13:22:18,149 | INFO | HOLD_DECISION | pair=BTCUSD | raw_action=HOLD | final_conf=0.1744 | min_conf=0.70 | validation_passed=False | failed_checks=['Signal action is HOLD.'] | raw_reason=No clear high-probability setup identified. | lot_size=0.0 | atr=0.000000 | spread_pips=0.0000 | rr=0.0000
2026-07-10 13:22:18,366 | INFO | HOLD_DECISION | pair=USDCAD | raw_action=HOLD | final_conf=0.1770 | min_conf=0.70 | validation_passed=False | failed_checks=['Signal action is HOLD.'] | raw_reason=No clear high-probability setup identified. | lot_size=0.0 | atr=0.000000 | spread_pips=0.0000 | rr=0.0000
2026-07-10 13:22:18,367 | INFO | HOLD_DECISION | pair=USDJPY | raw_action=HOLD | final_conf=0.1768 | min_conf=0.70 | validation_passed=False | failed_checks=['Signal action is HOLD.'] | raw_reason=No clear high-probability setup identified. | lot_size=0.0 | atr=0.000000 | spread_pips=0.0000 | rr=0.0000
2026-07-10 13:22:18,369 | INFO | HOLD_DECISION | pair=AUDUSD | raw_action=HOLD | final_conf=0.1821 | min_conf=0.70 | validation_passed=False | failed_checks=['Signal action is HOLD.'] | raw_reason=No clear high-probability setup identified. | lot_size=0.0 | atr=0.000000 | spread_pips=0.0000 | rr=0.0000
2026-07-10 13:22:18,371 | INFO | HOLD_DECISION | pair=XAUUSD | raw_action=HOLD | final_conf=0.1819 | min_conf=0.70 | validation_passed=False | failed_checks=['Signal action is HOLD.'] | raw_reason=No clear high-probability setup identified. | lot_size=0.0 | atr=0.000000 | spread_pips=0.0000 | rr=0.0000
2026-07-10 13:22:18,373 | INFO | HOLD_DECISION | pair=EURUSD | raw_action=HOLD | final_conf=0.1723 | min_conf=0.70 | validation_passed=False | failed_checks=['Signal action is HOLD.'] | raw_reason=No clear high-probability setup identified. | lot_size=0.0 | atr=0.000000 | spread_pips=0.0000 | rr=0.0000
2026-07-10 13:22:18,390 | INFO | HOLD_DECISION | pair=NZDUSD | raw_action=HOLD | final_conf=0.1907 | min_conf=0.70 | validation_passed=False | failed_checks=['Signal action is HOLD.'] | raw_reason=No clear high-probability setup identified. | lot_size=0.0 | atr=0.000000 | spread_pips=0.0000 | rr=0.0000
2026-07-10 13:22:42,277 | INFO | HOLD_DECISION | pair=GBPUSD | raw_action=HOLD | final_conf=0.1866 | min_conf=0.70 | validation_passed=False | failed_checks=['Signal action is HOLD.'] | raw_reason=No clear high-probability setup identified. | lot_size=0.0 | atr=0.000000 | spread_pips=0.0000 | rr=0.0000
2026-07-10 13:22:42,280 | INFO | HOLD_DECISION | pair=BTCEUR | raw_action=HOLD | final_conf=0.1606 | min_conf=0.70 | validation_passed=False | failed_checks=['Signal action is HOLD.'] | raw_reason=No clear high-probability setup identified. | lot_size=0.0 | atr=0.000000 | spread_pips=0.0000 | rr=0.0000
2026-07-10 13:22:42,282 | INFO | HOLD_DECISION | pair=AUDUSD | raw_action=HOLD | final_conf=0.1629 | min_conf=0.70 | validation_passed=False | failed_checks=['Signal action is HOLD.'] | raw_reason=No clear high-probability setup identified. | lot_size=0.0 | atr=0.000000 | spread_pips=0.0000 | rr=0.0000
2026-07-10 13:22:42,286 | INFO | HOLD_DECISION | pair=BTCUSD | raw_action=HOLD | final_conf=0.1552 | min_conf=0.70 | validation_passed=False | failed_checks=['Signal action is HOLD.'] | raw_reason=No clear high-probability setup identified. | lot_size=0.0 | atr=0.000000 | spread_pips=0.0000 | rr=0.0000
2026-07-10 13:22:42,346 | INFO | HOLD_DECISION | pair=USDCAD | raw_action=HOLD | final_conf=0.1941 | min_conf=0.70 | validation_passed=False | failed_checks=['Signal action is HOLD.'] | raw_reason=No clear high-probability setup identified. | lot_size=0.0 | atr=0.000000 | spread_pips=0.0000 | rr=0.0000
2026-07-10 13:22:42,355 | INFO | HOLD_DECISION | pair=USDCHF | raw_action=HOLD | final_conf=0.1805 | min_conf=0.70 | validation_passed=False | failed_checks=['Signal action is HOLD.'] | raw_reason=No clear high-probability setup identified. | lot_size=0.0 | atr=0.000000 | spread_pips=0.0000 | rr=0.0000
2026-07-10 13:22:42,373 | INFO | HOLD_DECISION | pair=USDJPY | raw_action=HOLD | final_conf=0.1417 | min_conf=0.70 | validation_passed=False | failed_checks=['Signal action is HOLD.'] | raw_reason=No clear high-probability setup identified. | lot_size=0.0 | atr=0.000000 | spread_pips=0.0000 | rr=0.0000
2026-07-10 13:22:42,409 | INFO | HOLD_DECISION | pair=EURUSD | raw_action=HOLD | final_conf=0.1721 | min_conf=0.70 | validation_passed=False | failed_checks=['Signal action is HOLD.'] | raw_reason=No clear high-probability setup identified. | lot_size=0.0 | atr=0.000000 | spread_pips=0.0000 | rr=0.0000
2026-07-10 13:22:42,414 | INFO | HOLD_DECISION | pair=XAUUSD | raw_action=HOLD | final_conf=0.1627 | min_conf=0.70 | validation_passed=False | failed_checks=['Signal action is HOLD.'] | raw_reason=No clear high-probability setup identified. | lot_size=0.0 | atr=0.000000 | spread_pips=0.0000 | rr=0.0000
2026-07-10 13:22:52,771 | INFO | HOLD_DECISION | pair=NZDUSD | raw_action=HOLD | final_conf=0.1768 | min_conf=0.70 | validation_passed=False | failed_checks=['Signal action is HOLD.'] | raw_reason=No clear high-probability setup identified. | lot_size=0.0 | atr=0.000000 | spread_pips=0.0000 | rr=0.0000
2026-07-10 13:24:21,820 | INFO | HOLD_DECISION | pair=BTCEUR | raw_action=HOLD | final_conf=0.1606 | min_conf=0.70 | validation_passed=False | failed_checks=['Signal action is HOLD.'] | raw_reason=No clear high-probability setup identified. | lot_size=0.0 | atr=0.000000 | spread_pips=0.0000 | rr=0.0000
2026-07-10 13:24:21,825 | INFO | HOLD_DECISION | pair=XAUUSD | raw_action=HOLD | final_conf=0.1627 | min_conf=0.70 | validation_passed=False | failed_checks=['Signal action is HOLD.'] | raw_reason=No clear high-probability setup identified. | lot_size=0.0 | atr=0.000000 | spread_pips=0.0000 | rr=0.0000
2026-07-10 13:24:21,828 | INFO | HOLD_DECISION | pair=BTCUSD | raw_action=HOLD | final_conf=0.1552 | min_conf=0.70 | validation_passed=False | failed_checks=['Signal action is HOLD.'] | raw_reason=No clear high-probability setup identified. | lot_size=0.0 | atr=0.000000 | spread_pips=0.0000 | rr=0.0000
2026-07-10 13:24:21,842 | INFO | HOLD_DECISION | pair=AUDUSD | raw_action=HOLD | final_conf=0.1629 | min_conf=0.70 | validation_passed=False | failed_checks=['Signal action is HOLD.'] | raw_reason=No clear high-probability setup identified. | lot_size=0.0 | atr=0.000000 | spread_pips=0.0000 | rr=0.0000
2026-07-10 13:24:21,843 | INFO | HOLD_DECISION | pair=GBPUSD | raw_action=HOLD | final_conf=0.1866 | min_conf=0.70 | validation_passed=False | failed_checks=['Signal action is HOLD.'] | raw_reason=No clear high-probability setup identified. | lot_size=0.0 | atr=0.000000 | spread_pips=0.0000 | rr=0.0000
2026-07-10 13:24:21,861 | INFO | HOLD_DECISION | pair=NZDUSD | raw_action=HOLD | final_conf=0.1768 | min_conf=0.70 | validation_passed=False | failed_checks=['Signal action is HOLD.'] | raw_reason=No clear high-probability setup identified. | lot_size=0.0 | atr=0.000000 | spread_pips=0.0000 | rr=0.0000
2026-07-10 13:24:21,863 | INFO | HOLD_DECISION | pair=USDJPY | raw_action=HOLD | final_conf=0.1417 | min_conf=0.70 | validation_passed=False | failed_checks=['Signal action is HOLD.'] | raw_reason=No clear high-probability setup identified. | lot_size=0.0 | atr=0.000000 | spread_pips=0.0000 | rr=0.0000
2026-07-10 13:24:21,866 | INFO | HOLD_DECISION | pair=USDCHF | raw_action=HOLD | final_conf=0.1805 | min_conf=0.70 | validation_passed=False | failed_checks=['Signal action is HOLD.'] | raw_reason=No clear high-probability setup identified. | lot_size=0.0 | atr=0.000000 | spread_pips=0.0000 | rr=0.0000
2026-07-10 13:24:21,887 | INFO | HOLD_DECISION | pair=USDCAD | raw_action=HOLD | final_conf=0.1941 | min_conf=0.70 | validation_passed=False | failed_checks=['Signal action is HOLD.'] | raw_reason=No clear high-probability setup identified. | lot_size=0.0 | atr=0.000000 | spread_pips=0.0000 | rr=0.0000
