2026-06-13 02:56:35,840 - LiveEngine - INFO - ForexAI Real-Time Engine Started.
2026-06-13 02:56:35,842 - LiveEngine - INFO - --- Starting Live Cycle: EURUSD H1 ---
2026-06-13 02:56:35,849 - LiveEngine - INFO - --- Starting Live Cycle: GBPUSD H1 ---
2026-06-13 02:56:35,852 - LiveEngine - INFO - --- Starting Live Cycle: USDJPY H1 ---
2026-06-13 02:57:08,687 - httpx - INFO - HTTP Request: GET https://datafeed.dukascopy.com/datafeed/EURUSD/2026/05/11/05h_ticks.bi5 "HTTP/1.1 200 OK"
2026-06-13 02:57:08,743 - httpx - INFO - HTTP Request: GET https://datafeed.dukascopy.com/datafeed/EURUSD/2026/05/11/11h_ticks.bi5 "HTTP/1.1 200 OK"
2026-06-13 02:57:08,761 - httpx - INFO - HTTP Request: GET https://datafeed.dukascopy.com/datafeed/EURUSD/2026/05/11/15h_ticks.bi5 "HTTP/1.1 200 OK"
2026-06-13 02:57:08,804 - httpx - INFO - HTTP Request: GET https://datafeed.dukascopy.com/datafeed/EURUSD/2026/05/11/23h_ticks.bi5 "HTTP/1.1 200 OK"
2026-06-13 02:57:08,806 - httpx - INFO - HTTP Request: GET https://datafeed.dukascopy.com/datafeed/EURUSD/2026/05/11/03h_ticks.bi5 "HTTP/1.1 200 OK"
2026-06-13 02:57:08,807 - httpx - INFO - HTTP Request: GET https://datafeed.dukascopy.com/datafeed/EURUSD/2026/05/11/23h_ticks.bi5 "HTTP/1.1 200 OK"
2026-06-13 02:57:09,095 - httpx - INFO - HTTP Request: GET https://datafeed.dukascopy.com/datafeed/EURUSD/2026/05/11/17h_ticks.bi5 "HTTP/1.1 200 OK"
2026-06-13 02:57:21,625 - httpx - INFO - HTTP Request: GET https://datafeed.dukascopy.com/datafeed/EURUSD/2026/05/10/06h_ticks.bi5 "HTTP/1.1 200 OK"
2026-06-13 02:57:21,688 - httpx - INFO - HTTP Request: GET https://datafeed.dukascopy.com/datafeed/EURUSD/2026/05/10/00h_ticks.bi5 "HTTP/1.1 200 OK"
2026-06-13 02:57:21,716 - httpx - INFO - HTTP Request: GET https://datafeed.dukascopy.com/datafeed/EURUSD/2026/05/10/05h_ticks.bi5 "HTTP/1.1 200 OK"
2026-06-13 02:57:21,814 - httpx - INFO - HTTP Request: GET https://datafeed.dukascopy.com/datafeed/EURUSD/2026/05/10/09h_ticks.bi5 "HTTP/1.1 200 OK"
2026-06-13 02:57:21,871 - httpx - INFO - HTTP Request: GET https://datafeed.dukascopy.com/datafeed/EURUSD/2026/05/10/07h_ticks.bi5 "HTTP/1.1 200 OK"
2026-06-13 02:57:21,888 - httpx - INFO - HTTP Request: GET https://datafeed.dukascopy.com/datafeed/EURUSD/2026/05/10/23h_ticks.bi5 "HTTP/1.1 200 OK"
2026-06-13 02:57:21,929 - httpx - INFO - HTTP Request: GET https://datafeed.dukascopy.com/datafeed/EURUSD/2026/05/10/02h_ticks.bi5 "HTTP/1.1 200 OK"
2026-06-13 02:57:21,943 - httpx - INFO - HTTP Request: GET https://datafeed.dukascopy.com/datafeed/EURUSD/2026/05/10/10h_ticks.bi5 "HTTP/1.1 200 OK"
2026-06-13 02:57:21,990 - httpx - INFO - HTTP Request: GET https://datafeed.dukascopy.com/datafeed/EURUSD/2026/05/10/18h_ticks.bi5 "HTTP/1.1 200 OK"
2026-06-13 02:57:22,036 - httpx - INFO - HTTP Request: GET https://datafeed.dukascopy.com/datafeed/EURUSD/2026/05/10/08h_ticks.bi5 "HTTP/1.1 200 OK"
2026-06-13 02:57:22,162 - httpx - INFO - HTTP Request: GET https://datafeed.dukascopy.com/datafeed/EURUSD/2026/05/10/17h_ticks.bi5 "HTTP/1.1 200 OK"
2026-06-13 02:57:22,203 - httpx - INFO - HTTP Request: GET https://datafeed.dukascopy.com/datafeed/EURUSD/2026/05/10/03h_ticks.bi5 "HTTP/1.1 200 OK"
2026-06-13 02:57:22,239 - httpx - INFO - HTTP Request: GET https://datafeed.dukascopy.com/datafeed/EURUSD/2026/05/10/01h_ticks.bi5 "HTTP/1.1 200 OK"
2026-06-13 02:57:22,260 - httpx - INFO - HTTP Request: GET https://datafeed.dukascopy.com/datafeed/EURUSD/2026/05/10/15h_ticks.bi5 "HTTP/1.1 200 OK"
2026-06-13 02:57:22,262 - httpx - INFO - HTTP Request: GET https://datafeed.dukascopy.com/datafeed/EURUSD/2026/05/10/09h_ticks.bi5 "HTTP/1.1 200 OK"
2026-06-13 02:57:22,319 - httpx - INFO - HTTP Request: GET https://datafeed.dukascopy.com/datafeed/EURUSD/2026/05/10/00h_ticks.bi5 "HTTP/1.1 200 OK"
2026-06-13 02:57:22,339 - httpx - INFO - HTTP Request: GET https://datafeed.dukascopy.com/datafeed/EURUSD/2026/05/10/13h_ticks.bi5 "HTTP/1.1 200 OK"
2026-06-13 02:57:22,424 - httpx - INFO - HTTP Request: GET https://datafeed.dukascopy.com/datafeed/EURUSD/2026/05/10/04h_ticks.bi5 "HTTP/1.1 200 OK"
2026-06-13 02:57:22,426 - httpx - INFO - HTTP Request: GET https://datafeed.dukascopy.com/datafeed/EURUSD/2026/05/10/07h_ticks.bi5 "HTTP/1.1 200 OK"
2026-06-13 02:57:22,439 - httpx - INFO - HTTP Request: GET https://datafeed.dukascopy.com/datafeed/EURUSD/2026/05/10/22h_ticks.bi5 "HTTP/1.1 200 OK"
2026-06-13 02:57:22,441 - httpx - INFO - HTTP Request: GET https://datafeed.dukascopy.com/datafeed/EURUSD/2026/05/10/12h_ticks.bi5 "HTTP/1.1 200 OK"
2026-06-13 02:57:22,499 - httpx - INFO - HTTP Request: GET https://datafeed.dukascopy.com/datafeed/EURUSD/2026/05/10/13h_ticks.bi5 "HTTP/1.1 200 OK"
2026-06-13 02:57:22,534 - httpx - INFO - HTTP Request: GET https://datafeed.dukascopy.com/datafeed/EURUSD/2026/05/10/15h_ticks.bi5 "HTTP/1.1 200 OK"
2026-06-13 02:57:22,574 - httpx - INFO - HTTP Request: GET https://datafeed.dukascopy.com/datafeed/EURUSD/2026/05/10/11h_ticks.bi5 "HTTP/1.1 200 OK"
2026-06-13 02:57:22,607 - httpx - INFO - HTTP Request: GET https://datafeed.dukascopy.com/datafeed/EURUSD/2026/05/10/20h_ticks.bi5 "HTTP/1.1 200 OK"
2026-06-13 02:57:22,616 - httpx - INFO - HTTP Request: GET https://datafeed.dukascopy.com/datafeed/EURUSD/2026/05/10/14h_ticks.bi5 "HTTP/1.1 200 OK"
2026-06-13 02:57:23,803 - httpx - INFO - HTTP Request: GET https://datafeed.dukascopy.com/datafeed/EURUSD/2026/05/10/09h_ticks.bi5 "HTTP/1.1 200 OK"
2026-06-13 02:57:23,821 - httpx - INFO - HTTP Request: GET https://datafeed.dukascopy.com/datafeed/EURUSD/2026/05/10/02h_ticks.bi5 "HTTP/1.1 200 OK"
2026-06-13 02:57:23,858 - httpx - INFO - HTTP Request: GET https://datafeed.dukascopy.com/datafeed/EURUSD/2026/05/10/12h_ticks.bi5 "HTTP/1.1 200 OK"
2026-06-13 02:57:23,898 - httpx - INFO - HTTP Request: GET https://datafeed.dukascopy.com/datafeed/EURUSD/2026/05/10/01h_ticks.bi5 "HTTP/1.1 200 OK"
2026-06-13 02:57:23,919 - httpx - INFO - HTTP Request: GET https://datafeed.dukascopy.com/datafeed/EURUSD/2026/05/10/11h_ticks.bi5 "HTTP/1.1 200 OK"
2026-06-13 02:57:23,920 - httpx - INFO - HTTP Request: GET https://datafeed.dukascopy.com/datafeed/EURUSD/2026/05/10/12h_ticks.bi5 "HTTP/1.1 200 OK"
2026-06-13 02:57:23,920 - httpx - INFO - HTTP Request: GET https://datafeed.dukascopy.com/datafeed/EURUSD/2026/05/10/23h_ticks.bi5 "HTTP/1.1 200 OK"
2026-06-13 02:57:23,922 - httpx - INFO - HTTP Request: GET https://datafeed.dukascopy.com/datafeed/EURUSD/2026/05/10/23h_ticks.bi5 "HTTP/1.1 200 OK"
2026-06-13 02:57:24,025 - httpx - INFO - HTTP Request: GET https://datafeed.dukascopy.com/datafeed/EURUSD/2026/05/10/16h_ticks.bi5 "HTTP/1.1 200 OK"
2026-06-13 02:57:24,026 - httpx - INFO - HTTP Request: GET https://datafeed.dukascopy.com/datafeed/EURUSD/2026/05/10/18h_ticks.bi5 "HTTP/1.1 200 OK"
2026-06-13 02:57:24,325 - httpx - INFO - HTTP Request: GET https://datafeed.dukascopy.com/datafeed/EURUSD/2026/05/10/03h_ticks.bi5 "HTTP/1.1 200 OK"
2026-06-13 02:57:24,327 - httpx - INFO - HTTP Request: GET https://datafeed.dukascopy.com/datafeed/EURUSD/2026/05/10/10h_ticks.bi5 "HTTP/1.1 200 OK"
2026-06-13 02:57:24,385 - httpx - INFO - HTTP Request: GET https://datafeed.dukascopy.com/datafeed/EURUSD/2026/05/10/11h_ticks.bi5 "HTTP/1.1 200 OK"
2026-06-13 02:57:24,387 - httpx - INFO - HTTP Request: GET https://datafeed.dukascopy.com/datafeed/EURUSD/2026/05/10/16h_ticks.bi5 "HTTP/1.1 200 OK"
2026-06-13 02:57:41,834 - httpx - INFO - HTTP Request: GET https://datafeed.dukascopy.com/datafeed/EURUSD/2026/05/08/03h_ticks.bi5 "HTTP/1.1 200 OK"
2026-06-13 02:57:41,876 - httpx - INFO - HTTP Request: GET https://datafeed.dukascopy.com/datafeed/EURUSD/2026/05/08/14h_ticks.bi5 "HTTP/1.1 200 OK"
2026-06-13 02:57:42,009 - httpx - INFO - HTTP Request: GET https://datafeed.dukascopy.com/datafeed/EURUSD/2026/05/08/06h_ticks.bi5 "HTTP/1.1 503 Service Temporarily Unavailable"
2026-06-13 02:57:42,012 - httpx - INFO - HTTP Request: GET https://datafeed.dukascopy.com/datafeed/EURUSD/2026/05/08/04h_ticks.bi5 "HTTP/1.1 503 Service Temporarily Unavailable"
2026-06-13 02:57:42,014 - httpx - INFO - HTTP Request: GET https://datafeed.dukascopy.com/datafeed/EURUSD/2026/05/08/22h_ticks.bi5 "HTTP/1.1 503 Service Temporarily Unavailable"
2026-06-13 02:57:42,015 - httpx - INFO - HTTP Request: GET https://datafeed.dukascopy.com/datafeed/EURUSD/2026/05/08/00h_ticks.bi5 "HTTP/1.1 503 Service Temporarily Unavailable"
2026-06-13 02:57:42,016 - httpx - INFO - HTTP Request: GET https://datafeed.dukascopy.com/datafeed/EURUSD/2026/05/08/05h_ticks.bi5 "HTTP/1.1 503 Service Temporarily Unavailable"
2026-06-13 02:57:42,018 - httpx - INFO - HTTP Request: GET https://datafeed.dukascopy.com/datafeed/EURUSD/2026/05/08/12h_ticks.bi5 "HTTP/1.1 503 Service Temporarily Unavailable"
2026-06-13 02:57:42,020 - httpx - INFO - HTTP Request: GET https://datafeed.dukascopy.com/datafeed/EURUSD/2026/05/08/15h_ticks.bi5 "HTTP/1.1 503 Service Temporarily Unavailable"
2026-06-13 02:57:42,022 - httpx - INFO - HTTP Request: GET https://datafeed.dukascopy.com/datafeed/EURUSD/2026/05/08/22h_ticks.bi5 "HTTP/1.1 503 Service Temporarily Unavailable"
2026-06-13 02:57:42,023 - httpx - INFO - HTTP Request: GET https://datafeed.dukascopy.com/datafeed/EURUSD/2026/05/08/09h_ticks.bi5 "HTTP/1.1 503 Service Temporarily Unavailable"
2026-06-13 02:57:42,026 - httpx - INFO - HTTP Request: GET https://datafeed.dukascopy.com/datafeed/EURUSD/2026/05/08/03h_ticks.bi5 "HTTP/1.1 503 Service Temporarily Unavailable"
2026-06-13 02:57:42,028 - httpx - INFO - HTTP Request: GET https://datafeed.dukascopy.com/datafeed/EURUSD/2026/05/08/08h_ticks.bi5 "HTTP/1.1 503 Service Temporarily Unavailable"
2026-06-13 02:57:42,030 - httpx - INFO - HTTP Request: GET https://datafeed.dukascopy.com/datafeed/EURUSD/2026/05/08/17h_ticks.bi5 "HTTP/1.1 503 Service Temporarily Unavailable"
2026-06-13 02:57:42,032 - httpx - INFO - HTTP Request: GET https://datafeed.dukascopy.com/datafeed/EURUSD/2026/05/08/00h_ticks.bi5 "HTTP/1.1 503 Service Temporarily Unavailable"
2026-06-13 02:57:42,034 - httpx - INFO - HTTP Request: GET https://datafeed.dukascopy.com/datafeed/EURUSD/2026/05/08/07h_ticks.bi5 "HTTP/1.1 503 Service Temporarily Unavailable"
2026-06-13 02:57:42,036 - httpx - INFO - HTTP Request: GET https://datafeed.dukascopy.com/datafeed/EURUSD/2026/05/08/18h_ticks.bi5 "HTTP/1.1 503 Service Temporarily Unavailable"
2026-06-13 02:57:42,037 - httpx - INFO - HTTP Request: GET https://datafeed.dukascopy.com/datafeed/EURUSD/2026/05/08/02h_ticks.bi5 "HTTP/1.1 503 Service Temporarily Unavailable"
2026-06-13 02:57:42,039 - httpx - INFO - HTTP Request: GET https://datafeed.dukascopy.com/datafeed/EURUSD/2026/05/08/22h_ticks.bi5 "HTTP/1.1 503 Service Temporarily Unavailable"
2026-06-13 02:57:42,040 - httpx - INFO - HTTP Request: GET https://datafeed.dukascopy.com/datafeed/EURUSD/2026/05/08/12h_ticks.bi5 "HTTP/1.1 503 Service Temporarily Unavailable"
2026-06-13 02:57:42,043 - httpx - INFO - HTTP Request: GET https://datafeed.dukascopy.com/datafeed/EURUSD/2026/05/08/05h_ticks.bi5 "HTTP/1.1 503 Service Temporarily Unavailable"
2026-06-13 02:57:42,046 - httpx - INFO - HTTP Request: GET https://datafeed.dukascopy.com/datafeed/EURUSD/2026/05/08/11h_ticks.bi5 "HTTP/1.1 503 Service Temporarily Unavailable"
2026-06-13 02:57:42,048 - httpx - INFO - HTTP Request: GET https://datafeed.dukascopy.com/datafeed/EURUSD/2026/05/08/06h_ticks.bi5 "HTTP/1.1 503 Service Temporarily Unavailable"
2026-06-13 02:57:42,049 - httpx - INFO - HTTP Request: GET https://datafeed.dukascopy.com/datafeed/EURUSD/2026/05/08/19h_ticks.bi5 "HTTP/1.1 503 Service Temporarily Unavailable"
2026-06-13 02:57:42,051 - httpx - INFO - HTTP Request: GET https://datafeed.dukascopy.com/datafeed/EURUSD/2026/05/08/00h_ticks.bi5 "HTTP/1.1 503 Service Temporarily Unavailable"
2026-06-13 02:57:42,053 - httpx - INFO - HTTP Request: GET https://datafeed.dukascopy.com/datafeed/EURUSD/2026/05/08/20h_ticks.bi5 "HTTP/1.1 503 Service Temporarily Unavailable"
2026-06-13 02:57:42,054 - httpx - INFO - HTTP Request: GET https://datafeed.dukascopy.com/datafeed/EURUSD/2026/05/08/21h_ticks.bi5 "HTTP/1.1 503 Service Temporarily Unavailable"
2026-06-13 02:57:42,056 - httpx - INFO - HTTP Request: GET https://datafeed.dukascopy.com/datafeed/EURUSD/2026/05/08/14h_ticks.bi5 "HTTP/1.1 503 Service Temporarily Unavailable"
2026-06-13 02:57:42,059 - httpx - INFO - HTTP Request: GET https://datafeed.dukascopy.com/datafeed/EURUSD/2026/05/08/18h_ticks.bi5 "HTTP/1.1 503 Service Temporarily Unavailable"
2026-06-13 02:57:42,060 - httpx - INFO - HTTP Request: GET https://datafeed.dukascopy.com/datafeed/EURUSD/2026/05/08/23h_ticks.bi5 "HTTP/1.1 503 Service Temporarily Unavailable"
2026-06-13 02:57:42,062 - httpx - INFO - HTTP Request: GET https://datafeed.dukascopy.com/datafeed/EURUSD/2026/05/08/07h_ticks.bi5 "HTTP/1.1 503 Service Temporarily Unavailable"
2026-06-13 02:57:42,064 - httpx - INFO - HTTP Request: GET https://datafeed.dukascopy.com/datafeed/EURUSD/2026/05/08/23h_ticks.bi5 "HTTP/1.1 503 Service Temporarily Unavailable"
2026-06-13 02:57:42,065 - httpx - INFO - HTTP Request: GET https://datafeed.dukascopy.com/datafeed/EURUSD/2026/05/08/15h_ticks.bi5 "HTTP/1.1 503 Service Temporarily Unavailable"
2026-06-13 02:57:42,067 - httpx - INFO - HTTP Request: GET https://datafeed.dukascopy.com/datafeed/EURUSD/2026/05/08/09h_ticks.bi5 "HTTP/1.1 503 Service Temporarily Unavailable"
2026-06-13 02:57:42,069 - httpx - INFO - HTTP Request: GET https://datafeed.dukascopy.com/datafeed/EURUSD/2026/05/08/14h_ticks.bi5 "HTTP/1.1 503 Service Temporarily Unavailable"
2026-06-13 02:57:42,071 - httpx - INFO - HTTP Request: GET https://datafeed.dukascopy.com/datafeed/EURUSD/2026/05/08/19h_ticks.bi5 "HTTP/1.1 503 Service Temporarily Unavailable"
2026-06-13 02:57:42,072 - httpx - INFO - HTTP Request: GET https://datafeed.dukascopy.com/datafeed/EURUSD/2026/05/08/17h_ticks.bi5 "HTTP/1.1 503 Service Temporarily Unavailable"
2026-06-13 02:57:42,074 - httpx - INFO - HTTP Request: GET https://datafeed.dukascopy.com/datafeed/EURUSD/2026/05/08/01h_ticks.bi5 "HTTP/1.1 503 Service Temporarily Unavailable"
2026-06-13 02:57:42,076 - httpx - INFO - HTTP Request: GET https://datafeed.dukascopy.com/datafeed/EURUSD/2026/05/08/13h_ticks.bi5 "HTTP/1.1 503 Service Temporarily Unavailable"
2026-06-13 02:57:42,078 - httpx - INFO - HTTP Request: GET https://datafeed.dukascopy.com/datafeed/EURUSD/2026/05/08/01h_ticks.bi5 "HTTP/1.1 503 Service Temporarily Unavailable"
2026-06-13 02:57:42,080 - httpx - INFO - HTTP Request: GET https://datafeed.dukascopy.com/datafeed/EURUSD/2026/05/08/08h_ticks.bi5 "HTTP/1.1 503 Service Temporarily Unavailable"
2026-06-13 02:57:42,081 - httpx - INFO - HTTP Request: GET https://datafeed.dukascopy.com/datafeed/EURUSD/2026/05/08/16h_ticks.bi5 "HTTP/1.1 503 Service Temporarily Unavailable"
2026-06-13 02:57:42,084 - httpx - INFO - HTTP Request: GET https://datafeed.dukascopy.com/datafeed/EURUSD/2026/05/08/21h_ticks.bi5 "HTTP/1.1 503 Service Temporarily Unavailable"
2026-06-13 02:57:42,087 - httpx - INFO - HTTP Request: GET https://datafeed.dukascopy.com/datafeed/EURUSD/2026/05/08/02h_ticks.bi5 "HTTP/1.1 503 Service Temporarily Unavailable"
2026-06-13 02:57:42,091 - httpx - INFO - HTTP Request: GET https://datafeed.dukascopy.com/datafeed/EURUSD/2026/05/08/13h_ticks.bi5 "HTTP/1.1 503 Service Temporarily Unavailable"
2026-06-13 02:57:42,093 - httpx - INFO - HTTP Request: GET https://datafeed.dukascopy.com/datafeed/EURUSD/2026/05/08/20h_ticks.bi5 "HTTP/1.1 503 Service Temporarily Unavailable"
2026-06-13 02:57:42,096 - httpx - INFO - HTTP Request: GET https://datafeed.dukascopy.com/datafeed/EURUSD/2026/05/08/23h_ticks.bi5 "HTTP/1.1 503 Service Temporarily Unavailable"
2026-06-13 02:57:42,099 - httpx - INFO - HTTP Request: GET https://datafeed.dukascopy.com/datafeed/EURUSD/2026/05/08/10h_ticks.bi5 "HTTP/1.1 503 Service Temporarily Unavailable"
2026-06-13 02:57:42,101 - httpx - INFO - HTTP Request: GET https://datafeed.dukascopy.com/datafeed/EURUSD/2026/05/08/21h_ticks.bi5 "HTTP/1.1 503 Service Temporarily Unavailable"
2026-06-13 02:57:42,103 - httpx - INFO - HTTP Request: GET https://datafeed.dukascopy.com/datafeed/EURUSD/2026/05/08/04h_ticks.bi5 "HTTP/1.1 503 Service Temporarily Unavailable"
2026-06-13 02:57:42,106 - httpx - INFO - HTTP Request: GET https://datafeed.dukascopy.com/datafeed/EURUSD/2026/05/08/03h_ticks.bi5 "HTTP/1.1 503 Service Temporarily Unavailable"
2026-06-13 02:57:42,109 - httpx - INFO - HTTP Request: GET https://datafeed.dukascopy.com/datafeed/EURUSD/2026/05/08/19h_ticks.bi5 "HTTP/1.1 503 Service Temporarily Unavailable"
2026-06-13 02:57:42,113 - httpx - INFO - HTTP Request: GET https://datafeed.dukascopy.com/datafeed/EURUSD/2026/05/08/17h_ticks.bi5 "HTTP/1.1 503 Service Temporarily Unavailable"
2026-06-13 02:57:42,117 - httpx - INFO - HTTP Request: GET https://datafeed.dukascopy.com/datafeed/EURUSD/2026/05/08/11h_ticks.bi5 "HTTP/1.1 503 Service Temporarily Unavailable"
2026-06-13 02:57:42,121 - httpx - INFO - HTTP Request: GET https://datafeed.dukascopy.com/datafeed/EURUSD/2026/05/08/07h_ticks.bi5 "HTTP/1.1 503 Service Temporarily Unavailable"
2026-06-13 02:57:42,125 - httpx - INFO - HTTP Request: GET https://datafeed.dukascopy.com/datafeed/EURUSD/2026/05/08/15h_ticks.bi5 "HTTP/1.1 503 Service Temporarily Unavailable"
2026-06-13 02:57:42,129 - httpx - INFO - HTTP Request: GET https://datafeed.dukascopy.com/datafeed/EURUSD/2026/05/08/18h_ticks.bi5 "HTTP/1.1 503 Service Temporarily Unavailable"
2026-06-13 02:57:42,191 - httpx - INFO - HTTP Request: GET https://datafeed.dukascopy.com/datafeed/EURUSD/2026/05/08/04h_ticks.bi5 "HTTP/1.1 200 OK"
2026-06-13 02:57:42,260 - httpx - INFO - HTTP Request: GET https://datafeed.dukascopy.com/datafeed/EURUSD/2026/05/08/10h_ticks.bi5 "HTTP/1.1 200 OK"
2026-06-13 02:57:42,416 - httpx - INFO - HTTP Request: GET https://datafeed.dukascopy.com/datafeed/EURUSD/2026/05/07/07h_ticks.bi5 "HTTP/1.1 503 Service Temporarily Unavailable"
2026-06-13 02:57:42,423 - httpx - INFO - HTTP Request: GET https://datafeed.dukascopy.com/datafeed/EURUSD/2026/05/07/03h_ticks.bi5 "HTTP/1.1 503 Service Temporarily Unavailable"
2026-06-13 02:57:42,438 - httpx - INFO - HTTP Request: GET https://datafeed.dukascopy.com/datafeed/EURUSD/2026/05/07/12h_ticks.bi5 "HTTP/1.1 503 Service Temporarily Unavailable"
2026-06-13 02:57:42,453 - httpx - INFO - HTTP Request: GET https://datafeed.dukascopy.com/datafeed/EURUSD/2026/05/07/06h_ticks.bi5 "HTTP/1.1 503 Service Temporarily Unavailable"
2026-06-13 02:57:42,473 - httpx - INFO - HTTP Request: GET https://datafeed.dukascopy.com/datafeed/EURUSD/2026/05/07/17h_ticks.bi5 "HTTP/1.1 503 Service Temporarily Unavailable"
2026-06-13 02:57:42,481 - httpx - INFO - HTTP Request: GET https://datafeed.dukascopy.com/datafeed/EURUSD/2026/05/08/08h_ticks.bi5 "HTTP/1.1 200 OK"
2026-06-13 02:57:42,488 - httpx - INFO - HTTP Request: GET https://datafeed.dukascopy.com/datafeed/EURUSD/2026/05/07/02h_ticks.bi5 "HTTP/1.1 503 Service Temporarily Unavailable"
2026-06-13 02:57:42,529 - httpx - INFO - HTTP Request: GET https://datafeed.dukascopy.com/datafeed/EURUSD/2026/05/07/10h_ticks.bi5 "HTTP/1.1 503 Service Temporarily Unavailable"
2026-06-13 02:57:42,542 - httpx - INFO - HTTP Request: GET https://datafeed.dukascopy.com/datafeed/EURUSD/2026/05/07/05h_ticks.bi5 "HTTP/1.1 503 Service Temporarily Unavailable"
2026-06-13 02:57:42,544 - httpx - INFO - HTTP Request: GET https://datafeed.dukascopy.com/datafeed/EURUSD/2026/05/07/16h_ticks.bi5 "HTTP/1.1 503 Service Temporarily Unavailable"
2026-06-13 02:57:42,546 - httpx - INFO - HTTP Request: GET https://datafeed.dukascopy.com/datafeed/EURUSD/2026/05/07/13h_ticks.bi5 "HTTP/1.1 503 Service Temporarily Unavailable"
2026-06-13 02:57:42,563 - httpx - INFO - HTTP Request: GET https://datafeed.dukascopy.com/datafeed/EURUSD/2026/05/07/11h_ticks.bi5 "HTTP/1.1 503 Service Temporarily Unavailable"
2026-06-13 02:57:42,575 - httpx - INFO - HTTP Request: GET https://datafeed.dukascopy.com/datafeed/EURUSD/2026/05/07/22h_ticks.bi5 "HTTP/1.1 503 Service Temporarily Unavailable"
2026-06-13 02:57:42,590 - httpx - INFO - HTTP Request: GET https://datafeed.dukascopy.com/datafeed/EURUSD/2026/05/08/05h_ticks.bi5 "HTTP/1.1 200 OK"
2026-06-13 02:57:42,676 - httpx - INFO - HTTP Request: GET https://datafeed.dukascopy.com/datafeed/EURUSD/2026/05/07/14h_ticks.bi5 "HTTP/1.1 503 Service Temporarily Unavailable"
2026-06-13 02:57:42,678 - httpx - INFO - HTTP Request: GET https://datafeed.dukascopy.com/datafeed/EURUSD/2026/05/07/20h_ticks.bi5 "HTTP/1.1 503 Service Temporarily Unavailable"
2026-06-13 02:57:42,680 - httpx - INFO - HTTP Request: GET https://datafeed.dukascopy.com/datafeed/EURUSD/2026/05/07/08h_ticks.bi5 "HTTP/1.1 503 Service Temporarily Unavailable"
2026-06-13 02:57:42,686 - httpx - INFO - HTTP Request: GET https://datafeed.dukascopy.com/datafeed/EURUSD/2026/05/07/09h_ticks.bi5 "HTTP/1.1 503 Service Temporarily Unavailable"
2026-06-13 02:57:42,687 - httpx - INFO - HTTP Request: GET https://datafeed.dukascopy.com/datafeed/EURUSD/2026/05/07/18h_ticks.bi5 "HTTP/1.1 503 Service Temporarily Unavailable"
2026-06-13 02:57:42,689 - httpx - INFO - HTTP Request: GET https://datafeed.dukascopy.com/datafeed/EURUSD/2026/05/07/15h_ticks.bi5 "HTTP/1.1 503 Service Temporarily Unavailable"
2026-06-13 02:57:42,694 - httpx - INFO - HTTP Request: GET https://datafeed.dukascopy.com/datafeed/EURUSD/2026/05/07/23h_ticks.bi5 "HTTP/1.1 503 Service Temporarily Unavailable"
2026-06-13 02:57:42,705 - httpx - INFO - HTTP Request: GET https://datafeed.dukascopy.com/datafeed/EURUSD/2026/05/07/19h_ticks.bi5 "HTTP/1.1 503 Service Temporarily Unavailable"
2026-06-13 02:57:42,856 - httpx - INFO - HTTP Request: GET https://datafeed.dukascopy.com/datafeed/EURUSD/2026/05/08/01h_ticks.bi5 "HTTP/1.1 200 OK"
2026-06-13 02:57:43,050 - httpx - INFO - HTTP Request: GET https://datafeed.dukascopy.com/datafeed/EURUSD/2026/05/08/13h_ticks.bi5 "HTTP/1.1 200 OK"
2026-06-13 02:57:43,251 - httpx - INFO - HTTP Request: GET https://datafeed.dukascopy.com/datafeed/EURUSD/2026/05/08/10h_ticks.bi5 "HTTP/1.1 200 OK"
2026-06-13 02:57:43,454 - httpx - INFO - HTTP Request: GET https://datafeed.dukascopy.com/datafeed/EURUSD/2026/05/08/09h_ticks.bi5 "HTTP/1.1 200 OK"
2026-06-13 02:57:43,582 - httpx - INFO - HTTP Request: GET https://datafeed.dukascopy.com/datafeed/EURUSD/2026/05/08/16h_ticks.bi5 "HTTP/1.1 200 OK"
2026-06-13 02:57:43,855 - httpx - INFO - HTTP Request: GET https://datafeed.dukascopy.com/datafeed/EURUSD/2026/05/08/06h_ticks.bi5 "HTTP/1.1 200 OK"
2026-06-13 02:57:44,054 - httpx - INFO - HTTP Request: GET https://datafeed.dukascopy.com/datafeed/EURUSD/2026/05/08/12h_ticks.bi5 "HTTP/1.1 200 OK"
2026-06-13 02:57:44,247 - httpx - INFO - HTTP Request: GET https://datafeed.dukascopy.com/datafeed/EURUSD/2026/05/08/11h_ticks.bi5 "HTTP/1.1 200 OK"
2026-06-13 02:57:44,378 - httpx - INFO - HTTP Request: GET https://datafeed.dukascopy.com/datafeed/EURUSD/2026/05/08/20h_ticks.bi5 "HTTP/1.1 200 OK"
2026-06-13 02:57:44,582 - httpx - INFO - HTTP Request: GET https://datafeed.dukascopy.com/datafeed/EURUSD/2026/05/08/02h_ticks.bi5 "HTTP/1.1 200 OK"
2026-06-13 02:57:44,796 - httpx - INFO - HTTP Request: GET https://datafeed.dukascopy.com/datafeed/EURUSD/2026/05/08/16h_ticks.bi5 "HTTP/1.1 200 OK"
2026-06-13 02:57:44,896 - httpx - INFO - HTTP Request: GET https://datafeed.dukascopy.com/datafeed/EURUSD/2026/05/07/16h_ticks.bi5 "HTTP/1.1 503 Service Temporarily Unavailable"
2026-06-13 02:57:44,898 - httpx - INFO - HTTP Request: GET https://datafeed.dukascopy.com/datafeed/EURUSD/2026/05/07/23h_ticks.bi5 "HTTP/1.1 503 Service Temporarily Unavailable"
2026-06-13 02:57:44,933 - httpx - INFO - HTTP Request: GET https://datafeed.dukascopy.com/datafeed/EURUSD/2026/05/07/22h_ticks.bi5 "HTTP/1.1 503 Service Temporarily Unavailable"
2026-06-13 02:57:44,991 - httpx - INFO - HTTP Request: GET https://datafeed.dukascopy.com/datafeed/EURUSD/2026/05/07/00h_ticks.bi5 "HTTP/1.1 503 Service Temporarily Unavailable"
2026-06-13 02:57:45,001 - httpx - INFO - HTTP Request: GET https://datafeed.dukascopy.com/datafeed/EURUSD/2026/05/07/00h_ticks.bi5 "HTTP/1.1 200 OK"
2026-06-13 02:57:45,016 - httpx - INFO - HTTP Request: GET https://datafeed.dukascopy.com/datafeed/EURUSD/2026/05/07/01h_ticks.bi5 "HTTP/1.1 503 Service Temporarily Unavailable"
2026-06-13 02:57:45,018 - httpx - INFO - HTTP Request: GET https://datafeed.dukascopy.com/datafeed/EURUSD/2026/05/07/20h_ticks.bi5 "HTTP/1.1 503 Service Temporarily Unavailable"
2026-06-13 02:57:45,040 - httpx - INFO - HTTP Request: GET https://datafeed.dukascopy.com/datafeed/EURUSD/2026/05/07/04h_ticks.bi5 "HTTP/1.1 503 Service Temporarily Unavailable"
2026-06-13 02:57:45,048 - httpx - INFO - HTTP Request: GET https://datafeed.dukascopy.com/datafeed/EURUSD/2026/05/07/19h_ticks.bi5 "HTTP/1.1 503 Service Temporarily Unavailable"
2026-06-13 02:57:45,062 - httpx - INFO - HTTP Request: GET https://datafeed.dukascopy.com/datafeed/EURUSD/2026/05/07/07h_ticks.bi5 "HTTP/1.1 503 Service Temporarily Unavailable"
2026-06-13 02:57:45,069 - httpx - INFO - HTTP Request: GET https://datafeed.dukascopy.com/datafeed/EURUSD/2026/05/07/21h_ticks.bi5 "HTTP/1.1 503 Service Temporarily Unavailable"
2026-06-13 02:57:45,077 - httpx - INFO - HTTP Request: GET https://datafeed.dukascopy.com/datafeed/EURUSD/2026/05/07/03h_ticks.bi5 "HTTP/1.1 503 Service Temporarily Unavailable"
2026-06-13 02:57:45,086 - httpx - INFO - HTTP Request: GET https://datafeed.dukascopy.com/datafeed/EURUSD/2026/05/07/11h_ticks.bi5 "HTTP/1.1 503 Service Temporarily Unavailable"
2026-06-13 02:57:45,093 - httpx - INFO - HTTP Request: GET https://datafeed.dukascopy.com/datafeed/EURUSD/2026/05/07/12h_ticks.bi5 "HTTP/1.1 503 Service Temporarily Unavailable"
2026-06-13 02:57:45,104 - httpx - INFO - HTTP Request: GET https://datafeed.dukascopy.com/datafeed/EURUSD/2026/05/07/09h_ticks.bi5 "HTTP/1.1 503 Service Temporarily Unavailable"
2026-06-13 02:57:45,105 - httpx - INFO - HTTP Request: GET https://datafeed.dukascopy.com/datafeed/EURUSD/2026/05/07/06h_ticks.bi5 "HTTP/1.1 503 Service Temporarily Unavailable"
2026-06-13 02:57:45,116 - httpx - INFO - HTTP Request: GET https://datafeed.dukascopy.com/datafeed/EURUSD/2026/05/07/16h_ticks.bi5 "HTTP/1.1 503 Service Temporarily Unavailable"
2026-06-13 02:57:45,131 - httpx - INFO - HTTP Request: GET https://datafeed.dukascopy.com/datafeed/EURUSD/2026/05/07/13h_ticks.bi5 "HTTP/1.1 503 Service Temporarily Unavailable"
2026-06-13 02:57:45,146 - httpx - INFO - HTTP Request: GET https://datafeed.dukascopy.com/datafeed/EURUSD/2026/05/07/18h_ticks.bi5 "HTTP/1.1 503 Service Temporarily Unavailable"
2026-06-13 02:57:45,157 - httpx - INFO - HTTP Request: GET https://datafeed.dukascopy.com/datafeed/EURUSD/2026/05/07/17h_ticks.bi5 "HTTP/1.1 503 Service Temporarily Unavailable"
2026-06-13 02:57:45,159 - httpx - INFO - HTTP Request: GET https://datafeed.dukascopy.com/datafeed/EURUSD/2026/05/07/21h_ticks.bi5 "HTTP/1.1 503 Service Temporarily Unavailable"
2026-06-13 02:57:45,176 - httpx - INFO - HTTP Request: GET https://datafeed.dukascopy.com/datafeed/EURUSD/2026/05/07/19h_ticks.bi5 "HTTP/1.1 503 Service Temporarily Unavailable"
2026-06-13 02:57:45,184 - httpx - INFO - HTTP Request: GET https://datafeed.dukascopy.com/datafeed/EURUSD/2026/05/07/10h_ticks.bi5 "HTTP/1.1 503 Service Temporarily Unavailable"
2026-06-13 02:57:45,189 - httpx - INFO - HTTP Request: GET https://datafeed.dukascopy.com/datafeed/EURUSD/2026/05/07/01h_ticks.bi5 "HTTP/1.1 200 OK"
2026-06-13 02:57:45,199 - httpx - INFO - HTTP Request: GET https://datafeed.dukascopy.com/datafeed/EURUSD/2026/05/07/08h_ticks.bi5 "HTTP/1.1 503 Service Temporarily Unavailable"
2026-06-13 02:57:45,206 - httpx - INFO - HTTP Request: GET https://datafeed.dukascopy.com/datafeed/EURUSD/2026/05/07/18h_ticks.bi5 "HTTP/1.1 503 Service Temporarily Unavailable"
2026-06-13 02:57:45,209 - httpx - INFO - HTTP Request: GET https://datafeed.dukascopy.com/datafeed/EURUSD/2026/05/07/15h_ticks.bi5 "HTTP/1.1 503 Service Temporarily Unavailable"
2026-06-13 02:57:45,219 - httpx - INFO - HTTP Request: GET https://datafeed.dukascopy.com/datafeed/EURUSD/2026/05/07/20h_ticks.bi5 "HTTP/1.1 503 Service Temporarily Unavailable"
2026-06-13 02:57:45,239 - httpx - INFO - HTTP Request: GET https://datafeed.dukascopy.com/datafeed/EURUSD/2026/05/07/14h_ticks.bi5 "HTTP/1.1 503 Service Temporarily Unavailable"
2026-06-13 02:57:45,243 - httpx - INFO - HTTP Request: GET https://datafeed.dukascopy.com/datafeed/EURUSD/2026/05/07/11h_ticks.bi5 "HTTP/1.1 503 Service Temporarily Unavailable"
2026-06-13 02:57:45,263 - httpx - INFO - HTTP Request: GET https://datafeed.dukascopy.com/datafeed/EURUSD/2026/05/07/02h_ticks.bi5 "HTTP/1.1 503 Service Temporarily Unavailable"
2026-06-13 02:57:45,266 - httpx - INFO - HTTP Request: GET https://datafeed.dukascopy.com/datafeed/EURUSD/2026/05/07/23h_ticks.bi5 "HTTP/1.1 503 Service Temporarily Unavailable"
2026-06-13 02:57:45,270 - httpx - INFO - HTTP Request: GET https://datafeed.dukascopy.com/datafeed/EURUSD/2026/05/07/09h_ticks.bi5 "HTTP/1.1 503 Service Temporarily Unavailable"
2026-06-13 02:57:45,272 - httpx - INFO - HTTP Request: GET https://datafeed.dukascopy.com/datafeed/EURUSD/2026/05/07/05h_ticks.bi5 "HTTP/1.1 503 Service Temporarily Unavailable"
2026-06-13 02:57:45,303 - httpx - INFO - HTTP Request: GET https://datafeed.dukascopy.com/datafeed/EURUSD/2026/05/07/14h_ticks.bi5 "HTTP/1.1 503 Service Temporarily Unavailable"
2026-06-13 02:57:45,345 - httpx - INFO - HTTP Request: GET https://datafeed.dukascopy.com/datafeed/EURUSD/2026/05/07/13h_ticks.bi5 "HTTP/1.1 503 Service Temporarily Unavailable"
2026-06-13 02:57:45,379 - httpx - INFO - HTTP Request: GET https://datafeed.dukascopy.com/datafeed/EURUSD/2026/05/07/04h_ticks.bi5 "HTTP/1.1 200 OK"
2026-06-13 02:57:45,545 - httpx - INFO - HTTP Request: GET https://datafeed.dukascopy.com/datafeed/EURUSD/2026/05/07/08h_ticks.bi5 "HTTP/1.1 503 Service Temporarily Unavailable"
2026-06-13 02:57:45,581 - httpx - INFO - HTTP Request: GET https://datafeed.dukascopy.com/datafeed/EURUSD/2026/05/07/21h_ticks.bi5 "HTTP/1.1 200 OK"
2026-06-13 02:57:45,764 - httpx - INFO - HTTP Request: GET https://datafeed.dukascopy.com/datafeed/EURUSD/2026/05/06/07h_ticks.bi5 "HTTP/1.1 503 Service Temporarily Unavailable"
2026-06-13 02:57:45,777 - httpx - INFO - HTTP Request: GET https://datafeed.dukascopy.com/datafeed/EURUSD/2026/05/06/03h_ticks.bi5 "HTTP/1.1 503 Service Temporarily Unavailable"
2026-06-13 02:57:45,797 - httpx - INFO - HTTP Request: GET https://datafeed.dukascopy.com/datafeed/EURUSD/2026/05/06/12h_ticks.bi5 "HTTP/1.1 503 Service Temporarily Unavailable"
2026-06-13 02:57:45,799 - httpx - INFO - HTTP Request: GET https://datafeed.dukascopy.com/datafeed/EURUSD/2026/05/07/00h_ticks.bi5 "HTTP/1.1 200 OK"
2026-06-13 02:57:45,817 - httpx - INFO - HTTP Request: GET https://datafeed.dukascopy.com/datafeed/EURUSD/2026/05/06/17h_ticks.bi5 "HTTP/1.1 503 Service Temporarily Unavailable"
2026-06-13 02:57:45,839 - httpx - INFO - HTTP Request: GET https://datafeed.dukascopy.com/datafeed/EURUSD/2026/05/06/02h_ticks.bi5 "HTTP/1.1 503 Service Temporarily Unavailable"
2026-06-13 02:57:45,846 - httpx - INFO - HTTP Request: GET https://datafeed.dukascopy.com/datafeed/EURUSD/2026/05/06/10h_ticks.bi5 "HTTP/1.1 503 Service Temporarily Unavailable"
2026-06-13 02:57:45,864 - httpx - INFO - HTTP Request: GET https://datafeed.dukascopy.com/datafeed/EURUSD/2026/05/06/05h_ticks.bi5 "HTTP/1.1 503 Service Temporarily Unavailable"
2026-06-13 02:57:45,871 - httpx - INFO - HTTP Request: GET https://datafeed.dukascopy.com/datafeed/EURUSD/2026/05/06/16h_ticks.bi5 "HTTP/1.1 503 Service Temporarily Unavailable"
2026-06-13 02:57:45,879 - httpx - INFO - HTTP Request: GET https://datafeed.dukascopy.com/datafeed/EURUSD/2026/05/06/13h_ticks.bi5 "HTTP/1.1 503 Service Temporarily Unavailable"
2026-06-13 02:57:45,886 - httpx - INFO - HTTP Request: GET https://datafeed.dukascopy.com/datafeed/EURUSD/2026/05/06/11h_ticks.bi5 "HTTP/1.1 503 Service Temporarily Unavailable"
2026-06-13 02:57:45,894 - httpx - INFO - HTTP Request: GET https://datafeed.dukascopy.com/datafeed/EURUSD/2026/05/06/22h_ticks.bi5 "HTTP/1.1 503 Service Temporarily Unavailable"
2026-06-13 02:57:45,906 - httpx - INFO - HTTP Request: GET https://datafeed.dukascopy.com/datafeed/EURUSD/2026/05/06/21h_ticks.bi5 "HTTP/1.1 503 Service Temporarily Unavailable"
2026-06-13 02:57:45,932 - httpx - INFO - HTTP Request: GET https://datafeed.dukascopy.com/datafeed/EURUSD/2026/05/06/09h_ticks.bi5 "HTTP/1.1 503 Service Temporarily Unavailable"
2026-06-13 02:57:45,934 - httpx - INFO - HTTP Request: GET https://datafeed.dukascopy.com/datafeed/EURUSD/2026/05/06/14h_ticks.bi5 "HTTP/1.1 503 Service Temporarily Unavailable"
2026-06-13 02:57:45,950 - httpx - INFO - HTTP Request: GET https://datafeed.dukascopy.com/datafeed/EURUSD/2026/05/06/19h_ticks.bi5 "HTTP/1.1 503 Service Temporarily Unavailable"
2026-06-13 02:57:45,956 - httpx - INFO - HTTP Request: GET https://datafeed.dukascopy.com/datafeed/EURUSD/2026/05/06/18h_ticks.bi5 "HTTP/1.1 503 Service Temporarily Unavailable"
2026-06-13 02:57:45,959 - httpx - INFO - HTTP Request: GET https://datafeed.dukascopy.com/datafeed/EURUSD/2026/05/06/23h_ticks.bi5 "HTTP/1.1 503 Service Temporarily Unavailable"
2026-06-13 02:57:45,962 - httpx - INFO - HTTP Request: GET https://datafeed.dukascopy.com/datafeed/EURUSD/2026/05/06/08h_ticks.bi5 "HTTP/1.1 503 Service Temporarily Unavailable"
2026-06-13 02:57:45,979 - httpx - INFO - HTTP Request: GET https://datafeed.dukascopy.com/datafeed/EURUSD/2026/05/07/01h_ticks.bi5 "HTTP/1.1 200 OK"
2026-06-13 02:57:46,179 - httpx - INFO - HTTP Request: GET https://datafeed.dukascopy.com/datafeed/EURUSD/2026/05/07/04h_ticks.bi5 "HTTP/1.1 200 OK"
2026-06-13 02:57:46,234 - httpx - INFO - HTTP Request: GET https://datafeed.dukascopy.com/datafeed/EURUSD/2026/05/06/15h_ticks.bi5 "HTTP/1.1 503 Service Temporarily Unavailable"
2026-06-13 02:57:46,302 - httpx - INFO - HTTP Request: GET https://datafeed.dukascopy.com/datafeed/EURUSD/2026/05/06/20h_ticks.bi5 "HTTP/1.1 503 Service Temporarily Unavailable"
2026-06-13 02:57:46,371 - httpx - INFO - HTTP Request: GET https://datafeed.dukascopy.com/datafeed/EURUSD/2026/05/06/04h_ticks.bi5 "HTTP/1.1 503 Service Temporarily Unavailable"
2026-06-13 02:57:46,384 - httpx - INFO - HTTP Request: GET https://datafeed.dukascopy.com/datafeed/EURUSD/2026/05/07/07h_ticks.bi5 "HTTP/1.1 200 OK"
2026-06-13 02:57:46,578 - httpx - INFO - HTTP Request: GET https://datafeed.dukascopy.com/datafeed/EURUSD/2026/05/07/03h_ticks.bi5 "HTTP/1.1 200 OK"
2026-06-13 02:57:46,781 - httpx - INFO - HTTP Request: GET https://datafeed.dukascopy.com/datafeed/EURUSD/2026/05/07/12h_ticks.bi5 "HTTP/1.1 200 OK"
2026-06-13 02:57:46,978 - httpx - INFO - HTTP Request: GET https://datafeed.dukascopy.com/datafeed/EURUSD/2026/05/07/06h_ticks.bi5 "HTTP/1.1 200 OK"
2026-06-13 02:57:47,182 - httpx - INFO - HTTP Request: GET https://datafeed.dukascopy.com/datafeed/EURUSD/2026/05/07/17h_ticks.bi5 "HTTP/1.1 200 OK"
2026-06-13 02:57:47,377 - httpx - INFO - HTTP Request: GET https://datafeed.dukascopy.com/datafeed/EURUSD/2026/05/07/02h_ticks.bi5 "HTTP/1.1 200 OK"
2026-06-13 02:57:47,576 - httpx - INFO - HTTP Request: GET https://datafeed.dukascopy.com/datafeed/EURUSD/2026/05/07/10h_ticks.bi5 "HTTP/1.1 200 OK"
2026-06-13 02:57:47,784 - httpx - INFO - HTTP Request: GET https://datafeed.dukascopy.com/datafeed/EURUSD/2026/05/07/05h_ticks.bi5 "HTTP/1.1 200 OK"
2026-06-13 02:57:47,976 - httpx - INFO - HTTP Request: GET https://datafeed.dukascopy.com/datafeed/EURUSD/2026/05/07/15h_ticks.bi5 "HTTP/1.1 200 OK"
2026-06-13 02:57:48,197 - httpx - INFO - HTTP Request: GET https://datafeed.dukascopy.com/datafeed/EURUSD/2026/05/07/22h_ticks.bi5 "HTTP/1.1 200 OK"
2026-06-13 02:57:48,320 - httpx - INFO - HTTP Request: GET https://datafeed.dukascopy.com/datafeed/EURUSD/2026/05/06/23h_ticks.bi5 "HTTP/1.1 503 Service Temporarily Unavailable"
2026-06-13 02:57:48,322 - httpx - INFO - HTTP Request: GET https://datafeed.dukascopy.com/datafeed/EURUSD/2026/05/06/18h_ticks.bi5 "HTTP/1.1 503 Service Temporarily Unavailable"
2026-06-13 02:57:48,324 - httpx - INFO - HTTP Request: GET https://datafeed.dukascopy.com/datafeed/EURUSD/2026/05/06/22h_ticks.bi5 "HTTP/1.1 503 Service Temporarily Unavailable"
2026-06-13 02:57:48,326 - httpx - INFO - HTTP Request: GET https://datafeed.dukascopy.com/datafeed/EURUSD/2026/05/06/13h_ticks.bi5 "HTTP/1.1 503 Service Temporarily Unavailable"
2026-06-13 02:57:48,342 - httpx - INFO - HTTP Request: GET https://datafeed.dukascopy.com/datafeed/EURUSD/2026/05/06/15h_ticks.bi5 "HTTP/1.1 503 Service Temporarily Unavailable"
2026-06-13 02:57:48,344 - httpx - INFO - HTTP Request: GET https://datafeed.dukascopy.com/datafeed/EURUSD/2026/05/06/20h_ticks.bi5 "HTTP/1.1 503 Service Temporarily Unavailable"
2026-06-13 02:57:48,355 - httpx - INFO - HTTP Request: GET https://datafeed.dukascopy.com/datafeed/EURUSD/2026/05/06/09h_ticks.bi5 "HTTP/1.1 503 Service Temporarily Unavailable"
2026-06-13 02:57:48,390 - httpx - INFO - HTTP Request: GET https://datafeed.dukascopy.com/datafeed/EURUSD/2026/05/06/00h_ticks.bi5 "HTTP/1.1 200 OK"
2026-06-13 02:57:48,409 - httpx - INFO - HTTP Request: GET https://datafeed.dukascopy.com/datafeed/EURUSD/2026/05/06/00h_ticks.bi5 "HTTP/1.1 503 Service Temporarily Unavailable"
2026-06-13 02:57:48,432 - httpx - INFO - HTTP Request: GET https://datafeed.dukascopy.com/datafeed/EURUSD/2026/05/06/01h_ticks.bi5 "HTTP/1.1 503 Service Temporarily Unavailable"
2026-06-13 02:57:48,456 - httpx - INFO - HTTP Request: GET https://datafeed.dukascopy.com/datafeed/EURUSD/2026/05/06/04h_ticks.bi5 "HTTP/1.1 503 Service Temporarily Unavailable"
2026-06-13 02:57:48,464 - httpx - INFO - HTTP Request: GET https://datafeed.dukascopy.com/datafeed/EURUSD/2026/05/06/07h_ticks.bi5 "HTTP/1.1 503 Service Temporarily Unavailable"
2026-06-13 02:57:48,474 - httpx - INFO - HTTP Request: GET https://datafeed.dukascopy.com/datafeed/EURUSD/2026/05/06/03h_ticks.bi5 "HTTP/1.1 503 Service Temporarily Unavailable"
2026-06-13 02:57:48,482 - httpx - INFO - HTTP Request: GET https://datafeed.dukascopy.com/datafeed/EURUSD/2026/05/06/12h_ticks.bi5 "HTTP/1.1 503 Service Temporarily Unavailable"
2026-06-13 02:57:48,496 - httpx - INFO - HTTP Request: GET https://datafeed.dukascopy.com/datafeed/EURUSD/2026/05/06/06h_ticks.bi5 "HTTP/1.1 503 Service Temporarily Unavailable"
2026-06-13 02:57:48,509 - httpx - INFO - HTTP Request: GET https://datafeed.dukascopy.com/datafeed/EURUSD/2026/05/06/17h_ticks.bi5 "HTTP/1.1 503 Service Temporarily Unavailable"
2026-06-13 02:57:48,515 - httpx - INFO - HTTP Request: GET https://datafeed.dukascopy.com/datafeed/EURUSD/2026/05/06/19h_ticks.bi5 "HTTP/1.1 503 Service Temporarily Unavailable"
2026-06-13 02:57:48,527 - httpx - INFO - HTTP Request: GET https://datafeed.dukascopy.com/datafeed/EURUSD/2026/05/06/13h_ticks.bi5 "HTTP/1.1 503 Service Temporarily Unavailable"
2026-06-13 02:57:48,552 - httpx - INFO - HTTP Request: GET https://datafeed.dukascopy.com/datafeed/EURUSD/2026/05/06/08h_ticks.bi5 "HTTP/1.1 503 Service Temporarily Unavailable"
2026-06-13 02:57:48,554 - httpx - INFO - HTTP Request: GET https://datafeed.dukascopy.com/datafeed/EURUSD/2026/05/06/22h_ticks.bi5 "HTTP/1.1 503 Service Temporarily Unavailable"
2026-06-13 02:57:48,572 - httpx - INFO - HTTP Request: GET https://datafeed.dukascopy.com/datafeed/EURUSD/2026/05/06/20h_ticks.bi5 "HTTP/1.1 503 Service Temporarily Unavailable"
2026-06-13 02:57:48,585 - httpx - INFO - HTTP Request: GET https://datafeed.dukascopy.com/datafeed/EURUSD/2026/05/06/14h_ticks.bi5 "HTTP/1.1 503 Service Temporarily Unavailable"
2026-06-13 02:57:48,591 - httpx - INFO - HTTP Request: GET https://datafeed.dukascopy.com/datafeed/EURUSD/2026/05/06/18h_ticks.bi5 "HTTP/1.1 503 Service Temporarily Unavailable"
2026-06-13 02:57:48,596 - httpx - INFO - HTTP Request: GET https://datafeed.dukascopy.com/datafeed/EURUSD/2026/05/06/01h_ticks.bi5 "HTTP/1.1 200 OK"
2026-06-13 02:57:48,598 - httpx - INFO - HTTP Request: GET https://datafeed.dukascopy.com/datafeed/EURUSD/2026/05/06/21h_ticks.bi5 "HTTP/1.1 503 Service Temporarily Unavailable"
2026-06-13 02:57:48,609 - httpx - INFO - HTTP Request: GET https://datafeed.dukascopy.com/datafeed/EURUSD/2026/05/06/16h_ticks.bi5 "HTTP/1.1 503 Service Temporarily Unavailable"
2026-06-13 02:57:48,612 - httpx - INFO - HTTP Request: GET https://datafeed.dukascopy.com/datafeed/EURUSD/2026/05/06/05h_ticks.bi5 "HTTP/1.1 503 Service Temporarily Unavailable"
2026-06-13 02:57:48,631 - httpx - INFO - HTTP Request: GET https://datafeed.dukascopy.com/datafeed/EURUSD/2026/05/06/23h_ticks.bi5 "HTTP/1.1 503 Service Temporarily Unavailable"
2026-06-13 02:57:48,638 - httpx - INFO - HTTP Request: GET https://datafeed.dukascopy.com/datafeed/EURUSD/2026/05/06/08h_ticks.bi5 "HTTP/1.1 503 Service Temporarily Unavailable"
2026-06-13 02:57:48,640 - httpx - INFO - HTTP Request: GET https://datafeed.dukascopy.com/datafeed/EURUSD/2026/05/06/11h_ticks.bi5 "HTTP/1.1 503 Service Temporarily Unavailable"
2026-06-13 02:57:48,655 - httpx - INFO - HTTP Request: GET https://datafeed.dukascopy.com/datafeed/EURUSD/2026/05/06/02h_ticks.bi5 "HTTP/1.1 503 Service Temporarily Unavailable"
2026-06-13 02:57:48,658 - httpx - INFO - HTTP Request: GET https://datafeed.dukascopy.com/datafeed/EURUSD/2026/05/06/15h_ticks.bi5 "HTTP/1.1 503 Service Temporarily Unavailable"
2026-06-13 02:57:48,664 - httpx - INFO - HTTP Request: GET https://datafeed.dukascopy.com/datafeed/EURUSD/2026/05/06/21h_ticks.bi5 "HTTP/1.1 503 Service Temporarily Unavailable"
2026-06-13 02:57:48,666 - httpx - INFO - HTTP Request: GET https://datafeed.dukascopy.com/datafeed/EURUSD/2026/05/06/19h_ticks.bi5 "HTTP/1.1 503 Service Temporarily Unavailable"
2026-06-13 02:57:48,669 - httpx - INFO - HTTP Request: GET https://datafeed.dukascopy.com/datafeed/EURUSD/2026/05/06/09h_ticks.bi5 "HTTP/1.1 503 Service Temporarily Unavailable"
2026-06-13 02:57:48,673 - httpx - INFO - HTTP Request: GET https://datafeed.dukascopy.com/datafeed/EURUSD/2026/05/06/11h_ticks.bi5 "HTTP/1.1 503 Service Temporarily Unavailable"
2026-06-13 02:57:48,778 - httpx - INFO - HTTP Request: GET https://datafeed.dukascopy.com/datafeed/EURUSD/2026/05/06/06h_ticks.bi5 "HTTP/1.1 200 OK"
2026-06-13 02:57:48,947 - httpx - INFO - HTTP Request: GET https://datafeed.dukascopy.com/datafeed/EURUSD/2026/05/05/01h_ticks.bi5 "HTTP/1.1 503 Service Temporarily Unavailable"
2026-06-13 02:57:48,958 - httpx - INFO - HTTP Request: GET https://datafeed.dukascopy.com/datafeed/EURUSD/2026/05/05/07h_ticks.bi5 "HTTP/1.1 503 Service Temporarily Unavailable"
2026-06-13 02:57:48,972 - httpx - INFO - HTTP Request: GET https://datafeed.dukascopy.com/datafeed/EURUSD/2026/05/05/03h_ticks.bi5 "HTTP/1.1 503 Service Temporarily Unavailable"
2026-06-13 02:57:48,985 - httpx - INFO - HTTP Request: GET https://datafeed.dukascopy.com/datafeed/EURUSD/2026/05/05/12h_ticks.bi5 "HTTP/1.1 503 Service Temporarily Unavailable"
2026-06-13 02:57:48,994 - httpx - INFO - HTTP Request: GET https://datafeed.dukascopy.com/datafeed/EURUSD/2026/05/06/00h_ticks.bi5 "HTTP/1.1 200 OK"
2026-06-13 02:57:48,998 - httpx - INFO - HTTP Request: GET https://datafeed.dukascopy.com/datafeed/EURUSD/2026/05/05/06h_ticks.bi5 "HTTP/1.1 503 Service Temporarily Unavailable"
2026-06-13 02:57:49,012 - httpx - INFO - HTTP Request: GET https://datafeed.dukascopy.com/datafeed/EURUSD/2026/05/05/04h_ticks.bi5 "HTTP/1.1 503 Service Temporarily Unavailable"
2026-06-13 02:57:49,023 - httpx - INFO - HTTP Request: GET https://datafeed.dukascopy.com/datafeed/EURUSD/2026/05/05/02h_ticks.bi5 "HTTP/1.1 503 Service Temporarily Unavailable"
2026-06-13 02:57:49,036 - httpx - INFO - HTTP Request: GET https://datafeed.dukascopy.com/datafeed/EURUSD/2026/05/05/10h_ticks.bi5 "HTTP/1.1 503 Service Temporarily Unavailable"
2026-06-13 02:57:49,051 - httpx - INFO - HTTP Request: GET https://datafeed.dukascopy.com/datafeed/EURUSD/2026/05/05/05h_ticks.bi5 "HTTP/1.1 503 Service Temporarily Unavailable"
2026-06-13 02:57:49,063 - httpx - INFO - HTTP Request: GET https://datafeed.dukascopy.com/datafeed/EURUSD/2026/05/05/16h_ticks.bi5 "HTTP/1.1 503 Service Temporarily Unavailable"
2026-06-13 02:57:49,072 - httpx - INFO - HTTP Request: GET https://datafeed.dukascopy.com/datafeed/EURUSD/2026/05/05/23h_ticks.bi5 "HTTP/1.1 503 Service Temporarily Unavailable"
2026-06-13 02:57:49,078 - httpx - INFO - HTTP Request: GET https://datafeed.dukascopy.com/datafeed/EURUSD/2026/05/05/18h_ticks.bi5 "HTTP/1.1 503 Service Temporarily Unavailable"
2026-06-13 02:57:49,092 - httpx - INFO - HTTP Request: GET https://datafeed.dukascopy.com/datafeed/EURUSD/2026/05/05/22h_ticks.bi5 "HTTP/1.1 503 Service Temporarily Unavailable"
2026-06-13 02:57:49,106 - httpx - INFO - HTTP Request: GET https://datafeed.dukascopy.com/datafeed/EURUSD/2026/05/05/13h_ticks.bi5 "HTTP/1.1 503 Service Temporarily Unavailable"
2026-06-13 02:57:49,109 - httpx - INFO - HTTP Request: GET https://datafeed.dukascopy.com/datafeed/EURUSD/2026/05/05/08h_ticks.bi5 "HTTP/1.1 503 Service Temporarily Unavailable"
2026-06-13 02:57:49,129 - httpx - INFO - HTTP Request: GET https://datafeed.dukascopy.com/datafeed/EURUSD/2026/05/05/15h_ticks.bi5 "HTTP/1.1 503 Service Temporarily Unavailable"
2026-06-13 02:57:49,132 - httpx - INFO - HTTP Request: GET https://datafeed.dukascopy.com/datafeed/EURUSD/2026/05/05/11h_ticks.bi5 "HTTP/1.1 503 Service Temporarily Unavailable"
2026-06-13 02:57:49,135 - httpx - INFO - HTTP Request: GET https://datafeed.dukascopy.com/datafeed/EURUSD/2026/05/05/20h_ticks.bi5 "HTTP/1.1 503 Service Temporarily Unavailable"
2026-06-13 02:57:49,154 - httpx - INFO - HTTP Request: GET https://datafeed.dukascopy.com/datafeed/EURUSD/2026/05/05/19h_ticks.bi5 "HTTP/1.1 503 Service Temporarily Unavailable"
2026-06-13 02:57:49,158 - httpx - INFO - HTTP Request: GET https://datafeed.dukascopy.com/datafeed/EURUSD/2026/05/05/21h_ticks.bi5 "HTTP/1.1 503 Service Temporarily Unavailable"
2026-06-13 02:57:49,159 - httpx - INFO - HTTP Request: GET https://datafeed.dukascopy.com/datafeed/EURUSD/2026/05/05/09h_ticks.bi5 "HTTP/1.1 503 Service Temporarily Unavailable"
2026-06-13 02:57:49,164 - httpx - INFO - HTTP Request: GET https://datafeed.dukascopy.com/datafeed/EURUSD/2026/05/05/14h_ticks.bi5 "HTTP/1.1 503 Service Temporarily Unavailable"
2026-06-13 02:57:49,178 - httpx - INFO - HTTP Request: GET https://datafeed.dukascopy.com/datafeed/EURUSD/2026/05/06/01h_ticks.bi5 "HTTP/1.1 200 OK"
2026-06-13 02:57:49,379 - httpx - INFO - HTTP Request: GET https://datafeed.dukascopy.com/datafeed/EURUSD/2026/05/06/04h_ticks.bi5 "HTTP/1.1 200 OK"
2026-06-13 02:57:49,580 - httpx - INFO - HTTP Request: GET https://datafeed.dukascopy.com/datafeed/EURUSD/2026/05/06/07h_ticks.bi5 "HTTP/1.1 200 OK"
2026-06-13 02:57:49,781 - httpx - INFO - HTTP Request: GET https://datafeed.dukascopy.com/datafeed/EURUSD/2026/05/06/03h_ticks.bi5 "HTTP/1.1 200 OK"
2026-06-13 02:57:49,980 - httpx - INFO - HTTP Request: GET https://datafeed.dukascopy.com/datafeed/EURUSD/2026/05/06/12h_ticks.bi5 "HTTP/1.1 200 OK"
2026-06-13 02:57:50,179 - httpx - INFO - HTTP Request: GET https://datafeed.dukascopy.com/datafeed/EURUSD/2026/05/06/06h_ticks.bi5 "HTTP/1.1 200 OK"
2026-06-13 02:57:50,382 - httpx - INFO - HTTP Request: GET https://datafeed.dukascopy.com/datafeed/EURUSD/2026/05/06/17h_ticks.bi5 "HTTP/1.1 200 OK"
2026-06-13 02:57:50,577 - httpx - INFO - HTTP Request: GET https://datafeed.dukascopy.com/datafeed/EURUSD/2026/05/06/02h_ticks.bi5 "HTTP/1.1 200 OK"
2026-06-13 02:57:50,776 - httpx - INFO - HTTP Request: GET https://datafeed.dukascopy.com/datafeed/EURUSD/2026/05/06/10h_ticks.bi5 "HTTP/1.1 200 OK"
2026-06-13 02:57:50,981 - httpx - INFO - HTTP Request: GET https://datafeed.dukascopy.com/datafeed/EURUSD/2026/05/06/05h_ticks.bi5 "HTTP/1.1 200 OK"
2026-06-13 02:57:51,176 - httpx - INFO - HTTP Request: GET https://datafeed.dukascopy.com/datafeed/EURUSD/2026/05/06/16h_ticks.bi5 "HTTP/1.1 200 OK"
2026-06-13 02:57:51,378 - httpx - INFO - HTTP Request: GET https://datafeed.dukascopy.com/datafeed/EURUSD/2026/05/06/14h_ticks.bi5 "HTTP/1.1 200 OK"
2026-06-13 02:57:51,594 - httpx - INFO - HTTP Request: GET https://datafeed.dukascopy.com/datafeed/EURUSD/2026/05/06/10h_ticks.bi5 "HTTP/1.1 200 OK"
2026-06-13 02:57:51,700 - httpx - INFO - HTTP Request: GET https://datafeed.dukascopy.com/datafeed/EURUSD/2026/05/05/18h_ticks.bi5 "HTTP/1.1 503 Service Temporarily Unavailable"
2026-06-13 02:57:51,762 - httpx - INFO - HTTP Request: GET https://datafeed.dukascopy.com/datafeed/EURUSD/2026/05/05/22h_ticks.bi5 "HTTP/1.1 503 Service Temporarily Unavailable"
2026-06-13 02:57:51,771 - httpx - INFO - HTTP Request: GET https://datafeed.dukascopy.com/datafeed/EURUSD/2026/05/05/13h_ticks.bi5 "HTTP/1.1 503 Service Temporarily Unavailable"
2026-06-13 02:57:51,772 - httpx - INFO - HTTP Request: GET https://datafeed.dukascopy.com/datafeed/EURUSD/2026/05/05/00h_ticks.bi5 "HTTP/1.1 503 Service Temporarily Unavailable"
2026-06-13 02:57:51,781 - httpx - INFO - HTTP Request: GET https://datafeed.dukascopy.com/datafeed/EURUSD/2026/05/05/15h_ticks.bi5 "HTTP/1.1 503 Service Temporarily Unavailable"
2026-06-13 02:57:51,797 - httpx - INFO - HTTP Request: GET https://datafeed.dukascopy.com/datafeed/EURUSD/2026/05/05/20h_ticks.bi5 "HTTP/1.1 503 Service Temporarily Unavailable"
2026-06-13 02:57:51,799 - httpx - INFO - HTTP Request: GET https://datafeed.dukascopy.com/datafeed/EURUSD/2026/05/05/00h_ticks.bi5 "HTTP/1.1 200 OK"
2026-06-13 02:57:51,829 - httpx - INFO - HTTP Request: GET https://datafeed.dukascopy.com/datafeed/EURUSD/2026/05/05/09h_ticks.bi5 "HTTP/1.1 503 Service Temporarily Unavailable"
2026-06-13 02:57:51,831 - httpx - INFO - HTTP Request: GET https://datafeed.dukascopy.com/datafeed/EURUSD/2026/05/05/19h_ticks.bi5 "HTTP/1.1 503 Service Temporarily Unavailable"
2026-06-13 02:57:51,839 - httpx - INFO - HTTP Request: GET https://datafeed.dukascopy.com/datafeed/EURUSD/2026/05/05/07h_ticks.bi5 "HTTP/1.1 503 Service Temporarily Unavailable"
2026-06-13 02:57:51,852 - httpx - INFO - HTTP Request: GET https://datafeed.dukascopy.com/datafeed/EURUSD/2026/05/05/08h_ticks.bi5 "HTTP/1.1 503 Service Temporarily Unavailable"
2026-06-13 02:57:51,853 - httpx - INFO - HTTP Request: GET https://datafeed.dukascopy.com/datafeed/EURUSD/2026/05/05/03h_ticks.bi5 "HTTP/1.1 503 Service Temporarily Unavailable"
2026-06-13 02:57:51,864 - httpx - INFO - HTTP Request: GET https://datafeed.dukascopy.com/datafeed/EURUSD/2026/05/05/12h_ticks.bi5 "HTTP/1.1 503 Service Temporarily Unavailable"
2026-06-13 02:57:51,886 - httpx - INFO - HTTP Request: GET https://datafeed.dukascopy.com/datafeed/EURUSD/2026/05/05/17h_ticks.bi5 "HTTP/1.1 503 Service Temporarily Unavailable"
2026-06-13 02:57:51,901 - httpx - INFO - HTTP Request: GET https://datafeed.dukascopy.com/datafeed/EURUSD/2026/05/05/09h_ticks.bi5 "HTTP/1.1 503 Service Temporarily Unavailable"
2026-06-13 02:57:51,924 - httpx - INFO - HTTP Request: GET https://datafeed.dukascopy.com/datafeed/EURUSD/2026/05/05/16h_ticks.bi5 "HTTP/1.1 503 Service Temporarily Unavailable"
2026-06-13 02:57:51,938 - httpx - INFO - HTTP Request: GET https://datafeed.dukascopy.com/datafeed/EURUSD/2026/05/05/22h_ticks.bi5 "HTTP/1.1 503 Service Temporarily Unavailable"
2026-06-13 02:57:51,944 - httpx - INFO - HTTP Request: GET https://datafeed.dukascopy.com/datafeed/EURUSD/2026/05/05/13h_ticks.bi5 "HTTP/1.1 503 Service Temporarily Unavailable"
2026-06-13 02:57:51,957 - httpx - INFO - HTTP Request: GET https://datafeed.dukascopy.com/datafeed/EURUSD/2026/05/05/20h_ticks.bi5 "HTTP/1.1 503 Service Temporarily Unavailable"
2026-06-13 02:57:51,977 - httpx - INFO - HTTP Request: GET https://datafeed.dukascopy.com/datafeed/EURUSD/2026/05/05/15h_ticks.bi5 "HTTP/1.1 503 Service Temporarily Unavailable"
2026-06-13 02:57:51,990 - httpx - INFO - HTTP Request: GET https://datafeed.dukascopy.com/datafeed/EURUSD/2026/05/05/18h_ticks.bi5 "HTTP/1.1 503 Service Temporarily Unavailable"
2026-06-13 02:57:51,999 - httpx - INFO - HTTP Request: GET https://datafeed.dukascopy.com/datafeed/EURUSD/2026/05/05/23h_ticks.bi5 "HTTP/1.1 503 Service Temporarily Unavailable"
2026-06-13 02:57:52,009 - httpx - INFO - HTTP Request: GET https://datafeed.dukascopy.com/datafeed/EURUSD/2026/05/05/21h_ticks.bi5 "HTTP/1.1 503 Service Temporarily Unavailable"
2026-06-13 02:57:52,035 - httpx - INFO - HTTP Request: GET https://datafeed.dukascopy.com/datafeed/EURUSD/2026/05/05/21h_ticks.bi5 "HTTP/1.1 503 Service Temporarily Unavailable"
2026-06-13 02:57:52,044 - httpx - INFO - HTTP Request: GET https://datafeed.dukascopy.com/datafeed/EURUSD/2026/05/05/11h_ticks.bi5 "HTTP/1.1 503 Service Temporarily Unavailable"
2026-06-13 02:57:52,047 - httpx - INFO - HTTP Request: GET https://datafeed.dukascopy.com/datafeed/EURUSD/2026/05/05/14h_ticks.bi5 "HTTP/1.1 503 Service Temporarily Unavailable"
2026-06-13 02:57:52,052 - httpx - INFO - HTTP Request: GET https://datafeed.dukascopy.com/datafeed/EURUSD/2026/05/05/17h_ticks.bi5 "HTTP/1.1 200 OK"
2026-06-13 02:57:52,158 - httpx - INFO - HTTP Request: GET https://datafeed.dukascopy.com/datafeed/EURUSD/2026/05/05/01h_ticks.bi5 "HTTP/1.1 503 Service Temporarily Unavailable"
2026-06-13 02:57:52,199 - httpx - INFO - HTTP Request: GET https://datafeed.dukascopy.com/datafeed/EURUSD/2026/05/05/00h_ticks.bi5 "HTTP/1.1 200 OK"
2026-06-13 02:57:52,256 - httpx - INFO - HTTP Request: GET https://datafeed.dukascopy.com/datafeed/EURUSD/2026/05/05/19h_ticks.bi5 "HTTP/1.1 503 Service Temporarily Unavailable"
2026-06-13 02:57:52,258 - httpx - INFO - HTTP Request: GET https://datafeed.dukascopy.com/datafeed/EURUSD/2026/05/05/08h_ticks.bi5 "HTTP/1.1 503 Service Temporarily Unavailable"
2026-06-13 02:57:52,259 - httpx - INFO - HTTP Request: GET https://datafeed.dukascopy.com/datafeed/EURUSD/2026/05/05/05h_ticks.bi5 "HTTP/1.1 503 Service Temporarily Unavailable"
2026-06-13 02:57:52,261 - httpx - INFO - HTTP Request: GET https://datafeed.dukascopy.com/datafeed/EURUSD/2026/05/05/11h_ticks.bi5 "HTTP/1.1 503 Service Temporarily Unavailable"
2026-06-13 02:57:52,268 - httpx - INFO - HTTP Request: GET https://datafeed.dukascopy.com/datafeed/EURUSD/2026/05/05/10h_ticks.bi5 "HTTP/1.1 503 Service Temporarily Unavailable"
2026-06-13 02:57:52,274 - httpx - INFO - HTTP Request: GET https://datafeed.dukascopy.com/datafeed/EURUSD/2026/05/05/02h_ticks.bi5 "HTTP/1.1 503 Service Temporarily Unavailable"
2026-06-13 02:57:52,276 - httpx - INFO - HTTP Request: GET https://datafeed.dukascopy.com/datafeed/EURUSD/2026/05/04/01h_ticks.bi5 "HTTP/1.1 503 Service Temporarily Unavailable"
2026-06-13 02:57:52,288 - httpx - INFO - HTTP Request: GET https://datafeed.dukascopy.com/datafeed/EURUSD/2026/05/04/04h_ticks.bi5 "HTTP/1.1 503 Service Temporarily Unavailable"
2026-06-13 02:57:52,296 - httpx - INFO - HTTP Request: GET https://datafeed.dukascopy.com/datafeed/EURUSD/2026/05/04/07h_ticks.bi5 "HTTP/1.1 503 Service Temporarily Unavailable"
2026-06-13 02:57:52,304 - httpx - INFO - HTTP Request: GET https://datafeed.dukascopy.com/datafeed/EURUSD/2026/05/04/03h_ticks.bi5 "HTTP/1.1 503 Service Temporarily Unavailable"
2026-06-13 02:57:52,318 - httpx - INFO - HTTP Request: GET https://datafeed.dukascopy.com/datafeed/EURUSD/2026/05/04/12h_ticks.bi5 "HTTP/1.1 503 Service Temporarily Unavailable"
2026-06-13 02:57:52,335 - httpx - INFO - HTTP Request: GET https://datafeed.dukascopy.com/datafeed/EURUSD/2026/05/04/06h_ticks.bi5 "HTTP/1.1 503 Service Temporarily Unavailable"
2026-06-13 02:57:52,347 - httpx - INFO - HTTP Request: GET https://datafeed.dukascopy.com/datafeed/EURUSD/2026/05/04/17h_ticks.bi5 "HTTP/1.1 503 Service Temporarily Unavailable"
2026-06-13 02:57:52,371 - httpx - INFO - HTTP Request: GET https://datafeed.dukascopy.com/datafeed/EURUSD/2026/05/04/02h_ticks.bi5 "HTTP/1.1 503 Service Temporarily Unavailable"
2026-06-13 02:57:52,389 - httpx - INFO - HTTP Request: GET https://datafeed.dukascopy.com/datafeed/EURUSD/2026/05/04/10h_ticks.bi5 "HTTP/1.1 503 Service Temporarily Unavailable"
2026-06-13 02:57:52,396 - httpx - INFO - HTTP Request: GET https://datafeed.dukascopy.com/datafeed/EURUSD/2026/05/05/01h_ticks.bi5 "HTTP/1.1 200 OK"
2026-06-13 02:57:52,422 - httpx - INFO - HTTP Request: GET https://datafeed.dukascopy.com/datafeed/EURUSD/2026/05/04/19h_ticks.bi5 "HTTP/1.1 503 Service Temporarily Unavailable"
2026-06-13 02:57:52,424 - httpx - INFO - HTTP Request: GET https://datafeed.dukascopy.com/datafeed/EURUSD/2026/05/04/21h_ticks.bi5 "HTTP/1.1 503 Service Temporarily Unavailable"
2026-06-13 02:57:52,439 - httpx - INFO - HTTP Request: GET https://datafeed.dukascopy.com/datafeed/EURUSD/2026/05/04/22h_ticks.bi5 "HTTP/1.1 503 Service Temporarily Unavailable"
2026-06-13 02:57:52,444 - httpx - INFO - HTTP Request: GET https://datafeed.dukascopy.com/datafeed/EURUSD/2026/05/04/11h_ticks.bi5 "HTTP/1.1 503 Service Temporarily Unavailable"
2026-06-13 02:57:52,451 - httpx - INFO - HTTP Request: GET https://datafeed.dukascopy.com/datafeed/EURUSD/2026/05/05/06h_ticks.bi5 "HTTP/1.1 503 Service Temporarily Unavailable"
2026-06-13 02:57:52,455 - httpx - INFO - HTTP Request: GET https://datafeed.dukascopy.com/datafeed/EURUSD/2026/05/04/13h_ticks.bi5 "HTTP/1.1 503 Service Temporarily Unavailable"
2026-06-13 02:57:52,458 - httpx - INFO - HTTP Request: GET https://datafeed.dukascopy.com/datafeed/EURUSD/2026/05/04/20h_ticks.bi5 "HTTP/1.1 503 Service Temporarily Unavailable"
2026-06-13 02:57:52,474 - httpx - INFO - HTTP Request: GET https://datafeed.dukascopy.com/datafeed/EURUSD/2026/05/04/18h_ticks.bi5 "HTTP/1.1 503 Service Temporarily Unavailable"
2026-06-13 02:57:52,496 - httpx - INFO - HTTP Request: GET https://datafeed.dukascopy.com/datafeed/EURUSD/2026/05/04/14h_ticks.bi5 "HTTP/1.1 503 Service Temporarily Unavailable"
2026-06-13 02:57:52,509 - httpx - INFO - HTTP Request: GET https://datafeed.dukascopy.com/datafeed/EURUSD/2026/05/04/15h_ticks.bi5 "HTTP/1.1 503 Service Temporarily Unavailable"
2026-06-13 02:57:52,512 - httpx - INFO - HTTP Request: GET https://datafeed.dukascopy.com/datafeed/EURUSD/2026/05/04/05h_ticks.bi5 "HTTP/1.1 503 Service Temporarily Unavailable"
2026-06-13 02:57:52,517 - httpx - INFO - HTTP Request: GET https://datafeed.dukascopy.com/datafeed/EURUSD/2026/05/04/08h_ticks.bi5 "HTTP/1.1 503 Service Temporarily Unavailable"
2026-06-13 02:57:52,521 - httpx - INFO - HTTP Request: GET https://datafeed.dukascopy.com/datafeed/EURUSD/2026/05/04/16h_ticks.bi5 "HTTP/1.1 503 Service Temporarily Unavailable"
2026-06-13 02:57:52,533 - httpx - INFO - HTTP Request: GET https://datafeed.dukascopy.com/datafeed/EURUSD/2026/05/04/09h_ticks.bi5 "HTTP/1.1 503 Service Temporarily Unavailable"
2026-06-13 02:57:52,580 - httpx - INFO - HTTP Request: GET https://datafeed.dukascopy.com/datafeed/EURUSD/2026/05/05/04h_ticks.bi5 "HTTP/1.1 200 OK"
2026-06-13 02:57:52,789 - httpx - INFO - HTTP Request: GET https://datafeed.dukascopy.com/datafeed/EURUSD/2026/05/05/07h_ticks.bi5 "HTTP/1.1 200 OK"
2026-06-13 02:57:52,984 - httpx - INFO - HTTP Request: GET https://datafeed.dukascopy.com/datafeed/EURUSD/2026/05/05/03h_ticks.bi5 "HTTP/1.1 200 OK"
2026-06-13 02:57:53,381 - httpx - INFO - HTTP Request: GET https://datafeed.dukascopy.com/datafeed/EURUSD/2026/05/05/06h_ticks.bi5 "HTTP/1.1 200 OK"
2026-06-13 02:57:53,503 - httpx - INFO - HTTP Request: GET https://datafeed.dukascopy.com/datafeed/EURUSD/2026/05/05/12h_ticks.bi5 "HTTP/1.1 200 OK"
2026-06-13 02:57:53,659 - httpx - INFO - HTTP Request: GET https://datafeed.dukascopy.com/datafeed/EURUSD/2026/05/05/17h_ticks.bi5 "HTTP/1.1 200 OK"
2026-06-13 02:57:53,780 - httpx - INFO - HTTP Request: GET https://datafeed.dukascopy.com/datafeed/EURUSD/2026/05/05/02h_ticks.bi5 "HTTP/1.1 200 OK"
2026-06-13 02:57:53,980 - httpx - INFO - HTTP Request: GET https://datafeed.dukascopy.com/datafeed/EURUSD/2026/05/05/10h_ticks.bi5 "HTTP/1.1 200 OK"
2026-06-13 02:57:54,185 - httpx - INFO - HTTP Request: GET https://datafeed.dukascopy.com/datafeed/EURUSD/2026/05/05/05h_ticks.bi5 "HTTP/1.1 200 OK"
2026-06-13 02:57:54,527 - httpx - INFO - HTTP Request: GET https://datafeed.dukascopy.com/datafeed/EURUSD/2026/05/05/16h_ticks.bi5 "HTTP/1.1 200 OK"
2026-06-13 02:57:54,588 - httpx - INFO - HTTP Request: GET https://datafeed.dukascopy.com/datafeed/EURUSD/2026/05/05/23h_ticks.bi5 "HTTP/1.1 200 OK"
2026-06-13 02:57:54,809 - httpx - INFO - HTTP Request: GET https://datafeed.dukascopy.com/datafeed/EURUSD/2026/05/05/04h_ticks.bi5 "HTTP/1.1 200 OK"
2026-06-13 02:57:54,888 - httpx - INFO - HTTP Request: GET https://datafeed.dukascopy.com/datafeed/EURUSD/2026/05/04/23h_ticks.bi5 "HTTP/1.1 503 Service Temporarily Unavailable"
2026-06-13 02:57:54,902 - httpx - INFO - HTTP Request: GET https://datafeed.dukascopy.com/datafeed/EURUSD/2026/05/04/18h_ticks.bi5 "HTTP/1.1 503 Service Temporarily Unavailable"
2026-06-13 02:57:54,909 - httpx - INFO - HTTP Request: GET https://datafeed.dukascopy.com/datafeed/EURUSD/2026/05/04/22h_ticks.bi5 "HTTP/1.1 503 Service Temporarily Unavailable"
2026-06-13 02:57:54,920 - httpx - INFO - HTTP Request: GET https://datafeed.dukascopy.com/datafeed/EURUSD/2026/05/04/13h_ticks.bi5 "HTTP/1.1 503 Service Temporarily Unavailable"
2026-06-13 02:57:54,927 - httpx - INFO - HTTP Request: GET https://datafeed.dukascopy.com/datafeed/EURUSD/2026/05/04/15h_ticks.bi5 "HTTP/1.1 503 Service Temporarily Unavailable"
2026-06-13 02:57:54,936 - httpx - INFO - HTTP Request: GET https://datafeed.dukascopy.com/datafeed/EURUSD/2026/05/04/20h_ticks.bi5 "HTTP/1.1 503 Service Temporarily Unavailable"
2026-06-13 02:57:54,943 - httpx - INFO - HTTP Request: GET https://datafeed.dukascopy.com/datafeed/EURUSD/2026/05/04/09h_ticks.bi5 "HTTP/1.1 503 Service Temporarily Unavailable"
2026-06-13 02:57:54,947 - httpx - INFO - HTTP Request: GET https://datafeed.dukascopy.com/datafeed/EURUSD/2026/05/04/14h_ticks.bi5 "HTTP/1.1 503 Service Temporarily Unavailable"
2026-06-13 02:57:55,056 - httpx - INFO - HTTP Request: GET https://datafeed.dukascopy.com/datafeed/EURUSD/2026/05/05/14h_ticks.bi5 "HTTP/1.1 200 OK"
2026-06-13 02:57:55,193 - httpx - INFO - HTTP Request: GET https://datafeed.dukascopy.com/datafeed/EURUSD/2026/05/04/00h_ticks.bi5 "HTTP/1.1 200 OK"
2026-06-13 02:57:55,273 - httpx - INFO - HTTP Request: GET https://datafeed.dukascopy.com/datafeed/EURUSD/2026/05/04/04h_ticks.bi5 "HTTP/1.1 503 Service Temporarily Unavailable"
2026-06-13 02:57:55,296 - httpx - INFO - HTTP Request: GET https://datafeed.dukascopy.com/datafeed/EURUSD/2026/05/04/07h_ticks.bi5 "HTTP/1.1 503 Service Temporarily Unavailable"
2026-06-13 02:57:55,330 - httpx - INFO - HTTP Request: GET https://datafeed.dukascopy.com/datafeed/EURUSD/2026/05/04/03h_ticks.bi5 "HTTP/1.1 503 Service Temporarily Unavailable"
2026-06-13 02:57:55,351 - httpx - INFO - HTTP Request: GET https://datafeed.dukascopy.com/datafeed/EURUSD/2026/05/04/12h_ticks.bi5 "HTTP/1.1 503 Service Temporarily Unavailable"
2026-06-13 02:57:55,380 - httpx - INFO - HTTP Request: GET https://datafeed.dukascopy.com/datafeed/EURUSD/2026/05/04/17h_ticks.bi5 "HTTP/1.1 503 Service Temporarily Unavailable"
2026-06-13 02:57:55,382 - httpx - INFO - HTTP Request: GET https://datafeed.dukascopy.com/datafeed/EURUSD/2026/05/04/02h_ticks.bi5 "HTTP/1.1 503 Service Temporarily Unavailable"
2026-06-13 02:57:55,398 - httpx - INFO - HTTP Request: GET https://datafeed.dukascopy.com/datafeed/EURUSD/2026/05/04/23h_ticks.bi5 "HTTP/1.1 200 OK"
2026-06-13 02:57:55,401 - httpx - INFO - HTTP Request: GET https://datafeed.dukascopy.com/datafeed/EURUSD/2026/05/04/06h_ticks.bi5 "HTTP/1.1 503 Service Temporarily Unavailable"
2026-06-13 02:57:55,421 - httpx - INFO - HTTP Request: GET https://datafeed.dukascopy.com/datafeed/EURUSD/2026/05/04/22h_ticks.bi5 "HTTP/1.1 503 Service Temporarily Unavailable"
2026-06-13 02:57:55,486 - httpx - INFO - HTTP Request: GET https://datafeed.dukascopy.com/datafeed/EURUSD/2026/05/04/05h_ticks.bi5 "HTTP/1.1 503 Service Temporarily Unavailable"
2026-06-13 02:57:55,488 - httpx - INFO - HTTP Request: GET https://datafeed.dukascopy.com/datafeed/EURUSD/2026/05/04/21h_ticks.bi5 "HTTP/1.1 503 Service Temporarily Unavailable"
2026-06-13 02:57:55,490 - httpx - INFO - HTTP Request: GET https://datafeed.dukascopy.com/datafeed/EURUSD/2026/05/04/19h_ticks.bi5 "HTTP/1.1 503 Service Temporarily Unavailable"
2026-06-13 02:57:55,492 - httpx - INFO - HTTP Request: GET https://datafeed.dukascopy.com/datafeed/EURUSD/2026/05/04/08h_ticks.bi5 "HTTP/1.1 503 Service Temporarily Unavailable"
2026-06-13 02:57:55,493 - httpx - INFO - HTTP Request: GET https://datafeed.dukascopy.com/datafeed/EURUSD/2026/05/04/11h_ticks.bi5 "HTTP/1.1 503 Service Temporarily Unavailable"
2026-06-13 02:57:55,495 - httpx - INFO - HTTP Request: GET https://datafeed.dukascopy.com/datafeed/EURUSD/2026/05/04/18h_ticks.bi5 "HTTP/1.1 503 Service Temporarily Unavailable"
2026-06-13 02:57:55,496 - httpx - INFO - HTTP Request: GET https://datafeed.dukascopy.com/datafeed/EURUSD/2026/05/04/13h_ticks.bi5 "HTTP/1.1 503 Service Temporarily Unavailable"
2026-06-13 02:57:55,498 - httpx - INFO - HTTP Request: GET https://datafeed.dukascopy.com/datafeed/EURUSD/2026/05/04/20h_ticks.bi5 "HTTP/1.1 503 Service Temporarily Unavailable"
2026-06-13 02:57:55,526 - httpx - INFO - HTTP Request: GET https://datafeed.dukascopy.com/datafeed/EURUSD/2026/05/04/08h_ticks.bi5 "HTTP/1.1 503 Service Temporarily Unavailable"
2026-06-13 02:57:55,566 - httpx - INFO - HTTP Request: GET https://datafeed.dukascopy.com/datafeed/EURUSD/2026/05/04/21h_ticks.bi5 "HTTP/1.1 503 Service Temporarily Unavailable"
2026-06-13 02:57:55,580 - httpx - INFO - HTTP Request: GET https://datafeed.dukascopy.com/datafeed/EURUSD/2026/05/04/11h_ticks.bi5 "HTTP/1.1 503 Service Temporarily Unavailable"
2026-06-13 02:57:55,581 - httpx - INFO - HTTP Request: GET https://datafeed.dukascopy.com/datafeed/EURUSD/2026/05/03/00h_ticks.bi5 "HTTP/1.1 503 Service Temporarily Unavailable"
2026-06-13 02:57:55,597 - httpx - INFO - HTTP Request: GET https://datafeed.dukascopy.com/datafeed/EURUSD/2026/05/04/09h_ticks.bi5 "HTTP/1.1 503 Service Temporarily Unavailable"
2026-06-13 02:57:55,603 - httpx - INFO - HTTP Request: GET https://datafeed.dukascopy.com/datafeed/EURUSD/2026/05/04/00h_ticks.bi5 "HTTP/1.1 200 OK"
2026-06-13 02:57:55,638 - httpx - INFO - HTTP Request: GET https://datafeed.dukascopy.com/datafeed/EURUSD/2026/05/03/01h_ticks.bi5 "HTTP/1.1 503 Service Temporarily Unavailable"
2026-06-13 02:57:55,640 - httpx - INFO - HTTP Request: GET https://datafeed.dukascopy.com/datafeed/EURUSD/2026/05/04/23h_ticks.bi5 "HTTP/1.1 503 Service Temporarily Unavailable"
2026-06-13 02:57:55,642 - httpx - INFO - HTTP Request: GET https://datafeed.dukascopy.com/datafeed/EURUSD/2026/05/03/04h_ticks.bi5 "HTTP/1.1 503 Service Temporarily Unavailable"
2026-06-13 02:57:55,643 - httpx - INFO - HTTP Request: GET https://datafeed.dukascopy.com/datafeed/EURUSD/2026/05/04/15h_ticks.bi5 "HTTP/1.1 503 Service Temporarily Unavailable"
2026-06-13 02:57:55,664 - httpx - INFO - HTTP Request: GET https://datafeed.dukascopy.com/datafeed/EURUSD/2026/05/03/07h_ticks.bi5 "HTTP/1.1 503 Service Temporarily Unavailable"
2026-06-13 02:57:55,665 - httpx - INFO - HTTP Request: GET https://datafeed.dukascopy.com/datafeed/EURUSD/2026/05/04/16h_ticks.bi5 "HTTP/1.1 503 Service Temporarily Unavailable"
2026-06-13 02:57:55,675 - httpx - INFO - HTTP Request: GET https://datafeed.dukascopy.com/datafeed/EURUSD/2026/05/03/03h_ticks.bi5 "HTTP/1.1 503 Service Temporarily Unavailable"
2026-06-13 02:57:55,688 - httpx - INFO - HTTP Request: GET https://datafeed.dukascopy.com/datafeed/EURUSD/2026/05/04/19h_ticks.bi5 "HTTP/1.1 503 Service Temporarily Unavailable"
2026-06-13 02:57:55,689 - httpx - INFO - HTTP Request: GET https://datafeed.dukascopy.com/datafeed/EURUSD/2026/05/03/12h_ticks.bi5 "HTTP/1.1 503 Service Temporarily Unavailable"
2026-06-13 02:57:55,722 - httpx - INFO - HTTP Request: GET https://datafeed.dukascopy.com/datafeed/EURUSD/2026/05/03/16h_ticks.bi5 "HTTP/1.1 503 Service Temporarily Unavailable"
2026-06-13 02:57:55,734 - httpx - INFO - HTTP Request: GET https://datafeed.dukascopy.com/datafeed/EURUSD/2026/05/03/02h_ticks.bi5 "HTTP/1.1 503 Service Temporarily Unavailable"
2026-06-13 02:57:55,752 - httpx - INFO - HTTP Request: GET https://datafeed.dukascopy.com/datafeed/EURUSD/2026/05/03/21h_ticks.bi5 "HTTP/1.1 503 Service Temporarily Unavailable"
2026-06-13 02:57:55,759 - httpx - INFO - HTTP Request: GET https://datafeed.dukascopy.com/datafeed/EURUSD/2026/05/03/22h_ticks.bi5 "HTTP/1.1 503 Service Temporarily Unavailable"
2026-06-13 02:57:55,769 - httpx - INFO - HTTP Request: GET https://datafeed.dukascopy.com/datafeed/EURUSD/2026/05/03/09h_ticks.bi5 "HTTP/1.1 503 Service Temporarily Unavailable"
2026-06-13 02:57:55,777 - httpx - INFO - HTTP Request: GET https://datafeed.dukascopy.com/datafeed/EURUSD/2026/05/03/17h_ticks.bi5 "HTTP/1.1 503 Service Temporarily Unavailable"
2026-06-13 02:57:55,781 - httpx - INFO - HTTP Request: GET https://datafeed.dukascopy.com/datafeed/EURUSD/2026/05/04/01h_ticks.bi5 "HTTP/1.1 200 OK"
2026-06-13 02:57:55,805 - httpx - INFO - HTTP Request: GET https://datafeed.dukascopy.com/datafeed/EURUSD/2026/05/03/20h_ticks.bi5 "HTTP/1.1 503 Service Temporarily Unavailable"
2026-06-13 02:57:55,812 - httpx - INFO - HTTP Request: GET https://datafeed.dukascopy.com/datafeed/EURUSD/2026/05/03/08h_ticks.bi5 "HTTP/1.1 503 Service Temporarily Unavailable"
2026-06-13 02:57:55,814 - httpx - INFO - HTTP Request: GET https://datafeed.dukascopy.com/datafeed/EURUSD/2026/05/03/05h_ticks.bi5 "HTTP/1.1 503 Service Temporarily Unavailable"
2026-06-13 02:57:55,823 - httpx - INFO - HTTP Request: GET https://datafeed.dukascopy.com/datafeed/EURUSD/2026/05/03/10h_ticks.bi5 "HTTP/1.1 503 Service Temporarily Unavailable"
2026-06-13 02:57:55,833 - httpx - INFO - HTTP Request: GET https://datafeed.dukascopy.com/datafeed/EURUSD/2026/05/03/19h_ticks.bi5 "HTTP/1.1 503 Service Temporarily Unavailable"
2026-06-13 02:57:55,841 - httpx - INFO - HTTP Request: GET https://datafeed.dukascopy.com/datafeed/EURUSD/2026/05/03/06h_ticks.bi5 "HTTP/1.1 503 Service Temporarily Unavailable"
2026-06-13 02:57:55,979 - httpx - INFO - HTTP Request: GET https://datafeed.dukascopy.com/datafeed/EURUSD/2026/05/04/04h_ticks.bi5 "HTTP/1.1 200 OK"
2026-06-13 02:57:55,991 - httpx - INFO - HTTP Request: GET https://datafeed.dukascopy.com/datafeed/EURUSD/2026/05/03/11h_ticks.bi5 "HTTP/1.1 503 Service Temporarily Unavailable"
2026-06-13 02:57:55,994 - httpx - INFO - HTTP Request: GET https://datafeed.dukascopy.com/datafeed/EURUSD/2026/05/03/18h_ticks.bi5 "HTTP/1.1 503 Service Temporarily Unavailable"
2026-06-13 02:57:55,998 - httpx - INFO - HTTP Request: GET https://datafeed.dukascopy.com/datafeed/EURUSD/2026/05/03/14h_ticks.bi5 "HTTP/1.1 503 Service Temporarily Unavailable"
2026-06-13 02:57:56,040 - httpx - INFO - HTTP Request: GET https://datafeed.dukascopy.com/datafeed/EURUSD/2026/05/03/15h_ticks.bi5 "HTTP/1.1 503 Service Temporarily Unavailable"
2026-06-13 02:57:56,188 - httpx - INFO - HTTP Request: GET https://datafeed.dukascopy.com/datafeed/EURUSD/2026/05/04/07h_ticks.bi5 "HTTP/1.1 200 OK"
2026-06-13 02:57:56,379 - httpx - INFO - HTTP Request: GET https://datafeed.dukascopy.com/datafeed/EURUSD/2026/05/04/03h_ticks.bi5 "HTTP/1.1 200 OK"
2026-06-13 02:57:56,657 - httpx - INFO - HTTP Request: GET https://datafeed.dukascopy.com/datafeed/EURUSD/2026/05/04/12h_ticks.bi5 "HTTP/1.1 200 OK"
2026-06-13 02:57:56,881 - httpx - INFO - HTTP Request: GET https://datafeed.dukascopy.com/datafeed/EURUSD/2026/05/04/06h_ticks.bi5 "HTTP/1.1 200 OK"
2026-06-13 02:57:56,990 - httpx - INFO - HTTP Request: GET https://datafeed.dukascopy.com/datafeed/EURUSD/2026/05/04/17h_ticks.bi5 "HTTP/1.1 200 OK"
2026-06-13 02:57:57,180 - httpx - INFO - HTTP Request: GET https://datafeed.dukascopy.com/datafeed/EURUSD/2026/05/04/02h_ticks.bi5 "HTTP/1.1 200 OK"
2026-06-13 02:57:57,385 - httpx - INFO - HTTP Request: GET https://datafeed.dukascopy.com/datafeed/EURUSD/2026/05/04/10h_ticks.bi5 "HTTP/1.1 200 OK"
2026-06-13 02:57:57,582 - httpx - INFO - HTTP Request: GET https://datafeed.dukascopy.com/datafeed/EURUSD/2026/05/04/05h_ticks.bi5 "HTTP/1.1 200 OK"
