2026-07-10 00:28:31,214 | INFO | Loaded Regime Classifier version v1.0.20260706_022141
2026-07-10 00:28:31,216 | INFO | Loaded Strategy Selector version v1.0.20260706_022155
2026-07-10 00:56:41,104 | INFO | Loaded Regime Classifier version v1.0.20260706_022141
2026-07-10 00:56:41,107 | INFO | Loaded Strategy Selector version v1.0.20260706_022155
2026-07-10 00:57:44,393 | INFO | HOLD_DECISION | pair=BTCUSD | raw_action=HOLD | final_conf=0.1501 | min_conf=0.70 | validation_passed=False | failed_checks=['Signal action is HOLD.'] | raw_reason=No clear high-probability setup identified. | lot_size=0.0 | atr=0.000000 | spread_pips=0.0000 | rr=0.0000
2026-07-10 00:57:44,503 | INFO | HOLD_DECISION | pair=BTCEUR | raw_action=HOLD | final_conf=0.1477 | min_conf=0.70 | validation_passed=False | failed_checks=['Signal action is HOLD.'] | raw_reason=No clear high-probability setup identified. | lot_size=0.0 | atr=0.000000 | spread_pips=0.0000 | rr=0.0000
2026-07-10 00:57:45,463 | INFO | HOLD_DECISION | pair=NZDUSD | raw_action=HOLD | final_conf=0.1663 | min_conf=0.70 | validation_passed=False | failed_checks=['Signal action is HOLD.'] | raw_reason=No clear high-probability setup identified. | lot_size=0.0 | atr=0.000000 | spread_pips=0.0000 | rr=0.0000
2026-07-10 00:57:45,748 | INFO | HOLD_DECISION | pair=USDJPY | raw_action=HOLD | final_conf=0.2011 | min_conf=0.70 | validation_passed=False | failed_checks=['Signal action is HOLD.'] | raw_reason=No clear high-probability setup identified. | lot_size=0.0 | atr=0.000000 | spread_pips=0.0000 | rr=0.0000
2026-07-10 00:57:45,867 | INFO | HOLD_DECISION | pair=USDCHF | raw_action=HOLD | final_conf=0.1856 | min_conf=0.70 | validation_passed=False | failed_checks=['Signal action is HOLD.'] | raw_reason=No clear high-probability setup identified. | lot_size=0.0 | atr=0.000000 | spread_pips=0.0000 | rr=0.0000
2026-07-10 00:57:45,869 | INFO | HOLD_DECISION | pair=GBPUSD | raw_action=HOLD | final_conf=0.1562 | min_conf=0.70 | validation_passed=False | failed_checks=['Signal action is HOLD.'] | raw_reason=No clear high-probability setup identified. | lot_size=0.0 | atr=0.000000 | spread_pips=0.0000 | rr=0.0000
2026-07-10 00:57:45,871 | INFO | HOLD_DECISION | pair=AUDUSD | raw_action=HOLD | final_conf=0.1578 | min_conf=0.70 | validation_passed=False | failed_checks=['Signal action is HOLD.'] | raw_reason=No clear high-probability setup identified. | lot_size=0.0 | atr=0.000000 | spread_pips=0.0000 | rr=0.0000
2026-07-10 00:57:45,873 | INFO | HOLD_DECISION | pair=XAUUSD | raw_action=HOLD | final_conf=0.1576 | min_conf=0.70 | validation_passed=False | failed_checks=['Signal action is HOLD.'] | raw_reason=No clear high-probability setup identified. | lot_size=0.0 | atr=0.000000 | spread_pips=0.0000 | rr=0.0000
2026-07-10 00:57:45,874 | INFO | HOLD_DECISION | pair=USDCAD | raw_action=HOLD | final_conf=0.2014 | min_conf=0.70 | validation_passed=False | failed_checks=['Signal action is HOLD.'] | raw_reason=No clear high-probability setup identified. | lot_size=0.0 | atr=0.000000 | spread_pips=0.0000 | rr=0.0000
2026-07-10 00:57:46,209 | INFO | HOLD_DECISION | pair=EURUSD | raw_action=HOLD | final_conf=0.1799 | min_conf=0.70 | validation_passed=False | failed_checks=['Signal action is HOLD.'] | raw_reason=No clear high-probability setup identified. | lot_size=0.0 | atr=0.000000 | spread_pips=0.0000 | rr=0.0000
2026-07-10 00:58:50,170 | INFO | HOLD_DECISION | pair=USDJPY | raw_action=HOLD | final_conf=0.2011 | min_conf=0.70 | validation_passed=False | failed_checks=['Signal action is HOLD.'] | raw_reason=No clear high-probability setup identified. | lot_size=0.0 | atr=0.000000 | spread_pips=0.0000 | rr=0.0000
2026-07-10 00:58:50,175 | INFO | HOLD_DECISION | pair=USDCHF | raw_action=HOLD | final_conf=0.1856 | min_conf=0.70 | validation_passed=False | failed_checks=['Signal action is HOLD.'] | raw_reason=No clear high-probability setup identified. | lot_size=0.0 | atr=0.000000 | spread_pips=0.0000 | rr=0.0000
2026-07-10 00:58:50,178 | INFO | HOLD_DECISION | pair=BTCEUR | raw_action=HOLD | final_conf=0.1477 | min_conf=0.70 | validation_passed=False | failed_checks=['Signal action is HOLD.'] | raw_reason=No clear high-probability setup identified. | lot_size=0.0 | atr=0.000000 | spread_pips=0.0000 | rr=0.0000
2026-07-10 00:58:50,179 | INFO | HOLD_DECISION | pair=NZDUSD | raw_action=HOLD | final_conf=0.1663 | min_conf=0.70 | validation_passed=False | failed_checks=['Signal action is HOLD.'] | raw_reason=No clear high-probability setup identified. | lot_size=0.0 | atr=0.000000 | spread_pips=0.0000 | rr=0.0000
2026-07-10 00:58:50,180 | INFO | HOLD_DECISION | pair=AUDUSD | raw_action=HOLD | final_conf=0.1578 | min_conf=0.70 | validation_passed=False | failed_checks=['Signal action is HOLD.'] | raw_reason=No clear high-probability setup identified. | lot_size=0.0 | atr=0.000000 | spread_pips=0.0000 | rr=0.0000
2026-07-10 00:58:50,182 | INFO | HOLD_DECISION | pair=USDCAD | raw_action=HOLD | final_conf=0.2014 | min_conf=0.70 | validation_passed=False | failed_checks=['Signal action is HOLD.'] | raw_reason=No clear high-probability setup identified. | lot_size=0.0 | atr=0.000000 | spread_pips=0.0000 | rr=0.0000
2026-07-10 00:58:50,184 | INFO | HOLD_DECISION | pair=EURUSD | raw_action=HOLD | final_conf=0.1799 | min_conf=0.70 | validation_passed=False | failed_checks=['Signal action is HOLD.'] | raw_reason=No clear high-probability setup identified. | lot_size=0.0 | atr=0.000000 | spread_pips=0.0000 | rr=0.0000
2026-07-10 00:58:50,187 | INFO | HOLD_DECISION | pair=GBPUSD | raw_action=HOLD | final_conf=0.1562 | min_conf=0.70 | validation_passed=False | failed_checks=['Signal action is HOLD.'] | raw_reason=No clear high-probability setup identified. | lot_size=0.0 | atr=0.000000 | spread_pips=0.0000 | rr=0.0000
2026-07-10 00:58:50,206 | INFO | HOLD_DECISION | pair=XAUUSD | raw_action=HOLD | final_conf=0.1576 | min_conf=0.70 | validation_passed=False | failed_checks=['Signal action is HOLD.'] | raw_reason=No clear high-probability setup identified. | lot_size=0.0 | atr=0.000000 | spread_pips=0.0000 | rr=0.0000
2026-07-10 00:58:50,213 | INFO | HOLD_DECISION | pair=BTCUSD | raw_action=HOLD | final_conf=0.1501 | min_conf=0.70 | validation_passed=False | failed_checks=['Signal action is HOLD.'] | raw_reason=No clear high-probability setup identified. | lot_size=0.0 | atr=0.000000 | spread_pips=0.0000 | rr=0.0000
2026-07-10 01:00:05,143 | INFO | HOLD_DECISION | pair=BTCEUR | raw_action=HOLD | final_conf=0.1477 | min_conf=0.70 | validation_passed=False | failed_checks=['Signal action is HOLD.'] | raw_reason=No clear high-probability setup identified. | lot_size=0.0 | atr=0.000000 | spread_pips=0.0000 | rr=0.0000
2026-07-10 01:00:05,144 | INFO | HOLD_DECISION | pair=USDJPY | raw_action=HOLD | final_conf=0.2011 | min_conf=0.70 | validation_passed=False | failed_checks=['Signal action is HOLD.'] | raw_reason=No clear high-probability setup identified. | lot_size=0.0 | atr=0.000000 | spread_pips=0.0000 | rr=0.0000
2026-07-10 01:00:05,146 | INFO | HOLD_DECISION | pair=XAUUSD | raw_action=HOLD | final_conf=0.1576 | min_conf=0.70 | validation_passed=False | failed_checks=['Signal action is HOLD.'] | raw_reason=No clear high-probability setup identified. | lot_size=0.0 | atr=0.000000 | spread_pips=0.0000 | rr=0.0000
2026-07-10 01:00:05,147 | INFO | HOLD_DECISION | pair=AUDUSD | raw_action=HOLD | final_conf=0.1578 | min_conf=0.70 | validation_passed=False | failed_checks=['Signal action is HOLD.'] | raw_reason=No clear high-probability setup identified. | lot_size=0.0 | atr=0.000000 | spread_pips=0.0000 | rr=0.0000
2026-07-10 01:00:05,148 | INFO | HOLD_DECISION | pair=USDCHF | raw_action=HOLD | final_conf=0.1856 | min_conf=0.70 | validation_passed=False | failed_checks=['Signal action is HOLD.'] | raw_reason=No clear high-probability setup identified. | lot_size=0.0 | atr=0.000000 | spread_pips=0.0000 | rr=0.0000
2026-07-10 01:00:05,149 | INFO | HOLD_DECISION | pair=USDCAD | raw_action=HOLD | final_conf=0.2014 | min_conf=0.70 | validation_passed=False | failed_checks=['Signal action is HOLD.'] | raw_reason=No clear high-probability setup identified. | lot_size=0.0 | atr=0.000000 | spread_pips=0.0000 | rr=0.0000
2026-07-10 01:00:05,149 | INFO | HOLD_DECISION | pair=BTCUSD | raw_action=HOLD | final_conf=0.1501 | min_conf=0.70 | validation_passed=False | failed_checks=['Signal action is HOLD.'] | raw_reason=No clear high-probability setup identified. | lot_size=0.0 | atr=0.000000 | spread_pips=0.0000 | rr=0.0000
2026-07-10 01:00:05,150 | INFO | HOLD_DECISION | pair=EURUSD | raw_action=HOLD | final_conf=0.1799 | min_conf=0.70 | validation_passed=False | failed_checks=['Signal action is HOLD.'] | raw_reason=No clear high-probability setup identified. | lot_size=0.0 | atr=0.000000 | spread_pips=0.0000 | rr=0.0000
2026-07-10 01:00:05,151 | INFO | HOLD_DECISION | pair=NZDUSD | raw_action=HOLD | final_conf=0.1663 | min_conf=0.70 | validation_passed=False | failed_checks=['Signal action is HOLD.'] | raw_reason=No clear high-probability setup identified. | lot_size=0.0 | atr=0.000000 | spread_pips=0.0000 | rr=0.0000
2026-07-10 01:00:05,153 | INFO | HOLD_DECISION | pair=GBPUSD | raw_action=HOLD | final_conf=0.1562 | min_conf=0.70 | validation_passed=False | failed_checks=['Signal action is HOLD.'] | raw_reason=No clear high-probability setup identified. | lot_size=0.0 | atr=0.000000 | spread_pips=0.0000 | rr=0.0000
2026-07-10 01:01:18,065 | INFO | HOLD_DECISION | pair=XAUUSD | raw_action=HOLD | final_conf=0.1576 | min_conf=0.70 | validation_passed=False | failed_checks=['Signal action is HOLD.'] | raw_reason=No clear high-probability setup identified. | lot_size=0.0 | atr=0.000000 | spread_pips=0.0000 | rr=0.0000
2026-07-10 01:01:18,178 | INFO | HOLD_DECISION | pair=BTCUSD | raw_action=HOLD | final_conf=0.1501 | min_conf=0.70 | validation_passed=False | failed_checks=['Signal action is HOLD.'] | raw_reason=No clear high-probability setup identified. | lot_size=0.0 | atr=0.000000 | spread_pips=0.0000 | rr=0.0000
2026-07-10 01:01:18,217 | INFO | HOLD_DECISION | pair=EURUSD | raw_action=HOLD | final_conf=0.1799 | min_conf=0.70 | validation_passed=False | failed_checks=['Signal action is HOLD.'] | raw_reason=No clear high-probability setup identified. | lot_size=0.0 | atr=0.000000 | spread_pips=0.0000 | rr=0.0000
2026-07-10 01:01:18,218 | INFO | HOLD_DECISION | pair=BTCEUR | raw_action=HOLD | final_conf=0.1477 | min_conf=0.70 | validation_passed=False | failed_checks=['Signal action is HOLD.'] | raw_reason=No clear high-probability setup identified. | lot_size=0.0 | atr=0.000000 | spread_pips=0.0000 | rr=0.0000
2026-07-10 01:01:18,935 | INFO | HOLD_DECISION | pair=GBPUSD | raw_action=HOLD | final_conf=0.1562 | min_conf=0.70 | validation_passed=False | failed_checks=['Signal action is HOLD.'] | raw_reason=No clear high-probability setup identified. | lot_size=0.0 | atr=0.000000 | spread_pips=0.0000 | rr=0.0000
2026-07-10 01:01:18,991 | INFO | HOLD_DECISION | pair=USDCAD | raw_action=HOLD | final_conf=0.2014 | min_conf=0.70 | validation_passed=False | failed_checks=['Signal action is HOLD.'] | raw_reason=No clear high-probability setup identified. | lot_size=0.0 | atr=0.000000 | spread_pips=0.0000 | rr=0.0000
2026-07-10 01:01:18,994 | INFO | HOLD_DECISION | pair=NZDUSD | raw_action=HOLD | final_conf=0.1663 | min_conf=0.70 | validation_passed=False | failed_checks=['Signal action is HOLD.'] | raw_reason=No clear high-probability setup identified. | lot_size=0.0 | atr=0.000000 | spread_pips=0.0000 | rr=0.0000
2026-07-10 01:01:19,063 | INFO | HOLD_DECISION | pair=AUDUSD | raw_action=HOLD | final_conf=0.1578 | min_conf=0.70 | validation_passed=False | failed_checks=['Signal action is HOLD.'] | raw_reason=No clear high-probability setup identified. | lot_size=0.0 | atr=0.000000 | spread_pips=0.0000 | rr=0.0000
2026-07-10 01:01:19,064 | INFO | HOLD_DECISION | pair=USDCHF | raw_action=HOLD | final_conf=0.1856 | min_conf=0.70 | validation_passed=False | failed_checks=['Signal action is HOLD.'] | raw_reason=No clear high-probability setup identified. | lot_size=0.0 | atr=0.000000 | spread_pips=0.0000 | rr=0.0000
2026-07-10 01:01:19,065 | INFO | HOLD_DECISION | pair=USDJPY | raw_action=HOLD | final_conf=0.2011 | min_conf=0.70 | validation_passed=False | failed_checks=['Signal action is HOLD.'] | raw_reason=No clear high-probability setup identified. | lot_size=0.0 | atr=0.000000 | spread_pips=0.0000 | rr=0.0000
2026-07-10 01:01:33,675 | INFO | HOLD_DECISION | pair=XAUUSD | raw_action=HOLD | final_conf=0.1576 | min_conf=0.70 | validation_passed=False | failed_checks=['Signal action is HOLD.'] | raw_reason=No clear high-probability setup identified. | lot_size=0.0 | atr=0.000000 | spread_pips=0.0000 | rr=0.0000
2026-07-10 01:01:33,683 | INFO | HOLD_DECISION | pair=EURUSD | raw_action=HOLD | final_conf=0.1799 | min_conf=0.70 | validation_passed=False | failed_checks=['Signal action is HOLD.'] | raw_reason=No clear high-probability setup identified. | lot_size=0.0 | atr=0.000000 | spread_pips=0.0000 | rr=0.0000
2026-07-10 01:01:33,828 | INFO | HOLD_DECISION | pair=BTCEUR | raw_action=HOLD | final_conf=0.1477 | min_conf=0.70 | validation_passed=False | failed_checks=['Signal action is HOLD.'] | raw_reason=No clear high-probability setup identified. | lot_size=0.0 | atr=0.000000 | spread_pips=0.0000 | rr=0.0000
2026-07-10 01:01:33,830 | INFO | HOLD_DECISION | pair=AUDUSD | raw_action=HOLD | final_conf=0.1578 | min_conf=0.70 | validation_passed=False | failed_checks=['Signal action is HOLD.'] | raw_reason=No clear high-probability setup identified. | lot_size=0.0 | atr=0.000000 | spread_pips=0.0000 | rr=0.0000
2026-07-10 01:01:33,831 | INFO | HOLD_DECISION | pair=USDCHF | raw_action=HOLD | final_conf=0.1856 | min_conf=0.70 | validation_passed=False | failed_checks=['Signal action is HOLD.'] | raw_reason=No clear high-probability setup identified. | lot_size=0.0 | atr=0.000000 | spread_pips=0.0000 | rr=0.0000
2026-07-10 01:01:33,833 | INFO | HOLD_DECISION | pair=USDCAD | raw_action=HOLD | final_conf=0.2014 | min_conf=0.70 | validation_passed=False | failed_checks=['Signal action is HOLD.'] | raw_reason=No clear high-probability setup identified. | lot_size=0.0 | atr=0.000000 | spread_pips=0.0000 | rr=0.0000
2026-07-10 01:01:33,834 | INFO | HOLD_DECISION | pair=GBPUSD | raw_action=HOLD | final_conf=0.1562 | min_conf=0.70 | validation_passed=False | failed_checks=['Signal action is HOLD.'] | raw_reason=No clear high-probability setup identified. | lot_size=0.0 | atr=0.000000 | spread_pips=0.0000 | rr=0.0000
2026-07-10 01:01:33,835 | INFO | HOLD_DECISION | pair=NZDUSD | raw_action=HOLD | final_conf=0.1663 | min_conf=0.70 | validation_passed=False | failed_checks=['Signal action is HOLD.'] | raw_reason=No clear high-probability setup identified. | lot_size=0.0 | atr=0.000000 | spread_pips=0.0000 | rr=0.0000
2026-07-10 01:01:33,837 | INFO | HOLD_DECISION | pair=BTCUSD | raw_action=HOLD | final_conf=0.1501 | min_conf=0.70 | validation_passed=False | failed_checks=['Signal action is HOLD.'] | raw_reason=No clear high-probability setup identified. | lot_size=0.0 | atr=0.000000 | spread_pips=0.0000 | rr=0.0000
2026-07-10 01:01:33,838 | INFO | HOLD_DECISION | pair=USDJPY | raw_action=HOLD | final_conf=0.2011 | min_conf=0.70 | validation_passed=False | failed_checks=['Signal action is HOLD.'] | raw_reason=No clear high-probability setup identified. | lot_size=0.0 | atr=0.000000 | spread_pips=0.0000 | rr=0.0000
2026-07-10 01:01:59,126 | INFO | HOLD_DECISION | pair=EURUSD | raw_action=HOLD | final_conf=0.1799 | min_conf=0.70 | validation_passed=False | failed_checks=['Signal action is HOLD.'] | raw_reason=No clear high-probability setup identified. | lot_size=0.0 | atr=0.000000 | spread_pips=0.0000 | rr=0.0000
2026-07-10 01:01:59,163 | INFO | HOLD_DECISION | pair=XAUUSD | raw_action=HOLD | final_conf=0.1576 | min_conf=0.70 | validation_passed=False | failed_checks=['Signal action is HOLD.'] | raw_reason=No clear high-probability setup identified. | lot_size=0.0 | atr=0.000000 | spread_pips=0.0000 | rr=0.0000
2026-07-10 01:01:59,196 | INFO | HOLD_DECISION | pair=USDCAD | raw_action=HOLD | final_conf=0.2014 | min_conf=0.70 | validation_passed=False | failed_checks=['Signal action is HOLD.'] | raw_reason=No clear high-probability setup identified. | lot_size=0.0 | atr=0.000000 | spread_pips=0.0000 | rr=0.0000
2026-07-10 01:01:59,198 | INFO | HOLD_DECISION | pair=NZDUSD | raw_action=HOLD | final_conf=0.1663 | min_conf=0.70 | validation_passed=False | failed_checks=['Signal action is HOLD.'] | raw_reason=No clear high-probability setup identified. | lot_size=0.0 | atr=0.000000 | spread_pips=0.0000 | rr=0.0000
2026-07-10 01:01:59,200 | INFO | HOLD_DECISION | pair=BTCEUR | raw_action=HOLD | final_conf=0.1477 | min_conf=0.70 | validation_passed=False | failed_checks=['Signal action is HOLD.'] | raw_reason=No clear high-probability setup identified. | lot_size=0.0 | atr=0.000000 | spread_pips=0.0000 | rr=0.0000
2026-07-10 01:01:59,201 | INFO | HOLD_DECISION | pair=BTCUSD | raw_action=HOLD | final_conf=0.1501 | min_conf=0.70 | validation_passed=False | failed_checks=['Signal action is HOLD.'] | raw_reason=No clear high-probability setup identified. | lot_size=0.0 | atr=0.000000 | spread_pips=0.0000 | rr=0.0000
2026-07-10 01:01:59,203 | INFO | HOLD_DECISION | pair=USDCHF | raw_action=HOLD | final_conf=0.1856 | min_conf=0.70 | validation_passed=False | failed_checks=['Signal action is HOLD.'] | raw_reason=No clear high-probability setup identified. | lot_size=0.0 | atr=0.000000 | spread_pips=0.0000 | rr=0.0000
2026-07-10 01:01:59,263 | INFO | HOLD_DECISION | pair=AUDUSD | raw_action=HOLD | final_conf=0.1578 | min_conf=0.70 | validation_passed=False | failed_checks=['Signal action is HOLD.'] | raw_reason=No clear high-probability setup identified. | lot_size=0.0 | atr=0.000000 | spread_pips=0.0000 | rr=0.0000
2026-07-10 01:01:59,265 | INFO | HOLD_DECISION | pair=USDJPY | raw_action=HOLD | final_conf=0.2011 | min_conf=0.70 | validation_passed=False | failed_checks=['Signal action is HOLD.'] | raw_reason=No clear high-probability setup identified. | lot_size=0.0 | atr=0.000000 | spread_pips=0.0000 | rr=0.0000
2026-07-10 01:01:59,292 | INFO | HOLD_DECISION | pair=GBPUSD | raw_action=HOLD | final_conf=0.1562 | min_conf=0.70 | validation_passed=False | failed_checks=['Signal action is HOLD.'] | raw_reason=No clear high-probability setup identified. | lot_size=0.0 | atr=0.000000 | spread_pips=0.0000 | rr=0.0000
2026-07-10 01:03:12,425 | INFO | HOLD_DECISION | pair=BTCEUR | raw_action=HOLD | final_conf=0.1477 | min_conf=0.70 | validation_passed=False | failed_checks=['Signal action is HOLD.'] | raw_reason=No clear high-probability setup identified. | lot_size=0.0 | atr=0.000000 | spread_pips=0.0000 | rr=0.0000
2026-07-10 01:03:12,426 | INFO | HOLD_DECISION | pair=BTCUSD | raw_action=HOLD | final_conf=0.1501 | min_conf=0.70 | validation_passed=False | failed_checks=['Signal action is HOLD.'] | raw_reason=No clear high-probability setup identified. | lot_size=0.0 | atr=0.000000 | spread_pips=0.0000 | rr=0.0000
2026-07-10 01:03:12,534 | INFO | HOLD_DECISION | pair=XAUUSD | raw_action=HOLD | final_conf=0.1576 | min_conf=0.70 | validation_passed=False | failed_checks=['Signal action is HOLD.'] | raw_reason=No clear high-probability setup identified. | lot_size=0.0 | atr=0.000000 | spread_pips=0.0000 | rr=0.0000
2026-07-10 01:03:12,817 | INFO | HOLD_DECISION | pair=EURUSD | raw_action=HOLD | final_conf=0.1799 | min_conf=0.70 | validation_passed=False | failed_checks=['Signal action is HOLD.'] | raw_reason=No clear high-probability setup identified. | lot_size=0.0 | atr=0.000000 | spread_pips=0.0000 | rr=0.0000
2026-07-10 01:03:12,934 | INFO | HOLD_DECISION | pair=GBPUSD | raw_action=HOLD | final_conf=0.1562 | min_conf=0.70 | validation_passed=False | failed_checks=['Signal action is HOLD.'] | raw_reason=No clear high-probability setup identified. | lot_size=0.0 | atr=0.000000 | spread_pips=0.0000 | rr=0.0000
2026-07-10 01:03:13,052 | INFO | HOLD_DECISION | pair=USDJPY | raw_action=HOLD | final_conf=0.2011 | min_conf=0.70 | validation_passed=False | failed_checks=['Signal action is HOLD.'] | raw_reason=No clear high-probability setup identified. | lot_size=0.0 | atr=0.000000 | spread_pips=0.0000 | rr=0.0000
2026-07-10 01:03:13,337 | INFO | HOLD_DECISION | pair=USDCAD | raw_action=HOLD | final_conf=0.2014 | min_conf=0.70 | validation_passed=False | failed_checks=['Signal action is HOLD.'] | raw_reason=No clear high-probability setup identified. | lot_size=0.0 | atr=0.000000 | spread_pips=0.0000 | rr=0.0000
2026-07-10 01:03:13,338 | INFO | HOLD_DECISION | pair=AUDUSD | raw_action=HOLD | final_conf=0.1578 | min_conf=0.70 | validation_passed=False | failed_checks=['Signal action is HOLD.'] | raw_reason=No clear high-probability setup identified. | lot_size=0.0 | atr=0.000000 | spread_pips=0.0000 | rr=0.0000
2026-07-10 01:03:13,339 | INFO | HOLD_DECISION | pair=NZDUSD | raw_action=HOLD | final_conf=0.1663 | min_conf=0.70 | validation_passed=False | failed_checks=['Signal action is HOLD.'] | raw_reason=No clear high-probability setup identified. | lot_size=0.0 | atr=0.000000 | spread_pips=0.0000 | rr=0.0000
2026-07-10 01:03:13,340 | INFO | HOLD_DECISION | pair=USDCHF | raw_action=HOLD | final_conf=0.1856 | min_conf=0.70 | validation_passed=False | failed_checks=['Signal action is HOLD.'] | raw_reason=No clear high-probability setup identified. | lot_size=0.0 | atr=0.000000 | spread_pips=0.0000 | rr=0.0000
2026-07-10 01:03:22,446 | INFO | manual verification write
2026-07-10 01:03:28,034 | INFO | HOLD_DECISION | pair=EURUSD | raw_action=HOLD | final_conf=0.1799 | min_conf=0.70 | validation_passed=False | failed_checks=['Signal action is HOLD.'] | raw_reason=No clear high-probability setup identified. | lot_size=0.0 | atr=0.000000 | spread_pips=0.0000 | rr=0.0000
2026-07-10 01:03:28,035 | INFO | HOLD_DECISION | pair=USDCAD | raw_action=HOLD | final_conf=0.2014 | min_conf=0.70 | validation_passed=False | failed_checks=['Signal action is HOLD.'] | raw_reason=No clear high-probability setup identified. | lot_size=0.0 | atr=0.000000 | spread_pips=0.0000 | rr=0.0000
2026-07-10 01:03:28,037 | INFO | HOLD_DECISION | pair=NZDUSD | raw_action=HOLD | final_conf=0.1663 | min_conf=0.70 | validation_passed=False | failed_checks=['Signal action is HOLD.'] | raw_reason=No clear high-probability setup identified. | lot_size=0.0 | atr=0.000000 | spread_pips=0.0000 | rr=0.0000
2026-07-10 01:03:28,037 | INFO | HOLD_DECISION | pair=GBPUSD | raw_action=HOLD | final_conf=0.1562 | min_conf=0.70 | validation_passed=False | failed_checks=['Signal action is HOLD.'] | raw_reason=No clear high-probability setup identified. | lot_size=0.0 | atr=0.000000 | spread_pips=0.0000 | rr=0.0000
2026-07-10 01:03:28,038 | INFO | HOLD_DECISION | pair=AUDUSD | raw_action=HOLD | final_conf=0.1578 | min_conf=0.70 | validation_passed=False | failed_checks=['Signal action is HOLD.'] | raw_reason=No clear high-probability setup identified. | lot_size=0.0 | atr=0.000000 | spread_pips=0.0000 | rr=0.0000
2026-07-10 01:03:28,039 | INFO | HOLD_DECISION | pair=XAUUSD | raw_action=HOLD | final_conf=0.1576 | min_conf=0.70 | validation_passed=False | failed_checks=['Signal action is HOLD.'] | raw_reason=No clear high-probability setup identified. | lot_size=0.0 | atr=0.000000 | spread_pips=0.0000 | rr=0.0000
2026-07-10 01:03:28,040 | INFO | HOLD_DECISION | pair=USDCHF | raw_action=HOLD | final_conf=0.1856 | min_conf=0.70 | validation_passed=False | failed_checks=['Signal action is HOLD.'] | raw_reason=No clear high-probability setup identified. | lot_size=0.0 | atr=0.000000 | spread_pips=0.0000 | rr=0.0000
2026-07-10 01:03:28,041 | INFO | HOLD_DECISION | pair=USDJPY | raw_action=HOLD | final_conf=0.2011 | min_conf=0.70 | validation_passed=False | failed_checks=['Signal action is HOLD.'] | raw_reason=No clear high-probability setup identified. | lot_size=0.0 | atr=0.000000 | spread_pips=0.0000 | rr=0.0000
2026-07-10 01:03:28,054 | INFO | HOLD_DECISION | pair=BTCEUR | raw_action=HOLD | final_conf=0.1477 | min_conf=0.70 | validation_passed=False | failed_checks=['Signal action is HOLD.'] | raw_reason=No clear high-probability setup identified. | lot_size=0.0 | atr=0.000000 | spread_pips=0.0000 | rr=0.0000
2026-07-10 01:03:28,054 | INFO | HOLD_DECISION | pair=BTCUSD | raw_action=HOLD | final_conf=0.1501 | min_conf=0.70 | validation_passed=False | failed_checks=['Signal action is HOLD.'] | raw_reason=No clear high-probability setup identified. | lot_size=0.0 | atr=0.000000 | spread_pips=0.0000 | rr=0.0000
2026-07-10 01:03:53,308 | INFO | HOLD_DECISION | pair=USDJPY | raw_action=HOLD | final_conf=0.2011 | min_conf=0.70 | validation_passed=False | failed_checks=['Signal action is HOLD.'] | raw_reason=No clear high-probability setup identified. | lot_size=0.0 | atr=0.000000 | spread_pips=0.0000 | rr=0.0000
2026-07-10 01:03:53,309 | INFO | HOLD_DECISION | pair=NZDUSD | raw_action=HOLD | final_conf=0.1663 | min_conf=0.70 | validation_passed=False | failed_checks=['Signal action is HOLD.'] | raw_reason=No clear high-probability setup identified. | lot_size=0.0 | atr=0.000000 | spread_pips=0.0000 | rr=0.0000
2026-07-10 01:03:53,310 | INFO | HOLD_DECISION | pair=USDCHF | raw_action=HOLD | final_conf=0.1856 | min_conf=0.70 | validation_passed=False | failed_checks=['Signal action is HOLD.'] | raw_reason=No clear high-probability setup identified. | lot_size=0.0 | atr=0.000000 | spread_pips=0.0000 | rr=0.0000
2026-07-10 01:03:53,311 | INFO | HOLD_DECISION | pair=GBPUSD | raw_action=HOLD | final_conf=0.1562 | min_conf=0.70 | validation_passed=False | failed_checks=['Signal action is HOLD.'] | raw_reason=No clear high-probability setup identified. | lot_size=0.0 | atr=0.000000 | spread_pips=0.0000 | rr=0.0000
2026-07-10 01:03:53,312 | INFO | HOLD_DECISION | pair=BTCUSD | raw_action=HOLD | final_conf=0.1501 | min_conf=0.70 | validation_passed=False | failed_checks=['Signal action is HOLD.'] | raw_reason=No clear high-probability setup identified. | lot_size=0.0 | atr=0.000000 | spread_pips=0.0000 | rr=0.0000
2026-07-10 01:03:53,312 | INFO | HOLD_DECISION | pair=USDCAD | raw_action=HOLD | final_conf=0.2014 | min_conf=0.70 | validation_passed=False | failed_checks=['Signal action is HOLD.'] | raw_reason=No clear high-probability setup identified. | lot_size=0.0 | atr=0.000000 | spread_pips=0.0000 | rr=0.0000
2026-07-10 01:03:53,314 | INFO | HOLD_DECISION | pair=EURUSD | raw_action=HOLD | final_conf=0.1799 | min_conf=0.70 | validation_passed=False | failed_checks=['Signal action is HOLD.'] | raw_reason=No clear high-probability setup identified. | lot_size=0.0 | atr=0.000000 | spread_pips=0.0000 | rr=0.0000
2026-07-10 01:03:53,315 | INFO | HOLD_DECISION | pair=BTCEUR | raw_action=HOLD | final_conf=0.1477 | min_conf=0.70 | validation_passed=False | failed_checks=['Signal action is HOLD.'] | raw_reason=No clear high-probability setup identified. | lot_size=0.0 | atr=0.000000 | spread_pips=0.0000 | rr=0.0000
2026-07-10 01:03:53,316 | INFO | HOLD_DECISION | pair=AUDUSD | raw_action=HOLD | final_conf=0.1578 | min_conf=0.70 | validation_passed=False | failed_checks=['Signal action is HOLD.'] | raw_reason=No clear high-probability setup identified. | lot_size=0.0 | atr=0.000000 | spread_pips=0.0000 | rr=0.0000
2026-07-10 01:03:53,316 | INFO | HOLD_DECISION | pair=XAUUSD | raw_action=HOLD | final_conf=0.1576 | min_conf=0.70 | validation_passed=False | failed_checks=['Signal action is HOLD.'] | raw_reason=No clear high-probability setup identified. | lot_size=0.0 | atr=0.000000 | spread_pips=0.0000 | rr=0.0000
2026-07-10 01:05:06,044 | INFO | HOLD_DECISION | pair=XAUUSD | raw_action=HOLD | final_conf=0.1576 | min_conf=0.70 | validation_passed=False | failed_checks=['Signal action is HOLD.'] | raw_reason=No clear high-probability setup identified. | lot_size=0.0 | atr=0.000000 | spread_pips=0.0000 | rr=0.0000
2026-07-10 01:05:06,311 | INFO | HOLD_DECISION | pair=BTCEUR | raw_action=HOLD | final_conf=0.1477 | min_conf=0.70 | validation_passed=False | failed_checks=['Signal action is HOLD.'] | raw_reason=No clear high-probability setup identified. | lot_size=0.0 | atr=0.000000 | spread_pips=0.0000 | rr=0.0000
2026-07-10 01:05:06,313 | INFO | HOLD_DECISION | pair=BTCUSD | raw_action=HOLD | final_conf=0.1501 | min_conf=0.70 | validation_passed=False | failed_checks=['Signal action is HOLD.'] | raw_reason=No clear high-probability setup identified. | lot_size=0.0 | atr=0.000000 | spread_pips=0.0000 | rr=0.0000
2026-07-10 01:05:06,841 | INFO | HOLD_DECISION | pair=GBPUSD | raw_action=HOLD | final_conf=0.1562 | min_conf=0.70 | validation_passed=False | failed_checks=['Signal action is HOLD.'] | raw_reason=No clear high-probability setup identified. | lot_size=0.0 | atr=0.000000 | spread_pips=0.0000 | rr=0.0000
2026-07-10 01:05:06,931 | INFO | HOLD_DECISION | pair=USDJPY | raw_action=HOLD | final_conf=0.2011 | min_conf=0.70 | validation_passed=False | failed_checks=['Signal action is HOLD.'] | raw_reason=No clear high-probability setup identified. | lot_size=0.0 | atr=0.000000 | spread_pips=0.0000 | rr=0.0000
2026-07-10 01:05:07,145 | INFO | HOLD_DECISION | pair=NZDUSD | raw_action=HOLD | final_conf=0.1663 | min_conf=0.70 | validation_passed=False | failed_checks=['Signal action is HOLD.'] | raw_reason=No clear high-probability setup identified. | lot_size=0.0 | atr=0.000000 | spread_pips=0.0000 | rr=0.0000
2026-07-10 01:05:07,146 | INFO | HOLD_DECISION | pair=USDCAD | raw_action=HOLD | final_conf=0.2014 | min_conf=0.70 | validation_passed=False | failed_checks=['Signal action is HOLD.'] | raw_reason=No clear high-probability setup identified. | lot_size=0.0 | atr=0.000000 | spread_pips=0.0000 | rr=0.0000
2026-07-10 01:05:07,236 | INFO | HOLD_DECISION | pair=USDCHF | raw_action=HOLD | final_conf=0.1856 | min_conf=0.70 | validation_passed=False | failed_checks=['Signal action is HOLD.'] | raw_reason=No clear high-probability setup identified. | lot_size=0.0 | atr=0.000000 | spread_pips=0.0000 | rr=0.0000
2026-07-10 01:05:07,237 | INFO | HOLD_DECISION | pair=AUDUSD | raw_action=HOLD | final_conf=0.1578 | min_conf=0.70 | validation_passed=False | failed_checks=['Signal action is HOLD.'] | raw_reason=No clear high-probability setup identified. | lot_size=0.0 | atr=0.000000 | spread_pips=0.0000 | rr=0.0000
2026-07-10 01:05:07,238 | INFO | HOLD_DECISION | pair=EURUSD | raw_action=HOLD | final_conf=0.1799 | min_conf=0.70 | validation_passed=False | failed_checks=['Signal action is HOLD.'] | raw_reason=No clear high-probability setup identified. | lot_size=0.0 | atr=0.000000 | spread_pips=0.0000 | rr=0.0000
2026-07-10 01:05:21,603 | INFO | HOLD_DECISION | pair=BTCEUR | raw_action=HOLD | final_conf=0.1477 | min_conf=0.70 | validation_passed=False | failed_checks=['Signal action is HOLD.'] | raw_reason=No clear high-probability setup identified. | lot_size=0.0 | atr=0.000000 | spread_pips=0.0000 | rr=0.0000
2026-07-10 01:05:21,605 | INFO | HOLD_DECISION | pair=EURUSD | raw_action=HOLD | final_conf=0.1799 | min_conf=0.70 | validation_passed=False | failed_checks=['Signal action is HOLD.'] | raw_reason=No clear high-probability setup identified. | lot_size=0.0 | atr=0.000000 | spread_pips=0.0000 | rr=0.0000
2026-07-10 01:05:21,606 | INFO | HOLD_DECISION | pair=USDJPY | raw_action=HOLD | final_conf=0.2011 | min_conf=0.70 | validation_passed=False | failed_checks=['Signal action is HOLD.'] | raw_reason=No clear high-probability setup identified. | lot_size=0.0 | atr=0.000000 | spread_pips=0.0000 | rr=0.0000
2026-07-10 01:05:21,607 | INFO | HOLD_DECISION | pair=GBPUSD | raw_action=HOLD | final_conf=0.1562 | min_conf=0.70 | validation_passed=False | failed_checks=['Signal action is HOLD.'] | raw_reason=No clear high-probability setup identified. | lot_size=0.0 | atr=0.000000 | spread_pips=0.0000 | rr=0.0000
2026-07-10 01:05:21,608 | INFO | HOLD_DECISION | pair=NZDUSD | raw_action=HOLD | final_conf=0.1663 | min_conf=0.70 | validation_passed=False | failed_checks=['Signal action is HOLD.'] | raw_reason=No clear high-probability setup identified. | lot_size=0.0 | atr=0.000000 | spread_pips=0.0000 | rr=0.0000
2026-07-10 01:05:21,609 | INFO | HOLD_DECISION | pair=USDCHF | raw_action=HOLD | final_conf=0.1856 | min_conf=0.70 | validation_passed=False | failed_checks=['Signal action is HOLD.'] | raw_reason=No clear high-probability setup identified. | lot_size=0.0 | atr=0.000000 | spread_pips=0.0000 | rr=0.0000
2026-07-10 01:05:21,610 | INFO | HOLD_DECISION | pair=AUDUSD | raw_action=HOLD | final_conf=0.1578 | min_conf=0.70 | validation_passed=False | failed_checks=['Signal action is HOLD.'] | raw_reason=No clear high-probability setup identified. | lot_size=0.0 | atr=0.000000 | spread_pips=0.0000 | rr=0.0000
2026-07-10 01:05:21,611 | INFO | HOLD_DECISION | pair=BTCUSD | raw_action=HOLD | final_conf=0.1501 | min_conf=0.70 | validation_passed=False | failed_checks=['Signal action is HOLD.'] | raw_reason=No clear high-probability setup identified. | lot_size=0.0 | atr=0.000000 | spread_pips=0.0000 | rr=0.0000
2026-07-10 01:05:21,612 | INFO | HOLD_DECISION | pair=USDCAD | raw_action=HOLD | final_conf=0.2014 | min_conf=0.70 | validation_passed=False | failed_checks=['Signal action is HOLD.'] | raw_reason=No clear high-probability setup identified. | lot_size=0.0 | atr=0.000000 | spread_pips=0.0000 | rr=0.0000
2026-07-10 01:05:38,053 | INFO | HOLD_DECISION | pair=NZDUSD | raw_action=HOLD | final_conf=0.1663 | min_conf=0.70 | validation_passed=False | failed_checks=['Signal action is HOLD.'] | raw_reason=No clear high-probability setup identified. | lot_size=0.0 | atr=0.000000 | spread_pips=0.0000 | rr=0.0000
2026-07-10 01:05:38,054 | INFO | HOLD_DECISION | pair=EURUSD | raw_action=HOLD | final_conf=0.1799 | min_conf=0.70 | validation_passed=False | failed_checks=['Signal action is HOLD.'] | raw_reason=No clear high-probability setup identified. | lot_size=0.0 | atr=0.000000 | spread_pips=0.0000 | rr=0.0000
2026-07-10 01:05:38,055 | INFO | HOLD_DECISION | pair=AUDUSD | raw_action=HOLD | final_conf=0.1578 | min_conf=0.70 | validation_passed=False | failed_checks=['Signal action is HOLD.'] | raw_reason=No clear high-probability setup identified. | lot_size=0.0 | atr=0.000000 | spread_pips=0.0000 | rr=0.0000
2026-07-10 01:05:38,056 | INFO | HOLD_DECISION | pair=BTCUSD | raw_action=HOLD | final_conf=0.1501 | min_conf=0.70 | validation_passed=False | failed_checks=['Signal action is HOLD.'] | raw_reason=No clear high-probability setup identified. | lot_size=0.0 | atr=0.000000 | spread_pips=0.0000 | rr=0.0000
